HLA class I histocompatibility antigen, B-14 alpha chain
HLA class I histocompatibility antigen, B-41 alpha chain
HLA class I histocompatibility antigen, B-45 alpha chain
HLA class I histocompatibility antigen, B-48 alpha chain
HLA class I histocompatibility antigen, B-49 alpha chain
HLA class I histocompatibility antigen, B-51 alpha chain
HLA class I histocompatibility antigen, B-55 alpha chain
HLA class I histocompatibility antigen, B-57 alpha chain
HLA class I histocompatibility antigen, B-59 alpha chain
HLA class I histocompatibility antigen, B-73 alpha chain
HLA class I histocompatibility antigen, Cw-14 alpha chain
HLA class I histocompatibility antigen, Cw-12 alpha chain
14-3-3 protein beta/alpha
HLA class I histocompatibility antigen, A-1 alpha chain
HLA class I histocompatibility antigen, A-3 alpha chain
HLA class I histocompatibility antigen, A-23 alpha chain
HLA class I histocompatibility antigen, A-24 alpha chain
HLA class I histocompatibility antigen, A-29 alpha chain
HLA class I histocompatibility antigen, A-31 alpha chain
HLA class I histocompatibility antigen, A-34 alpha chain
HLA class I histocompatibility antigen, B-47 alpha chain
HLA class I histocompatibility antigen, B-50 alpha chain
HLA class I histocompatibility antigen, B-52 alpha chain
HLA class I histocompatibility antigen, B-54 alpha chain
HLA class I histocompatibility antigen, B-78 alpha chain
HLA class I histocompatibility antigen, Cw-1 alpha chain
HLA class I histocompatibility antigen, Cw-4 alpha chain
HLA class I histocompatibility antigen, Cw-7 alpha chain
HLA class I histocompatibility antigen, Cw-16 alpha chain
HLA class I histocompatibility antigen, A-26 alpha chain
HLA class I histocompatibility antigen, A-30 alpha chain
HLA class I histocompatibility antigen, A-32 alpha chain
HLA class I histocompatibility antigen, A-68 alpha chain
HLA class I histocompatibility antigen, B-7 alpha chain
HLA class I histocompatibility antigen, B-13 alpha chain
HLA class I histocompatibility antigen, B-27 alpha chain
HLA class I histocompatibility antigen, B-37 alpha chain
HLA class I histocompatibility antigen, B-40 alpha chain
HLA class I histocompatibility antigen, B-44 alpha chain
HLA class I histocompatibility antigen, B-81 alpha chain
Protein A36
Protein C4
14-3-3 protein epsilon
HLA class I histocompatibility antigen, A-2 alpha chain
HLA class I histocompatibility antigen, A-25 alpha chain
HLA class I histocompatibility antigen, A-33 alpha chain
HLA class I histocompatibility antigen, A-66 alpha chain
HLA class I histocompatibility antigen, A-69 alpha chain
HLA class I histocompatibility antigen, B-18 alpha chain
HLA class I histocompatibility antigen, B-35 alpha chain
HLA class I histocompatibility antigen, B-39 alpha chain
HLA class I histocompatibility antigen, B-42 alpha chain
HLA class I histocompatibility antigen, Cw-5 alpha chain
HLA class I histocompatibility antigen, Cw-6 alpha chain
HLA class I histocompatibility antigen, Cw-17 alpha chain
Acyl-coenzyme A thioesterase 8
HLA class I histocompatibility antigen, A-36 alpha chain
HLA class I histocompatibility antigen, A-80 alpha chain
HLA class I histocompatibility antigen, Cw-2 alpha chain
HLA class I histocompatibility antigen, Cw-3 alpha chain
HLA class I histocompatibility antigen, Cw-8 alpha chain
HLA class I histocompatibility antigen, Cw-15 alpha chain
Abl interactor 1
HLA class I histocompatibility antigen, A-11 alpha chain
HLA class I histocompatibility antigen, A-43 alpha chain
HLA class I histocompatibility antigen, A-74 alpha chain
HLA class I histocompatibility antigen, B-8 alpha chain
HLA class I histocompatibility antigen, B-15 alpha chain
HLA class I histocompatibility antigen, B-38 alpha chain
HLA class I histocompatibility antigen, B-46 alpha chain
HLA class I histocompatibility antigen, B-53 alpha chain
HLA class I histocompatibility antigen, B-56 alpha chain
HLA class I histocompatibility antigen, B-58 alpha chain
HLA class I histocompatibility antigen, B-67 alpha chain
HLA class I histocompatibility antigen, B-82 alpha chain
HLA class I histocompatibility antigen, Cw-18 alpha chain
Protein At-4/1
Abl interactor 2
Protein AC4
ATP-binding cassette sub-family E member 1
S-adenosyl-L-methionine hydrolase
ADP/ATP translocase 3
Adenosine kinase 2
Adenosine kinase 1
AKT kinase-transforming protein
Avian agnoprotein 2b
ADP/ATP translocase 2
Protein argonaute-2
Protein AMBP
AP-1 complex subunit gamma-1
AP-2 complex subunit alpha-1
ADP/ATP translocase 1
Squirrel monkey agnoprotein
Alkaline nuclease
AP-1 complex subunit mu-1
AP-2 complex subunit mu
AP-1 complex subunit gamma-like 2
AP-2 complex subunit alpha-2
AP-2 complex subunit beta
AP-1 complex subunit beta-1
AP-1 complex subunit mu-2
Mono-ADP-ribosyltransferase C3
Protein arginine N-methyltransferase 6
AP-1 complex subunit sigma-1A
AP-1 complex subunit sigma-2
ADP-ribosylation factor 1
Ankyrin repeat domain-containing protein 17
AP-1 complex subunit sigma-3
AP-2 complex subunit sigma
Anti-CRISPR protein
Apolipoprotein A-II
Cyclic AMP-dependent transcription factor ATF-7
Anti-restriction endonuclease
27 kDa A-type inclusion protein
Beta-2-microglobulin
Beclin-1
Protein Bel-2
Protein Bel-1
Myc box-dependent-interacting protein 1
Protein Bet
Protein bicaudal D homolog 1
Brefeldin A-inhibited guanine nucleotide-exchange protein 5
Immunity protein
BCL2/adenovirus E1B 19 kDa protein-interacting protein 3
Apoptosis regulator BAX
Barrier-to-autointegration factor
Ent-sandaracopimaradiene 3-hydroxylase
Protein C2
BCL2/adenovirus E1B 19 kDa protein-interacting protein 3-like
Mitotic checkpoint serine/threonine-protein kinase BUB1
Calcium signal-modulating cyclophilin ligand
Capsid protein
Bromodomain-containing protein 4
Complement component 1 Q subcomponent-binding protein, mitochondrial
Chromobox protein homolog 5
Coiled-coil domain-containing protein 86
Cyclin-T1
C-C motif chemokine 1
Cyclin-H
Cyclin-T2
C-C chemokine receptor type 2
Caspase-8
T-cell surface glycoprotein CD8 beta chain
Histone-arginine methyltransferase CARM1
Antigen-presenting glycoprotein CD1d
T-cell surface glycoprotein CD3 zeta chain
T-cell-specific surface glycoprotein CD28
Carcinoembryonic antigen-related cell adhesion molecule 2
Cyclin-A2
Centromere protein U
C-C chemokine receptor type 3
Cyclin-dependent kinase 9
Cyclin-dependent kinase 13
Charged multivesicular body protein 2b
Cyclin-dependent kinase 7
Histone H3-like centromeric protein A
CASP8 and FADD-like apoptosis regulator
Charged multivesicular body protein 4a
Charged multivesicular body protein 6
Protein C9orf69
Cell cycle link protein
Charged multivesicular body protein 2a
Charged multivesicular body protein 4b
Charged multivesicular body protein 7
Charged multivesicular body protein 3
Charged multivesicular body protein 4c
Charged multivesicular body protein 5
Protein CHROMATIN REMODELING 25
UPF0568 protein C14orf166
Claudin-6
Claudin-9
Coatomer subunit beta
Cyclic AMP-responsive element-binding protein 3
cAMP-responsive element-binding protein-like 2
Cullin-4A
Cullin-5
Cullin-7
Cyclic AMP-responsive element-binding protein 1
Cysteine-rich repeat secretory protein 15
Cysteine-rich repeat secretory protein 39
Cullin-1
Cysteine-rich repeat secretory protein 60
CREB-regulated transcription coactivator 2
CREB-regulated transcription coactivator 3
Cysteine-rich repeat secretory protein 12
Cysteine-rich repeat secretory protein 2
CREB-regulated transcription coactivator 1
COP9 signalosome complex subunit 6
CX3C chemokine receptor 1
RNA polymerase II subunit A C-terminal domain phosphatase
Protein ORF5
Cullin-2
C-X-C chemokine receptor type 4
Death domain-associated protein 6
Protein VP5
Cytoplasmic dynein 1 light intermediate chain 1
Defense against restriction protein A
Cytoplasmic dynein 1 intermediate chain 2
DNA damage-binding protein 1
Probable ATP-dependent DNA helicase DDX11
ATP-dependent RNA helicase DDX3X
DnaJ homolog subfamily C member 14
DNA adenine methylase
Antitoxin Dmd
DnaJ protein P58IPK homolog
Disks large homolog 1
Dedicator of cytokinesis protein 2
Double-stranded RNA-binding protein 4
Microtubule-associated protein RP/EB family member 1A
DNA ligase 4
DNA polymerase alpha catalytic subunit
HLA class II histocompatibility antigen, DR alpha chain
Dynein light chain 1, cytoplasmic
Epstein-Barr nuclear antigen 4
Epstein-Barr nuclear antigen leader protein
Transcription factor E4F1
Transcription elongation factor B polypeptide 3
E4-ORF1
Early 4 ORF1 protein
Early 4 ORF4 protein
Epstein-Barr nuclear antigen 3
Engulfment and cell motility protein 1
Transcription elongation factor B polypeptide 2
RNA polymerase II elongation factor ELL
TFIIH basal transcription factor complex helicase XPB subunit
TFIIH basal transcription factor complex helicase XPD subunit
Transcription elongation factor B polypeptide 1
36 kDa major membrane protein F5
Endodeoxyribonuclease 1
Ephrin type-A receptor 2
Protein FAM111A
Eukaryotic peptide chain release factor subunit 1
Fibulin-1
F-box/WD repeat-containing protein 7
FAS-associated death domain protein
F-box/WD repeat-containing protein 1A
F-box/LRR-repeat protein 2
Low affinity immunoglobulin gamma Fc region receptor II-b
Peptidyl-prolyl cis-trans isomerase FKBP8
Farnesyl pyrophosphate synthase
Growth arrest and DNA damage-inducible proteins-interacting protein 1
Protein GAM-1
Golgi-specific brefeldin A-resistance guanine nucleotide exchange factor 1
Probable ganciclovir kinase
Envelope glycoprotein C homolog
Putative DNA ends protecting protein gam
Tyrosine-protein kinase Fyn
Host-nuclease inhibitor protein gam
Guanine nucleotide-binding protein subunit beta-2-like 1
Gene 0.4 protein
Inhibitor of dGTPase
Growth factor receptor-bound protein 2
Histone H2AX
Serine/threonine-protein kinase GRIK1
Serine/threonine-protein kinase GRIK2
HTLV-1 basic zipper factor
DNA beta-glucosyltransferase
DNA alpha-glucosyltransferase
Host cell factor 2
Tyrosine-protein kinase HCK
Histone deacetylase 1
Hemopexin
High mobility group protein HMG-I/HMG-Y
Heat shock cognate 71 kDa protein
Heat shock 70 kDa protein 6, chloroplastic
Heterogeneous nuclear ribonucleoprotein K
Heterogeneous nuclear ribonucleoprotein Q
Oxidoreductase HTATIP2
mRNA export factor ICP27 homolog
Immediate-early protein 2
Eukaryotic translation initiation factor 4 gamma 1
Eukaryotic initiation factor 4A-I
Eukaryotic translation initiation factor 4E
Eukaryotic translation initiation factor 4 gamma 3
Pro-interleukin-16
NF-kappa-B inhibitor alpha
Cytokine receptor common subunit gamma
mRNA export factor
IgE-binding protein
Importin-7
Eukaryotic initiation factor 4A-II
Eukaryotic translation initiation factor 4H
Probable membrane-associated 30 kDa protein, chloroplastic
Ubiquitin-like protein ISG15
Interleukin-2 receptor subunit beta
Inhibitor of toxin/antitoxin system
Interleukin-6 receptor subunit beta
Junctional adhesion molecule A
Importin-5
Interferon regulatory factor 3
Importin subunit alpha-1a
Importin subunit alpha-5
Keratin, type II cytoskeletal 7
Protein K15
Keratin, type II cytoskeletal 8
Histone acetyltransferase KAT5
BTB/POZ domain-containing protein KCTD5
Histone acetyltransferase KAT2B
SNF1-related protein kinase catalytic subunit alpha KIN11
Polynucleotide kinase
Keratin, type I cytoskeletal 19
Histone acetyltransferase KAT2A
Kinesin-like protein KCA1
Keratin, type I cytoskeletal 18
DNA/RNA-binding protein KIN17
Kinesin light chain 1
Shaggy-related protein kinase eta
Tyrosine-protein kinase SYK
Tyrosine-protein kinase Lck
Multifunctional non-homologous end joining DNA repair protein LigD
Lytic conversion lipoprotein
Multifunctional non-homologous end joining protein LigD
Membrane-associated guanylate kinase, WW and PDZ domain-containing protein 3
Tyrosine-protein kinase Lyn
mRNA-capping enzyme
Activating transcription factor 7-interacting protein 1
Mitogen-activated protein kinase kinase kinase 5
Membrane cofactor protein
Mitochondrial antiviral-signaling protein
mRNA cap guanine-N7 methyltransferase
Lactadherin
MyoD family inhibitor domain-containing protein
DNA replication licensing factor MCM2
MHC class I polypeptide-related sequence B
Msx2-interacting protein
MHC class I polypeptide-related sequence A
Mitogen-activated protein kinase 3
M-phase inducer phosphatase 3
Mitogen-activated protein kinase 1
Cell surface glycoprotein CD200 receptor 1
Multiple PDZ domain protein
Adenine modification enzyme mom
Double-strand break repair protein MRE11A
DNA mismatch repair protein Msh6
Middle T antigen
Nascent polypeptide-associated complex subunit alpha
Nucleoprotein
Negative elongation factor A
Negative elongation factor E
NKG2D ligand 3
NAC domain-containing protein 91
Nef-associated protein 1
Nuclear cap-binding protein subunit 2
Protein NSP-INTERACTING KINASE 2
Nuclear cap-binding protein subunit 1
NLR family member X1
Negative elongation factor B
Negative elongation factor C/D
Protein NSP-INTERACTING KINASE 1
Glycylpeptide N-tetradecanoyltransferase 1
NF-kappa-B essential modulator
Non-structural glycoprotein 4
Protein NSP-INTERACTING KINASE 3
Nucleophosmin
Non-structural protein NS-S
Influenza virus NS1A-binding protein
Nuclear RNA export factor 1
Acetyltransferase NSI
Protein ORF3
Protein P1
Overcome classical restriction gp0.3
Suppressor of silencing P0
Polyprotein P2A
Phosphoprotein p30
Cellular tumor antigen p53
Phosphatidylinositol 3-kinase regulatory subunit alpha
OX-2 membrane glycoprotein homolog
Genome-linked protein precursor
Phosphofurin acidic cluster sorting protein 1
Phosphofurin acidic cluster sorting protein 2
Polyadenylate-binding protein 8
Minor outer capsid protein P2
Serine/threonine-protein kinase PAK 2
Programmed cell death 6-interacting protein
Phosducin-like protein 3
Plasma membrane-associated cation-binding protein 1
Tumor protein p73
Polyadenylate-binding protein 4
PDZ domain-containing protein 8
Proteasomal ATPase-associated factor 1
Polyadenylate-binding protein 2
Partitioning defective 6 homolog alpha
Paired immunoglobulin-like type 2 receptor alpha
1-phosphatidylinositol 4,5-bisphosphate phosphodiesterase gamma-1
26S protease regulatory subunit 8
26S protease regulatory subunit 6B
Proteasome subunit alpha type-3
Proteasome subunit alpha type-7
Proteasome subunit beta type-3
26S protease regulatory subunit 4
26S protease regulatory subunit 6A
Proteasome subunit alpha type-6
Proteasome subunit alpha type-2
Proteasome subunit alpha type-5
Proteasome subunit beta type-1
Proteasome subunit beta type-4
26S proteasome non-ATPase regulatory subunit 10
26S proteasome non-ATPase regulatory subunit 2
26S proteasome non-ATPase regulatory subunit 6
DNA primase UL70
Proteasome subunit alpha type-4
Proteasome subunit alpha type-7-like
Proteasome subunit beta type-10
Proteasome activator complex subunit 2
26S protease regulatory subunit 10B
26S protease regulatory subunit 7
Proteasome subunit beta type-2
26S proteasome non-ATPase regulatory subunit 13
26S proteasome non-ATPase regulatory subunit 3
Proteasome subunit alpha type-1
26S proteasome non-ATPase regulatory subunit 11
26S proteasome non-ATPase regulatory subunit 8
Proteasome activator complex subunit 3
Proteasome inhibitor PI31 subunit
Proteasome subunit beta type-11
Proteasome subunit beta type-5
Proteasome subunit beta type-6
Proteasome subunit beta type-8
26S proteasome non-ATPase regulatory subunit 4
26S proteasome non-ATPase regulatory subunit 7
Proteasome activator complex subunit 1
Proteasome subunit beta type-7
Proteasome subunit beta type-9
26S proteasome non-ATPase regulatory subunit 12
26S proteasome non-ATPase regulatory subunit 14
26S proteasome non-ATPase regulatory subunit 5
26S proteasome non-ATPase regulatory subunit 9
Proteasome activator complex subunit 4
Putative serine protease
Poliovirus receptor homolog
PC4 and SFRS1-interacting protein
Ras-related C3 botulinum toxin substrate 1
Ras-related protein Ral-A
GTP-binding nuclear protein Ran
DNA repair protein RAD50
Restriction inhibitor protein ral
Retinoblastoma-associated protein
Ran-specific GTPase-activating protein
Retinoblastoma-related protein 1
Inactive poly  polymerase RCD1
Receptor-like protein kinase 2
Replicase polyprotein P2AB
Ras-related protein Rab-6A
Regulator of chromosome condensation
Replication enhancer protein
Protein Rev
Putative RNA-binding protein 15B
Replication-associated protein
Retinoblastoma-like protein 1
Protein Rex
REST corepressor 1
UV excision repair protein RAD23 homolog A
Repressor protein c
Receptor-interacting serine/threonine-protein kinase 1
Repressor c protein
Ribonucleoside-diphosphate reductase large subunit
DEAD-box ATP-dependent RNA helicase 8
Rab11 family-interacting protein 4
Receptor-interacting serine/threonine-protein kinase 3
DNA-directed RNA polymerase II subunit RPB3
DNA-directed RNA polymerase II subunit RPB11-a
E3 ubiquitin-protein ligase RNF216
DNA-directed RNA polymerases I, II, and III subunit RPABC1
Macrophage-stimulating protein receptor
DNA-directed RNA polymerases I, II, and III subunit RPABC3
DNA-directed RNA polymerase II subunit RPB4
Heterogeneous nuclear ribonucleoprotein A1
RNA polymerase sigma factor
DNA-directed RNA polymerase II subunit RPB1
DNA-directed RNA polymerase II subunit RPB2
DNA-directed RNA polymerase II subunit RPB7
DNA-directed RNA polymerases I, II, and III subunit RPABC2
Radical S-adenosyl methionine domain-containing protein 2
Replication and transcription activator
DNA-binding protein SATB1
Reticulon-3
Sodium-dependent phosphate transporter 2
Protein SET
Septin-6
SHC-transforming protein 1
SKP1-like protein 1B
Signaling lymphocytic activation molecule
Serine incorporator 5
S-phase kinase-associated protein 1
Staphylococcal nuclease domain-containing protein 1
Small glutamine-rich tetratricopeptide repeat-containing protein alpha
Splicing factor 3B subunit 2
Nuclear autoantigen Sp-100
Transcription factor Sp1
SKP1-like protein 1A
FACT complex subunit SPT16
Transcription elongation factor SPT5
Transcription elongation factor SPT6
SRSF protein kinase 1
SNARE-associated protein Snapin
Proto-oncogene tyrosine-protein kinase Src
Small t antigen
Protein spackle
Signal transducer and activator of transcription 3
Saimiri transformation-associated protein
Helicase SRCAP
Signal transducer and activator of transcription 1-alpha/beta
T4 Suppressor of prr
FACT complex subunit SSRP1
Small ubiquitin-related modifier 1
Lysine--tRNA ligase
Synaptotagmin-1
Transcription initiation factor TFIID subunit 12
Transcription initiation factor TFIID subunit 5
Transcription initiation factor IIE subunit beta
Protein Tat
Transcription initiation factor IIA subunit 2
General transcription factor IIF subunit 1
Transcription initiation factor TFIID subunit 1
Transcription initiation factor TFIID subunit 9B
General transcription factor IIE subunit 1
Transcription initiation factor TFIID subunit 6
TATA-box-binding protein
Transferrin receptor protein 1
Transcription initiation factor TFIID subunit 9
General transcription factor IIF subunit 2
Transcription initiation factor TFIID subunit 13
Transcription initiation factor TFIID subunit 1-like
Transcription initiation factor TFIID subunit 4B
Transcription initiation factor TFIID subunit 10
Transcription initiation factor TFIID subunit 4
Transcription factor p65
Acyl-coenzyme A thioesterase THEM4
Transcription initiation factor IIA subunit 1
General transcription factor IIH subunit 1
General transcription factor IIH subunit 3
Serine/threonine-protein kinase TBK1
Thioredoxin-1
Protein tio
General transcription factor IIH subunit 4
Tyrosine-protein kinase-interacting protein
Talin-1
Transportin-1
DNA topoisomerase 1
General transcription factor IIH subunit 5
Tumor necrosis factor receptor superfamily member 1A
Tumor necrosis factor receptor superfamily member 3
Transcriptional activator protein
Tyrosine protein kinase-interacting protein
Translocating chain-associated membrane protein 1
Tuberin
SUMO-conjugating enzyme UBC9
Protein UL138
Tetraspanin-7
Ubiquitin carboxyl-terminal hydrolase 7
Uridine-cytidine kinase-like 1
Protein UL136
Protein UL78
Ubiquitin-protein ligase E3A
Ubinuclein-1
Phosphotransferase UL97 homolog
Uracil-DNA glycosylase
Protein VAC14 homolog
Vesicle-associated protein 2-2
Vascular cell adhesion protein 1
Regulatory protein E2
Probable protein E3
Protein US2
Protein E7
Protein H339R
Pro-vaccinia growth factor
Probable host range protein 2-3
Vimentin
Viral-enhancing factor
Probable host range protein 2-1
Vesicle-associated protein 1-1
Pro-variola growth factor
Protein VP3
Outer capsid glycoprotein VP7
V-type proton ATPase subunit H
Vascular endothelial growth factor receptor 2
Early protein GP1C
Probable host range protein 2
Wiskott-Aldrich syndrome protein family member 2
Early protein GP1
Viral IRF4-like protein
Capsid protein VP26 homolog
Protein VPRBP
Viral Lymphotactin
Wings apart-like protein homolog
V-type proton ATPase 16 kDa proteolipid subunit
Probable host range protein 2-2
WD repeat-containing protein 48
DNA repair protein XRCC4
Capsid protein VP26
Exportin-1
X-ray repair cross-complementing protein 6
Protein Vpu
X-ray repair cross-complementing protein 5
Serine/threonine-protein kinase VRK2
Vacuolar protein sorting-associated protein VTA1 homolog
Z-DNA-binding protein 1
Zinc finger CCCH domain-containing protein 7B
