Armadillo repeat-containing kinesin-like protein 2
Actin-related protein 10
Armadillo repeat-containing kinesin-like protein 1
Armadillo repeat-containing kinesin-like protein 3
Kinesin-4
Protein CASC1
Carboxy-terminal kinesin 2
Dynein heavy chain 10, axonemal
Dynein heavy chain 17, axonemal
Dynein heavy chain domain-containing protein 1
Dynein heavy chain 3, axonemal
Dynein heavy chain 14, axonemal
Dynein heavy chain 8, axonemal
Dynein heavy chain-like protein MAL7P1.162
Dynein heavy chain, cytoplasmic
Dynein heavy chain 12, axonemal
Dynein heavy chain 6, axonemal
Diatom spindle kinesin-1
125 kDa kinesin-related protein
Probable 125 kDa kinesin-related protein
Kinesin heavy chain isoform 5C
Kinesin-like protein KIF6
Kinesin heavy chain
Kinesin-like protein KIF21B
Kinesin-II 95 kDa subunit
Kinectin
Kinesin-like protein GA13060
Kinesin-like protein KIF12
Kinesin-like protein klp-3
Kinesin-II 85 kDa subunit
Kinesin-like protein KIFC2
Kinesin-like protein KIF21A
Kinesin-like protein KIF3C
Kinesin-like protein K39
