14-3-3 protein beta/alpha
Akirin-2
Protein ALWAYS EARLY 1
Protein ALWAYS EARLY 2
Protein ALWAYS EARLY 3
AT-rich interactive domain-containing protein 4A
Class E basic helix-loop-helix protein 41
Protein ripply2.2
Nuclear nucleic acid-binding protein C1D
Chromobox protein homolog 5
G1/S-specific cyclin-D1
DNA endonuclease RBBP8
Coronin-2A
General transcriptional corepressor CYC8
Probable ATP-dependent RNA helicase DDX20
DEP domain-containing protein 1A
Elongator complex protein 2
Neutrophil elastase
ETS translocation variant 3
G protein pathway suppressor 2
Histone deacetylase 3
Histone deacetylase 1
Hepatoma-derived growth factor
Histone deacetylase 2
Juxtaposed with another zinc finger protein 1
Protein lin-37 homolog
Probable histone-binding protein lin-53
Protein lin-9 homolog
Possible lysine-specific histone demethylase 1
Mesoderm induction early response protein 1
Msx2-interacting protein
Protein CBFA2T1
NEDD4-binding protein 2-like 2
Negative elongation factor B
Negative elongation factor A
Negative elongation factor E
Nuclear receptor corepressor 1
Negative elongation factor D
REST corepressor 1
RE1-silencing transcription factor
Paired amphipathic helix protein Sin3a
SWI/SNF-related matrix-associated actin-dependent regulator of chromatin subfamily E member 1
SWI/SNF complex subunit SMARCC2
Transcription factor Sp3
F-box-like/WD repeat-containing protein TBL1X
T-box transcription factor TBX6
Transcription factor AP-4
Transducin-like enhancer protein 4
Protein tramtrack, alpha isoform
Transcriptional repressor tup11
Protein tramtrack, beta isoform
General transcriptional corepressor TUP1
Transcriptional repressor TUP1
Zinc finger and BTB domain-containing protein 16
Zinc finger protein 350
Zinc finger protein 224
