Peroxisomal acyl-coenzyme A oxidase 2
Acyl-coenzyme A thioesterase 8
Peroxisomal acyl-coenzyme A oxidase 3
Alpha-methylacyl-CoA racemase
Alpha-galactosidase A
Angiopoietin-related protein 2
Allatostatin-A
Apolipoprotein L2
Apolipoprotein F
Artemin
Beta-glucuronidase
Butyrophilin-like protein 2
Cell adhesion molecule 4
Complement C1q tumor necrosis factor-related protein 2
Cell adhesion molecule 3
Calmodulin
C-C motif chemokine 17
T-cell surface antigen CD2
CD226 antigen
Cardiotrophin-like cytokine factor 1
Protein canopy homolog 3
Cardio acceleratory peptide 2b
Cytotoxic and regulatory T-cell molecule
Delta(3,5)-Delta(2,4)-dienoyl-CoA isomerase, mitochondrial
Peroxisomal bifunctional enzyme
Enoyl-CoA delta isomerase 2, mitochondrial
GDNF family receptor alpha-1
Glutamate receptor-interacting protein 1
Glutathione S-transferase kappa 1
H-2 class I histocompatibility antigen, K-K alpha chain
H-2 class I histocompatibility antigen, D-B alpha chain
H-2 class I histocompatibility antigen, alpha chain
Class I histocompatibility antigen, Non-RT1.A alpha-1 chain
RT1 class I histocompatibility antigen, AA alpha chain
H-2 class I histocompatibility antigen, Q7 alpha chain
H-2 class I histocompatibility antigen, L-D alpha chain
H-2 class I histocompatibility antigen, K-W28 alpha chain
H-2 class I histocompatibility antigen, K-B alpha chain
H-2 class I histocompatibility antigen, K-Q alpha chain
H-2 class I histocompatibility antigen, Q10 alpha chain
H-2 class I histocompatibility antigen, K-D alpha chain
H-2 class I histocompatibility antigen, D-D alpha chain
Patr class I histocompatibility antigen, alpha chain E
Hydroxyproline-rich systemin
Protein hugin
Humanin
Interleukin-17B
Interleukin-17 receptor A
Interleukin-17 receptor C
Interferon lambda-1
Protein kinase C epsilon type
Lipopolysaccharide-binding protein
Leucine-rich repeat-containing protein 4B
Mannose-binding protein C
Allatostatins MIP
Mpv17-like protein
Promotilin
MAGUK p55 subfamily member 4
Na(+)/H(+) exchange regulatory cofactor NHE-RF2
Pro-neuregulin-4, membrane-bound isoform
Pro-neuregulin-3, membrane-bound isoform
Pro-neuregulin-1, membrane-bound isoform
Neuron-specific protein family member 1
Neurexophilin-1
Neurexophilin-2
Neurexophilin-3
Nucleoside diphosphate-linked moiety X motif 19
Leptin receptor gene-related protein
Peroxisomal carnitine O-octanoyltransferase
D-aspartate oxidase
Phospholipase A2, major isoenzyme
OX-2 membrane glycoprotein
Calcium-dependent phospholipase A2
D-amino-acid oxidase
Prolactin-8A6
Persephin
Nectin-3-like protein
R-spondin-3
Selection and upkeep of intraepithelial T-cells protein 2
Slit homolog 1 protein
Spondin-2
Tuberoinfundibular peptide of 39 residues
T-cell immunoreceptor with Ig and ITIM domains
Protein Wnt-5b
Warthog protein 5
