Disintegrin and metalloproteinase domain-containing protein 17
Androglobin
Aspartic protease 6
Cysteine protease ATG4B
Autophagy-related protein 8i
Cysteine protease ATG4C
Aspartic protease 3
Cysteine protease ATG4A
Cysteine protease atg4
Cysteine protease ATG4
Acid extracellular protease
Barrierpepsin
Beta-secretase 2
Calpain-14
Candidapepsin-4
Candidapepsin-5
Candidapepsin-8
Calpain-11
Calpain-12
Calpain-13
Candidapepsin-7
Cathepsin D
Calpain 11
Calpain-1 catalytic subunit
Calpain-5
Calpain-9
Calpain-A
Caspase-6
Caspase-7
Carboxypeptidase Q
Thermostable carboxypeptidase 1
Candidapepsin-10
Candidapepsin-6
Candidapepsin-9
Cathepsin L-like proteinase
Calpain-8
Calpain-B
Cathepsin E
Caspase-2
Chymosin
ATP-dependent Clp protease adapter protein ClpS 1
ATP-dependent Clp protease adapter protein ClpS 2
Calpain small subunit 1
Calpain small subunit 2
Cystatin-A3
Cystatin-A2
Beta-defensin 126
Peptidyl-dipeptidase dcp
Dipeptidase 3
Dipeptidyl peptidase 3
26S proteasome complex subunit DSS1
Probable glutamine amidotransferase DUG3
Probable dipeptidyl peptidase 3
Endothelin-converting enzyme 1
Ervatamin-C
Venom prothrombin activator oscutarin-C non-catalytic subunit
CAAX prenyl protease 1 homolog
Putative endoplasmic reticulum metallopeptidase 1
CAAX prenyl protease 2
Venom prothrombin activator omicarin-C non-catalytic subunit
Venom prothrombin activator pseutarin-C non-catalytic subunit
Glutamate carboxypeptidase 2
Probable inactive ATP-dependent zinc metalloprotease FTSHI 4, chloroplastic
Probable inactive ATP-dependent zinc metalloprotease FTSHI 1, chloroplastic
Probable inactive ATP-dependent zinc metalloprotease FTSHI 5, chloroplastic
ATP-dependent zinc metalloprotease FTSH 12, chloroplastic
Probable inactive ATP-dependent zinc metalloprotease FTSHI 2, chloroplastic
ATP-dependent zinc metalloprotease FTSH 4, mitochondrial
Glutamate carboxypeptidase 2 homolog
Gamma-glutamyl hydrolase
Grancalcin
Hemagglutinin/proteinase
Protein HflK
Protein HHL1, chloroplastic
ATP-dependent protease ATPase subunit HslU
Protein HypA
Leucine aminopeptidase A
Leucyl/phenylalanyl-tRNA--protein transferase
Leupeptin-inactivating enzyme 2
Lipoprotein signal peptidase
Methionine aminopeptidase 2
Macrodontain-1
Metacaspase-1
Microneme antigen
Probable mitochondrial intermediate peptidase, mitochondrial
Micronemal protein 4
Major microneme antigen
Probable thimet oligopeptidase
5-methylthioadenosine/S-adenosylhomocysteine deaminase
N-acetylated-alpha-linked acidic dipeptidase 2
NEDD8-specific protease 2
Neurolysin, mitochondrial
Nitrogen network kinase 1
Nicastrin
Organellar oligopeptidase A, chloroplastic/mitochondrial
Calpain-like protease palB/RIM13
Pregnancy-associated glycoprotein 2
Pregnancy-associated glycoprotein 1
Aspartic protease pep1
Peptidase B
Dipeptidase
Pepsin A-4
Pepsin A
Aspartic proteinase PCS1
Pepsin A-5
Gastricsin
Procollagen C-endopeptidase enhancer 1
Peflin
Xaa-Pro dipeptidase
Pepsin A-3
Metalloendopeptidase homolog PEX
Pyroglutamyl-peptidase 1-like protein
Metalloprotease PmbA
Leader peptidase PppA
Saccharolysin
Presequence protease, mitochondrial
26S protease regulatory subunit 8
Probable 26S proteasome regulatory subunit p28
26S proteasome non-ATPase regulatory subunit 8
Serine/threonine-protein kinase RIM11/MSD1
Membrane-bound transcription factor site-2 protease homolog
Probable 26S proteasome complex subunit sem1
Probable 26S proteasome complex subunit sem1-2
Probable glutathione-independent glyoxalase SNO4
Protein SOM1, mitochondrial
Thimet oligopeptidase
Thimet-like oligopeptidase
Transmembrane protein 59
Metalloprotease TldD
TNFAIP3-interacting protein 1
Xaa-Pro aminopeptidase 1
Putative zinc metalloproteinase C607.06c
Aspartic proteinase yapsin-7
Yapsin-5
Aspartic proteinase yapsin-6
Aminopeptidase YpdF
Aspartic proteinase yapsin-3
