Voltage-dependent calcium channel subunit alpha-2/delta-1
Voltage-dependent calcium channel subunit alpha-2/delta-4
Probable voltage-dependent N-type calcium channel subunit alpha-1B
Voltage-dependent N-type calcium channel subunit alpha-1B
Voltage-dependent L-type calcium channel subunit alpha-1C
Voltage-dependent L-type calcium channel subunit alpha-1D
Probable voltage-dependent R-type calcium channel subunit alpha-1E
Voltage-dependent R-type calcium channel subunit alpha-1E
Voltage-dependent T-type calcium channel subunit alpha-1H
Voltage-dependent T-type calcium channel subunit alpha-1I
Dihydropyridine-sensitive L-type skeletal muscle calcium channel subunit alpha-1
Voltage-dependent L-type calcium channel subunit alpha-1S
Voltage-dependent L-type calcium channel subunit beta-1
Voltage-dependent L-type calcium channel subunit beta-2
Voltage-dependent L-type calcium channel subunit beta-3
Voltage-dependent L-type calcium channel subunit beta-4
Voltage-dependent calcium channel subunit alpha-2/delta-3
Voltage-dependent P/Q-type calcium channel subunit alpha-1A
Voltage-dependent calcium channel type D subunit alpha-1
Voltage-dependent L-type calcium channel subunit alpha-1F
Voltage-dependent T-type calcium channel subunit alpha-1G
Muscle calcium channel subunit alpha-1
Voltage-dependent calcium channel subunit alpha-2/delta-2
Voltage-dependent calcium channel type A subunit alpha-1
Voltage-dependent calcium channel gamma-6 subunit
Voltage-dependent calcium channel gamma-1 subunit
Voltage-dependent calcium channel gamma-2 subunit
Voltage-dependent calcium channel gamma-4 subunit
Calcium-channel protein cch1
Voltage-dependent calcium channel gamma-3 subunit
Voltage-dependent calcium channel gamma-7 subunit
Voltage-dependent calcium channel gamma-8 subunit
Protein orai
cAMP-specific 3',5'-cyclic phosphodiesterase 4D
Protein phosphatase 1A
Voltage-dependent calcium channel unc-36
