Arylsulfatase G
Carbohydrate sulfotransferase 3
Carbohydrate sulfotransferase 7
Carbohydrate sulfotransferase 8
Carbohydrate sulfotransferase 1
Carbohydrate sulfotransferase 5
Carbohydrate sulfotransferase 9
Cysteine desulfurase 1, chloroplastic
Carbohydrate sulfotransferase 6
Adenylyl-sulfate kinase
Sulfate adenylyltransferase subunit 2
Sulfur carrier protein CysO
Serine acetyltransferase
Phosphoadenosine phosphosulfate reductase
Sulfite reductase  hemoprotein beta-component
O-phosphoserine sulfhydrylase
Bifunctional enzyme CysN/CysC
Sulfate adenylyltransferase subunit 1
Thiosulfate-binding protein
Sulfate/thiosulfate import ATP-binding protein CysA
3'-phosphoadenosine 5'-phosphate phosphatase
Probable phosphoadenosine phosphosulfate reductase
Sulfite reductase  flavoprotein alpha-component
m7GpppX diphosphatase
SAL1 phosphatase
PAP-specific phosphatase HAL2-like
3'(2'),5'-bisphosphate nucleotidase
SAL2 phosphatase
Probable SAL3 phosphatase
Sulfite reductase, dissimilatory-type subunit beta
Probable SAL4 phosphatase
Iron-sulfur cluster insertion protein ErpA
Ferredoxin
Galactose-3-O-sulfotransferase 4
Galactose-3-O-sulfotransferase 3
Probable hydroxyacylglutathione hydrolase C824.07
3'(2'),5'-bisphosphate nucleotidase 1
Iron-sulfur cluster assembly 1 homolog, mitochondrial
Iron-sulfur cluster assembly 2 homolog, mitochondrial
Iron-sulfur assembly protein 1
Iron-sulfur assembly protein 2
Iron-sulfur assembly protein IscA-like 3, mitochondrial
Iron-sulfur assembly protein IscA, chloroplastic
Iron-binding protein IscA
Putative cystathionine beta-lyase
Putative cystathionine gamma-synthase YML082W
Cystathionine gamma-synthase
Putative cystathionine gamma-synthase YLL058W
Probable adenylyltransferase/sulfurtransferase MoeZ
Fe/S biogenesis protein NfuA
Oligopeptide transporter 1
Sulfite reductase
Assimilatory sulfite reductase
Sulfotransferase 1C1
Sulfotransferase 4A1
Putative aliphatic sulfonates transport permease protein SsuC
Cysteine desulfuration protein SufE
Probable sulfite oxidase, mitochondrial
Sulfotransferase 1C3
Extracellular sulfatase Sulf-2
Sulfite oxidase, mitochondrial
Sulfate-binding protein
Sulfite oxidase
Protein SufA
Thioredoxin
Protein Rv2204c
