Putative helicase 055L
Putative helicase 172L
Putative helicase 009L
ComF operon protein 1
Primase D5
ATP-dependent RNA helicase DDX55
Putative ATP-dependent RNA helicase an3
Probable ATP-dependent RNA helicase DDX55 homolog
Probable ATP-dependent RNA helicase DDX6
ATP-dependent RNA helicase-like protein DB10
ATP-dependent DNA helicase dda
Probable ATP-dependent RNA helicase DDX60-like
Probable ATP-dependent RNA helicase DDX10
Probable global transactivator
Putative helicase C962R
ATP-dependent DNA helicase Hel308
Probable ATP-dependent RNA helicase MJ0669
Putative ATP-dependent RNA helicase
DNA replication helicase
Probable ATP-dependent helicase 25
DNA double-strand break repair helicase HerA
Probable DNA double-strand break repair helicase HerA
ISWI chromatin-remodeling complex ATPase CHR11
Probable chromatin-remodeling complex ATPase chain
ISWI chromatin-remodeling complex ATPase ISW2
Minichromosome maintenance protein MCM
Transcription-repair-coupling factor
ATP-dependent DNA helicase RecG
Putative DNA helicase Rad25
DEAD-box ATP-dependent RNA helicase 18
DEAD-box ATP-dependent RNA helicase 42
RNA replication protein
DEAD-box ATP-dependent RNA helicase 16
DEAD-box ATP-dependent RNA helicase 37
Probable DEAD-box ATP-dependent RNA helicase 48
DEAD-box ATP-dependent RNA helicase RhpA
DEAD-box ATP-dependent RNA helicase 13
Putative DEAD-box ATP-dependent RNA helicase 44
DEAD-box ATP-dependent RNA helicase 47A
DEAD-box ATP-dependent RNA helicase 48
DEAD-box ATP-dependent RNA helicase 52B
DEAD-box ATP-dependent RNA helicase 24
DEAD-box ATP-dependent RNA helicase 27
DEAD-box ATP-dependent RNA helicase 45
DEAD-box ATP-dependent RNA helicase 47B
DEAD-box ATP-dependent RNA helicase 53
DEAD-box ATP-dependent RNA helicase 58, chloroplastic
DEAD-box ATP-dependent RNA helicase 28
DEAD-box ATP-dependent RNA helicase 46
DEAD-box ATP-dependent RNA helicase 3
DEAD-box ATP-dependent RNA helicase 49
DEAD-box ATP-dependent RNA helicase 52C
DEAD-box ATP-dependent RNA helicase 9
DEAD-box ATP-dependent RNA helicase 10
DEAD-box ATP-dependent RNA helicase 52
DEAD-box ATP-dependent RNA helicase 17
DEAD-box ATP-dependent RNA helicase 26
DEAD-box ATP-dependent RNA helicase 31
Putative DEAD-box ATP-dependent RNA helicase 33
Type I restriction enzyme EcoKI R protein
Type III restriction-modification system StyLTI enzyme res
Type III restriction-modification system EcoPI enzyme res
Putative type III restriction-modification system HindVIP enzyme res
Type III restriction-modification system Bce10987IP enzyme res
Putative helicase 109L
Putative ATP-dependent RNA helicase QP509L
Putative helicase 161L
Putative helicase 184R
Putative ATP-dependent RNA helicase Q706L
ATP-dependent DNA helicase uvsW
Putative ATP-dependent RNA helicase D1133L
Putative helicase 121R
Probable helicase A859L
Putative helicase 022L
Putative helicase 22
Probable helicase MJ1565
Probable helicase MJECL08
Probable ATP-dependent RNA helicase MG308 homolog
Probable ATP-dependent RNA helicase MG425
Probable ATP-dependent RNA helicase MG425 homolog
Y' element ATP-dependent helicase YJL225C
RecQ DNA helicase-like protein C212.06c
Y' element ATP-dependent helicase YIL177C
Putative helicase L207/L206
Y' element ATP-dependent helicase YEL077C
Putative replication origin-binding protein
Putative ATP-dependent helicase YeeB
Y' element ATP-dependent helicase YLL067C
Putative helicase L115
Putative ATP-dependent RNA helicase L364
Putative ATP-dependent RNA helicase L396
YTH domain-containing protein 2
Putative ATP-dependent RNA helicase R366
