ABC transporter C family member 12
ATP-binding cassette sub-family G member 2
ABC transporter C family member 13
ABC transporter C family member 14
Putative ABC transporter C family member 15
ABC transporter C family member 2
ABC transporter C family member 4
ABC transporter C family member 6
ATP-binding cassette transporter abc4
ABC transporter B family member 4
ABC transporter C family member 8
ABC transporter C family member 9
ABC transporter C family member 10
ABC transporter C family member 5
ABC transporter C family member 7
ABC transporter C family member 11
ABC transporter C family member 3
ATP-dependent permease AUS1
Brefeldin A resistance protein
Multidrug resistance protein CDR2
Multidrug resistance ABC transporter ATP-binding and permease protein
Multidrug resistance-like ATP-binding protein MdlA
Multidrug resistance-like ATP-binding protein MdlB
Macrolide export ATP-binding/permease protein MacB
Phosphatidylcholine translocator ABCB4
Multidrug resistance protein 1A
Multidrug resistance protein homolog 49
Multidrug resistance protein 1
Multidrug resistance protein 1B
Multidrug resistance protein 2
Multidrug resistance protein
Multidrug resistance protein homolog 65
Canalicular multispecific organic anion transporter 2
Multidrug resistance-associated protein 1
Pleiotropic ABC efflux transporter of multiple drugs
ATP-dependent permease PDR10
ATP-dependent permease PDR15
ATP-binding cassette transporter pdr1
ATP-binding cassette transporter CGR1
ATP-dependent permease PDR11
ATP-dependent permease PDR12
ABC transporter ATP-binding protein/permease PDR18
Multidrug resistance protein pgp-1
Multidrug resistance protein pgp-3
Protein SNQ2
Oligomycin resistance ATP-dependent permease YOR1
