Aminoglycoside 2'-N-acetyltransferase
Aminoglycoside N(3)-acetyltransferase III
Aminoglycoside N(6')-acetyltransferase type 1
Bifunctional AAC/APH
2''-aminoglycoside nucleotidyltransferase
Gentamicin 3-N-acetyltransferase
Aminoglycoside N(3)-acetyltransferase VIII
Acetyl-coenzyme A carboxylase carboxyl transferase subunit alpha
Aminoglycoside N(3)-acetyltransferase VII
Acyl carrier protein
Aminoglycoside N(3)-acetyltransferase IV
Aminoglycoside N(3)-acetyltransferase IX
Multidrug efflux pump accessory protein AcrZ
Multidrug efflux pump subunit AcrA
Alanine racemase
Beta-lactamase
Albicidin resistance protein
Bifunctional polymyxin resistance protein ArnA
Probable 4-deoxy-4-formamido-L-arabinose-phosphoundecaprenol deformylase ArnD
Putative bifunctional polymyxin resistance protein ArnA
23S rRNA
ATP synthase subunit a
Outer membrane protein assembly factor BamE
Beta-lactamase AER-1
Beta-lactamase ROB-1
Beta-lactamase BRO-1
Beta-lactamase SHV-24
Beta-lactamase SHV-34
Beta-lactamase CTX-M-2
Beta-lactamase CTX-M-97
Bleomycin resistance protein
Beta-lactamase OXA-133
Beta-lactamase SHV-6
Beta-lactamase SHV-5
Imipenem-hydrolyzing beta-lactamase
Beta-lactamase CTX-M-1
Beta-lactamase CTX-M-4
Beta-lactamase OXA-1
Beta-lactamase OXA-2
Beta-lactamase PSE-4
Beta-lactamase Toho-1
Beta-lactamase Ohio-1
Beta-lactamase 1
Beta-lactamase SHV-2
Beta-lactamase L2
Beta-lactamase AST-1
Beta-lactamase NDM-1
Beta-lactamase TEM
Beta-lactamase CTX-M-5
Beta-lactamase OXA-20
Beta-lactamase OXA-3
Beta-lactamase OXA-9
Beta-lactamase PSE-1
Beta-lactamase SHV-13
Beta-lactamase SHV-8
Beta-lactamase CARB-3
Beta-lactamase CARB-6
Carbapenem-hydrolyzing beta-lactamase KPC
Beta-lactamase OXA-18
Beta-lactamase OXA-5
Beta-lactamase SHV-1
Beta-lactamase 2
Beta-lactamase SHV-46
Beta-lactamase FAR-1
Beta-lactamase CARB-4
Beta-lactamase OXA-10
Beta-lactamase OXA-7
Divisome-associated membrane protein Blr
Multidrug resistance protein 2
Multidrug resistance ABC transporter ATP-binding/permease protein BmrA
Beta-lactamase LCR-1
Beta-lactamase OXA-11
Benomyl/methotrexate resistance protein
Beta-lactamase SHV-29
Beta-lactamase 3
Beta-lactamase SHV-4
Beta-lactamase TEM-12
Beta-lactamase OXA-19
Beta-lactamase OXY-1
Beta-lactamase OXY-2
Blasticidin-S acetyltransferase
Beta-lactamase Toho-2
Carbapenem-hydrolyzing beta-lactamase Sme-1
Beta-lactamase CTX-M-6
Extended-spectrum beta-lactamase PER-1
Beta-lactamase OXA-15
rRNA methyltransferase
Chloramphenicol acetyltransferase 3
Chloramphenicol acetyltransferase 2
Ribosomal RNA large subunit methyltransferase Cfr
Chloramphenicol resistance protein
Type III pantothenate kinase
Curromycin resistance protein
Chloramphenicol 3-O phosphotransferase
Scaffold protein D13
Scaffold protein D13 ortholog
Diaminopimelate decarboxylase
Error-prone DNA polymerase
DNA polymerase III PolC-type
Daunorubicin/doxorubicin resistance ATP-binding protein DrrA
Lactonase drp35
Doxorubicin resistance ATP-binding protein DrrA
Probable doxorubicin resistance ABC transporter permease protein DrrC
Dual specificity protein phosphatase 18
Doxorubicin resistance ABC transporter permease protein DrrB
Probable arabinosyltransferase A
Probable arabinosyltransferase B
Multidrug export protein EmrA
Probable multidrug resistance protein EmrK
Probable arabinosyltransferase C
Erythromycin esterase type I
rRNA adenine N-6-methyltransferase
Phenazine antibiotic resistance protein EhpR
Enterobactin exporter EntS
ESX-1 secretion-associated protein EspH
Erythromycin esterase type II
Enoyl- FabI
Protein FmtA
Glutathione transferase FosA
16S rRNA
Fosfomycin resistance protein FosX
Glutaryl-7-aminocephalosporanic-acid acylase
Cell division ATP-binding protein FtsE
Sensor histidine kinase GraS
DNA gyrase subunit A
DNA gyrase subunit B
DNA gyrase subunit B, novobiocin-sensitive
DNA gyrase subunit B, novobiocin-resistant
Beta-lactamase HcpA
Beta-lactamase HcpB
Putative beta-lactamase HcpD
Putative beta-lactamase HcpE
Putative beta-lactamase HcpC
Enoyl-
Isoniazid-induced protein IniA
Kanamycin nucleotidyltransferase
Kanamycin resistance protein
Aminoglycoside 3'-phosphotransferase
Hygromycin-B 4-O-kinase
Hygromycin-B 7''-O-kinase
Killing protein KilR
Probable aminoglycoside 3'-phosphotransferase
Chloramphenicol resistance leader peptide
23S rRNA methylase leader peptide
Tetracycline resistance leader peptide
Lipid A 1-phosphatase
Lipid A 4'-phosphatase
Erythromycin resistance leader peptide
Lincosamide resistance protein
Lysylphosphatidylglycerol biosynthesis bifunctional protein LysX
UDP-3-O-(3-hydroxymyristoyl)glucosamine N-acyltransferase
Macrolide export ATP-binding/permease protein MacB 1
Macrolide export ATP-binding/permease protein MacB 2
Macrolide export ATP-binding/permease protein MacB 3
Multiple antibiotic resistance protein MarB
Lipoarabinomannan carrier protein LprG
Macrolide export ATP-binding/permease protein MacB 1/2
Protein McbG
Multidrug resistance protein MdtN
Multidrug export protein MepA
Mitomycin radical oxidase
Multidrug resistance protein MdtE
Multidrug resistance protein MdtL
Multidrug efflux ATP-binding/permease protein Rv0194
Methicillin resistance mecR1 protein
Multidrug resistance protein MexB
Multidrug efflux ATP-binding/permease protein BCG_0231
Macrolide efflux protein A
Mitomycin resistance protein McrB
Multidrug resistance protein MexA
Myeloid protein 1
Pentapeptide repeat protein MfpA
Phosphatidylglycerol lysyltransferase
Probable phospholipid ABC transporter-binding protein MlaB
Erythromycin resistance ATP-binding protein MsrA
Mycinamicin-resistance protein MyrB
Beta-hexosaminidase
Putative 23S rRNA
Arylamine N-acetyltransferase
23S rRNA methyltransferase
Neomycin resistance protein
NAD(P)(+)--arginine ADP-ribosyltransferase 2
2-nitroimidazole nitrohydrolase
NAD(P)(+)--arginine ADP-ribosyltransferase 1
Outer membrane protein OprM
Penicillin G acylase
Aspartate 1-decarboxylase
DNA topoisomerase 4 subunit A
Penicillin-binding protein 2B
Penicillin acylase
Penicillin-binding protein 2
Penicillin-binding protein 1A
Penicillin-binding protein 3
Acylase ACY 1
MAP kinase kinase PBS2
DNA topoisomerase 4 subunit B
Penicillin-binding protein 1B
Penicillin acylase 2
Beta-lactam-inducible penicillin-binding protein
Penicillin-binding protein H
Penicillin-binding protein 2x
Penicillin-binding protein 2X
Beta-phosphoglucomutase
Serine/threonine-protein kinase PknG
Multidrug resistance protein PmpM
Signal transduction protein PmrD
Pentamidine resistance factor, mitochondrial
Puromycin N-acetyltransferase
Pentapeptide repeat protein VPA0095
Pentapeptide repeat protein QnrB4
Oxygen-insensitive NADPH nitroreductase
Double-strand break reduction protein
Endodeoxyribonuclease RalR
dTDP-4-dehydrorhamnose 3,5-epimerase
Ribosomal RNA small subunit methyltransferase A
Serine/Arginine-related protein 53
Streptomycin 3''-adenylyltransferase
Streptomycin resistance protein
Streptothricin acetyltransferase
Streptothricin hydrolase
Membrane-associated protein TcaA
Tetracycline resistance protein, class C
Tetracycline resistance protein, class G
Tetracycline resistance determinant
Tetracycline resistance protein, class D
Tetracycline resistance protein, class H
Tetracycline resistance protein, class A
Tetracycline resistance protein, class B
Tetracycline resistance protein from transposon Tn4351/Tn4400
Trigger factor
Tetracycline resistance protein, class E
Toxin and drug export protein A
Outer membrane protein TolC
Tunicamycin resistance protein
D-specific alpha-keto acid dehydrogenase
Putative D-alanine--D-lactate ligase
Protein VanZ
Sensor protein VanS
Virginiamycin B lyase
Vancomycin C-type resistance protein VanC
Vancomycin B-type resistance protein VanB
Sensor protein VanSB
Sensor protein VraS
Vancomycin/teicoplanin A-type resistance protein VanA
Probable multidrug-efflux transporter Rv1258c
Putative aminoglycoside phosphotransferase
Putative hydrolase YbfO
Probable multidrug resistance ABC transporter ATP-binding/permease protein YheH
Probable beta-lactamase YbxI
SPBc2 prophage-derived aminoglycoside N(3')-acetyltransferase-like protein YokD
Probable multidrug resistance ABC transporter ATP-binding/permease protein YheI
Protein YibA
ABC transporter ATP-binding protein YojI
