Capsule polysaccharide export inner-membrane protein BexB
ATP-binding protein BexA
Capsule polysaccharide export inner-membrane protein CtrC
EPS I polysaccharide export inner membrane protein EpsE
EPS I polysaccharide export inner membrane protein EpsF
Protein FixF
Capsule polysaccharide export protein KpsS
Capsule polysaccharide export protein KpsC
Capsule polysaccharide modification protein LipA
Lipopolysaccharide-processing protein LpsZ
Capsule polysaccharide modification protein LipB
Maltodextrin-binding protein MdxE
Maltodextrin transport system permease protein MdxG
Maltodextrin transport system permease protein MdxF
Maltodextrin import ATP-binding protein MsmX
Oligo-beta-mannoside-specific phosphotransferase enzyme IIA component
O-antigen export system ATP-binding protein RfbB
O-antigen export system permease protein RfbD
O-antigen export system permease protein RfbA
O-antigen export system ATP-binding protein RfbE
Vi polysaccharide export protein VexE
Vi polysaccharide export ATP-binding protein VexC
Vi polysaccharide export inner-membrane protein VexB
