Branched-chain-amino-acid aminotransferase 5, chloroplastic
Branched-chain-amino-acid aminotransferase, cytosolic
Branched-chain-amino-acid aminotransferase, mitochondrial
Branched-chain-amino-acid aminotransferase 2, chloroplastic
Branched-chain-amino-acid aminotransferase 6
Branched-chain-amino-acid aminotransferase 3, chloroplastic
Ketol-acid reductoisomerase, chloroplastic
Probable acetolactate synthase large subunit
Acetolactate synthase large subunit
Acetolactate synthase catalytic subunit, mitochondrial
Ketol-acid reductoisomerase 2
Dihydroxy-acid dehydratase 2
Dihydroxy-acid dehydratase 3
Acetolactate synthase 2, chloroplastic
Acetolactate synthase, chloroplastic
Ketol-acid reductoisomerase 1
Dihydroxy-acid dehydratase 1
Probable branched-chain-amino-acid aminotransferase
Acetolactate synthase small subunit
Probable acetolactate synthase small subunit
Putative acetolactate synthase small subunit
Acetolactate synthase isozyme 1 small subunit
Putative acetolactate synthase large subunit IlvX
Dihydroxy-acid dehydratase, mitochondrial
Ketol-acid reductoisomerase, mitochondrial
Acetolactate synthase large subunit IlvB1
Acetolactate synthase 1, chloroplastic
Branched-chain-amino-acid aminotransferase
Probable acetolactate synthase
Acetolactate synthase small subunit 1, chloroplastic
Acetolactate synthase isozyme 2 small subunit
Acetolactate synthase small subunit, mitochondrial
Probable acetolactate synthase 2, chloroplastic
Putative branched-chain-amino-acid aminotransferase
Acetolactate synthase isozyme 1 large subunit
Acetolactate synthase
Dihydroxy-acid dehydratase, chloroplastic
Branched-chain-amino-acid aminotransferase 2
Acetolactate synthase isozyme 2 large subunit
Acetolactate synthase isozyme 3 small subunit
Acetolactate synthase isozyme 3 large subunit
Probable ketol-acid reductoisomerase, mitochondrial
Putative acetolactate synthase large subunit IlvB2
Acetolactate synthase, mitochondrial
Putative ketol-acid reductoisomerase 3
Ketol-acid reductoisomerase
Branched-chain-amino-acid transaminase 1
Acetolactate synthase 3, chloroplastic
Putative ketol-acid reductoisomerase 2
Putative dihydroxy-acid dehydratase, mitochondrial
Acetolactate synthase large subunit IlvG
Dihydroxy-acid dehydratase
Acetolactate synthase small subunit 2, chloroplastic
IlvBN operon leader peptide
