Acyl-coenzyme A synthetase ACSM4, mitochondrial
N-acetyllactosaminide beta-1,3-N-acetylglucosaminyltransferase 2
Bestrophin-2
Cyclic nucleotide-gated olfactory channel
Cyclic nucleotide-gated cation channel
Cytochrome P450 2G1
Cytochrome P450 2A
Gap junction beta-4 protein
Probable cytochrome P450 6w1
Frizzled-2
Golgi-associated olfactory signaling regulator
G-protein coupled receptor family C group 6 member A
Metabotropic glutamate receptor 7
Kinesin-like protein Klp68D
Dual specificity tyrosine-phosphorylation-regulated kinase mbk-1
Dual specificity tyrosine-phosphorylation-regulated kinase mbk-2
Olfactory receptor 1019
Olfactory receptor 1044
Olfactory receptor 1086
Olfactory receptor 10A3
Olfactory receptor 10C1
Olfactory receptor 10G4
Olfactory receptor 10Q1
Olfactory receptor 1102
Olfactory receptor 11L1
Olfactory receptor 13C8
Olfactory receptor 13J1
Olfactory receptor 14A16
Olfactory receptor 14I1
Olfactory receptor 2AG1
Olfactory receptor 2AK2
Olfactory receptor 2T11
Olfactory receptor 2T29
Olfactory receptor 2T35
Olfactory receptor 51J1
Olfactory receptor 1009
Olfactory receptor 1094
Olfactory receptor 10A5
Olfactory receptor 10AD1
Olfactory receptor 10G2
Olfactory receptor 13C4
Olfactory receptor 1440
Olfactory receptor 145
Olfactory receptor 150
Olfactory receptor 181
Olfactory receptor 187
Olfactory receptor 469
Olfactory receptor 484
Olfactory receptor 488
Olfactory receptor 497
Olfactory receptor 502
Olfactory receptor 10
Olfactory receptor 12
Olfactory receptor 19
Olfactory receptor 50
Olfactomedin
Olfactory receptor 10A7
Putative olfactory receptor 10D3
Olfactory receptor 10G3
Olfactory receptor 10G9
Olfactory receptor 10P1
Olfactory receptor 10S1
Olfactory receptor 10V1
Olfactory receptor 13A1
Olfactory receptor 13C9
Olfactory receptor 1444
Olfactory receptor 14A2
Olfactory receptor 14J1
Olfactory receptor 1537
Olfactory receptor 146
Olfactory receptor 149
Olfactory receptor 186
Olfactory receptor 226
Olfactory receptor 472
Olfactory receptor 476
Olfactory receptor 478
Olfactory receptor 481
Olfactory receptor 486
Olfactory receptor 13
Olfactory receptor-like protein HbT2
Olfactory receptor 63
Olfactory receptor-like protein HbT9
Olfactory receptor 1002
Olfactory receptor 1030
Olfactory receptor 10A2
Olfactory receptor 10A4
Olfactory receptor 10AG1
Olfactory receptor 10G8
Olfactory receptor 10W1
Putative olfactory receptor 13C6
Olfactory receptor 13D1
Olfactory receptor 13H1
Olfactory receptor 2A12
Olfactory receptor 2AE1
Olfactory receptor 2T10
Olfactory receptor 2T27
Olfactory receptor 2T33
Olfactory receptor 5AK2
Olfactory receptor 5AN1
Olfactory receptor 5AU1
Olfactory receptor 492
Olfactory receptor 494
Olfactory receptor 507
Olfactory receptor 510
Olfactory receptor 15
Olfactory receptor 56
Olfactory receptor 6
Olfactory receptor 2B11
Olfactory receptor 2G6
Olfactory receptor 2H2
Olfactory receptor 2L3
Olfactory receptor 2T1
Olfactory receptor 2T5
Olfactory receptor 2T8
Olfactory receptor 2Z1
Odorant receptor 56a
Putative odorant receptor 59c
Olfactory receptor 5B12
Olfactory receptor 5F1
Olfactory receptor 5H2
Olfactory receptor 5K3
Olfactory receptor 5M1
Olfactory receptor 5M8
Olfactory receptor 5M11
Olfactory receptor 5V1
Olfactory receptor 6B1
Olfactory receptor 8B2
Olfactory receptor 8D1
Olfactory receptor 8H1
Olfactory receptor 8H3
Olfactory receptor 8J1
Olfactory receptor 14C36
Olfactory receptor 14K1
Olfactory receptor 11
Olfactory receptor 18
Olfactory receptor 24
Olfactory receptor-like protein OLF3
Olfactory receptor 49
Olfactory receptor 5
Olfactory receptor 1Q1
Olfactory receptor 2B2
Olfactory receptor 2C3
Olfactory receptor 2G3
Olfactory receptor 2H1
Olfactory receptor 2K2
Olfactory receptor 2L13
Olfactory receptor 2M4
Olfactory receptor 2S2
Olfactory receptor 2T4
Olfactory receptor 2W1
Odorant receptor Or2
Odorant receptor 46a, isoform B
Odorant receptor 59b
Olfactory receptor 5C1
Olfactory receptor 5D16
Olfactory receptor 5L1
Olfactory receptor 5M10
Olfactory receptor 5P3
Olfactory receptor 5W2
Odorant receptor 67d
Olfactory receptor 6C3
Olfactory receptor 6N1
Olfactory receptor 6Q1
Odorant receptor 83a
Olfactory receptor 8B3
Olfactory receptor 8B8
Olfactory receptor 8D2
Olfactory receptor 8H2
Olfactory receptor 8I2
Olfactory receptor 9K2
Olfactory receptor 2A14
Olfactory receptor 2AJ1
Olfactory receptor 5AC2
Olfactory receptor 5AR1
Olfactory receptor 5H15
Olfactory receptor 139
Olfactory receptor 148
Olfactory receptor 154
Olfactory receptor 470
Olfactory receptor 474
Olfactory receptor 482
Olfactory receptor 490
Olfactory receptor 958
Olfactory receptor 8
Olfactory receptor 1D5
Odorant receptor 24a
Olfactory receptor 2C1
Olfactory receptor 2F2
Olfactory receptor 2J3
Olfactory receptor 2M2
Olfactory receptor 2M5
Odorant receptor 43b
Odorant receptor 47b
Olfactory receptor 5A1
Olfactory receptor 5B17
Olfactory receptor 5D13
Olfactory receptor 5D18
Olfactory receptor 5K1
Olfactory receptor 5M3
Olfactory receptor 6P1
Olfactory receptor 6Y1
Olfactory receptor 8D4
Olfactory receptor 8G1
Olfactory receptor 8K1
Olfactory receptor 8K5
Olfactory receptor 1020
Olfactory receptor 1052
Olfactory receptor 1082
Olfactory receptor 10A6
Olfactory receptor 10G7
Olfactory receptor 1361
Olfactory receptor 13C3
Olfactory receptor 5AP2
Olfactory receptor 5AS1
Olfactory receptor 5H14
Olfactory receptor 2D3
Olfactory receptor 2J1
Olfactory receptor 2L8
Olfactory receptor 2M3
Olfactory receptor 2T2
Olfactory receptor 2T6
Olfactory receptor 2V1
Olfactory receptor 2W3
Olfactory receptor 2Y1
Putative olfactory receptor 3A4
Olfactory receptor 5B3
Olfactory receptor 5H1
Olfactory receptor 5J2
Olfactory receptor 5K4
Olfactory receptor 6B3
Olfactory receptor 6C2
Olfactory receptor 7A5
Olfactory receptor 9G4
Olfactory receptor 9Q2
Olfactory receptor 1013
Olfactory receptor 2AG2
Olfactory receptor 2T12
Olfactory receptor 2T34
Serpentine receptor class r-10
Olfactory receptor 147
Olfactory receptor 151
Olfactory receptor 473
Olfactory receptor 477
Olfactory receptor 480
Olfactory receptor 483
Olfactory receptor 491
Olfactory receptor 493
Olfactory receptor 495
Olfactory receptor 498
Olfactory receptor 508
Olfactory receptor 867
Olfactory receptor 998
Olfactory receptor 1C1
Odorant receptor 22c
Olfactory receptor 2A1/2A42
Putative olfactory receptor 2B3
Odorant receptor 42b
Odorant receptor 49b
Odorant receptor 59a
Olfactory receptor 5A2
Olfactory receptor 8A1
Olfactory receptor 8B4
Olfactory receptor 8B12
Olfactory receptor 8J3
Olfactory receptor 8K3
Olfactory receptor 8U1
Olfactory receptor 9I1
Odorant receptor Or1
Olfactory receptor 2A5
Olfactory receptor 2B6
Olfactory receptor 2D2
Olfactory receptor 2G2
Olfactory receptor 2J2
Olfactory receptor 2L2
Olfactory receptor 2L5
Olfactory receptor 2M7
Olfactory receptor 2T3
Olfactory receptor 2V2
Odorant receptor 46a, isoform A
Odorant receptor 49a
Olfactory receptor 5B2
Olfactory receptor 5B21
Olfactory receptor 5D14
Olfactory receptor 5H6
Olfactory receptor 5K2
Olfactory receptor 5L2
Olfactory receptor 5M9
Olfactory receptor 5P2
Olfactory receptor 5R1
Olfactory receptor 6B2
Odorant receptor coreceptor
Olfactory receptor 9Q1
Sodium-dependent dopamine transporter
Sensory neuron membrane protein 1
Sensory neuron membrane protein 2
Serpentine receptor class alpha-13
Serpentine receptor class alpha-11
Neuropathy target esterase sws
Tetratricopeptide repeat protein 8
UDP-glucuronosyltransferase 2A1
