2-epi-5-epi-valiolone synthase
Acharan sulfate lyase 1
Acharan sulfate lyase 2
Putative beta-eliminating lyase-like protein
Benzoyl-CoA-dihydrodiol lyase
Coronafacic acid dehydratase
Probable L-cysteine desulfhydrase, chloroplastic
Short-chain-enoyl-CoA hydratase
D-dopachrome decarboxylase-like protein
Dammarenediol II synthase
D-glucosaminate-6-phosphate ammonia lyase
Probable hercynylcysteine sulfoxide lyase
Epidermin decarboxylase
Phenylserine dehydratase
Glycine dehydrogenase
Gellan lyase
Low-specificity L-threonine aldolase
2-amino-4,5-dihydroxy-6-oxo-7-(phosphonooxy)heptanoate synthase
Very-long-chain
Imidazole glycerol phosphate synthase subunit hisF1
Putative imidazole glycerol phosphate synthase subunit hisF2
Imidazole glycerol phosphate synthase subunit HisF
Putative imidazole glycerol phosphate synthase subunit HisF
Putative imidazole glycerol phosphate synthase subunit hisF3
Glyoxalase 3
2-oxo-hepta-3-ene-1,7-dioic acid hydratase
Probable 5-dehydro-4-deoxyglucarate dehydratase
Putative L-cysteine desulfhydrase 2
Putative L-cysteine desulfhydrase 1
2-isopropylmalate synthase 2, chloroplastic
3-hydroxy-5-phosphonooxypentane-2,4-dione thiolase
L-threo-3-deoxy-hexylosonate aldolase
Low specificity L-threonine aldolase
L-allo-threonine aldolase
O-acetylserine dependent cystathionine beta-synthase
Mesaconyl-CoA hydratase
Lupeol synthase 1
Mesaconyl-C(4)-CoA hydratase
Trans-O-hydroxybenzylidenepyruvate hydratase-aldolase
Decarboxylase NovR
Probable polyketide biosynthesis enoyl-CoA hydratase PksH
Putative polyketide biosynthesis enoyl-CoA isomerase PksI
L-lysine cyclodeaminase
Proansamycin X synthase
Tuliposide A-converting enzyme 2, chloroplastic
Tuliposide A-converting enzyme b1, amyloplastic
Tuliposide A-converting enzyme b2, amyloplastic
Tuliposide A-converting enzyme 1, chloroplastic
Threonine synthase-like 2
Tuliposide A-converting enzyme b3, amyloplastic
Probable tuliposide A-converting enzyme b6, amyloplastic
2-hydroxypent-2,4-dienoate hydratase
Putative
Putative lyase MJ0807
Probable 2-keto-3-deoxy-galactonate aldolase YagE
Putative enoyl-CoA hydratase/isomerase YngF
Tetraprenyl-beta-curcumene synthase
