Angiogenin
Angiogenin-3
Angiogenin-2
Angiogenin-1
Colicin-D
Colicin-E5
tRNA nuclease CdiA
Exosome complex exonuclease dis3
Eosinophil cationic protein 2
Eosinophil cationic-type ribonuclease 3
Eosinophil cationic protein 1
Toxin FitB
Probable serine/threonine-protein kinase irlB
Probable serine/threonine-protein kinase irlD
Probable serine/threonine-protein kinase irlE
Inactive serine/threonine-protein kinase/endoribonuclease IRE1-like
Probable serine/threonine-protein kinase irlF
Probable serine/threonine-protein kinase irlA
Endoribonuclease MazF6
Mini-ribonuclease 3
Mitochondrial nuclease
Ribonuclease
Ribonuclease 4
Ribonuclease K6
Ribonuclease E/G-like protein
Ribonuclease G
Ribonuclease mitogillin
Ribonuclease H2 subunit A
Ribonuclease ARB_07070
Ribonuclease H1
Ribonuclease T2
Non-secretory ribonuclease
Ribonuclease 7
Ribonuclease HII
Ribonuclease 2B
Ribonuclease K3
Ribonuclease E
Ribonuclease R
Ribonuclease 1
Ribonuclease homolog
Plasmid stability protein StbB
Protein sts5
Ribonuclease VapC2
Ribonuclease VapC3
Ribonuclease VapC1
VapC ribonuclease Mb1869c
Toxin VapC4
Ribonuclease VapC6
tRNA(fMet)-specific endonuclease VapC
VapC ribonuclease Mb0985
VapC ribonuclease Mb2004c
Ribonuclease VapC7
Ribonuclease VapC9
Ribonuclease VapC10
Ribonuclease VapC13
Ribonuclease VapC15
Ribonuclease VapC17
Ribonuclease VapC19
Ribonuclease VapC24
Ribonuclease VapC26
Ribonuclease VapC27
Ribonuclease VapC40
Ribonuclease VapC44
Ribonuclease VapC47
VapC ribonuclease Mb0640
VapC ribonuclease Mb1587
Ribonuclease VapC4
VapC ribonuclease Mb2033
Ribonuclease VapC11
Ribonuclease VapC23
Ribonuclease VapC25
Ribonuclease VapC28
Ribonuclease VapC32
Ribonuclease VapC36
Ribonuclease VapC43
Ribonuclease VapC49
VapC ribonuclease Mb0625
VapC ribonuclease Mb2780c
Ribonuclease VapC31
Ribonuclease VapC37
Ribonuclease VapC41
Ribonuclease VapC48
VapC ribonuclease Mb2897
Exonuclease VapC9
Ribonuclease VapC16
Ribonuclease VapC21
Ribonuclease VapC29
Ribonuclease VapC35
Ribonuclease VapC38
Ribonuclease VapC42
Ribonuclease VapC45
Ribonuclease VapC30
Ribonuclease VapC51
Ribonuclease VapC39
Ribonuclease VapC46
Ribonuclease VapC12
Ribonuclease VapC33
Ribonuclease VapC18
23S rRNA-specific endonuclease VapC20
Ribonuclease VapC22
5'-3' exoribonuclease 1
VapC ribonuclease AF_1683
VapC ribonuclease R02377
VapC ribonuclease PF0355
VapC ribonuclease Y4jK
