Homeobox protein abdominal-A homolog
ARS-binding protein 1
Putative acyl-CoA dehydrogenase AidB
Homeobox protein aristaless
Homeobox protein ANF-1
Anomalous homeobox protein
Bifunctional nuclease 1
Homeobox protein box-5
Homeobox protein ceh-62
Homeobox protein CDX-1
Histone H3-like centromeric protein CSE4
Major centromere autoantigen B
Cyanate hydratase
Protein CrtJ
Developmental gene 1062 protein
Homeobox protein DBX1-B
Homeobox protein DBX2
Homeobox protein DBX1-A
Homeobox protein Dlx2a
Distal-less-like protein DLX-3
Chromosomal replication initiator protein DnaA
Homeobox protein DBX1
Homeobox protein DLX-6
Homeobox protein DLL homolog
Homeobox protein Dlx5a
Homeobox protein Dlx6a
Diencephalon/mesencephalon homeobox protein 1-B
Homeobox protein Dlx2b
Homeobox protein DLX-3
Homeobox protein DTH-1
Homeobox protein DLL-2
Homeobox protein DLL-3
Homeobox protein Dlx3b
Homeobox protein DLL-1
Homeobox protein Dlx1a
Homeobox protein Dlx4a
DNA replication protein DnaC
Double homeobox protein 5
Chromosome condensation protein dpy-27
Homeobox protein H40
Homeobox protein EMX2
Homeobox protein EMX1
Homeobox even-skipped homolog protein 2
DNA-binding protein Ets97D
DNA-binding protein D-ETS-4
DNA-binding protein D-ETS-3
Homeobox even-skipped homolog protein 1
DNA-binding protein D-ETS-6
Putative Fis-like DNA-binding protein
Antitoxin FitA
DNA translocase FtsK
Forkhead box protein D4-like 3
Glutamine--fructose-6-phosphate aminotransferase
Homeobox protein goosecoid isoform A
Homeobox protein goosecoid-2
Homeobox protein goosecoid isoform B
Homeobox protein EgHBX4
DnaA regulatory inactivator Hda
Homeobox protein goosecoid
Homeobox protein EgHBX3
Homeobox protein HD-11
Homeobox expressed in ES cells 1-A
Homeobox protein HD-4
Homeobox expressed in ES cells 1-B
Homeobox protein HD-3
Homeobox protein HD-9
Homeobox protein HD-5
Homeobox expressed in ES cells 1
Homeobox protein H17
Homeobox protein ceh-24
Homeobox protein engrailed-1
Homeobox protein engrailed-2-A
Segmentation polarity homeobox protein engrailed
Homeobox protein engrailed
HMG-Y-related protein A
2-hydroxyethylphosphonate dioxygenase
Homeobox protein ceh-7
Homeobox protein HB1
Homeobox protein HB4
Homeobox protein engrailed-1-A
Homeobox protein engrailed-2-B
Homeobox protein XENK-2
(S)-2-hydroxypropylphosphonic acid epoxidase
Homeobox protein ceh-5
Homeobox protein engrailed-like ceh-16
Homeobox protein ceh-34
Homeobox protein engrailed-1-B
Homeobox protein engrailed-2a
Homeobox protein DTH-2
Homeobox protein AHox1
Homeobox protein XHOX-7.1'
Homeobox protein HOY1
Putative antitoxin HigA2
Homeobox protein liguleless 3
Homeobox protein ceh-1
Homeobox protein engrailed-2b
Homeobox protein engrailed-like A
Homeobox protein Ht-En
Homeobox protein E30
Homeobox protein invected
Homeobox protein LOX2
Homeobox protein ceh-22
Homeobox protein engrailed-1a
Homeobox protein engrailed-like B
Homeobox protein engrailed-like
Homeobox protein Hox-C3a
Homeobox protein ceh-2
Homeobox protein ceh-9
Homeobox protein ceh-23
Homeobox protein H90
Homeobox protein HB3
Homeobox protein ceh-19
Homeobox protein CHOX-7
Homeobox protein HTR-A2
Homeobox protein E60
Homeobox protein H2.0
Homeobox protein XHOX-7.1
Iroquois-class homeodomain protein IRX-6
Insertion element IS150 uncharacterized 19.7 kDa protein
ImmF control region 10 kDa protein
Iroquois-class homeodomain protein IRX-4
Putative iroquois-class homeodomain protein irx-1
Lysine-specific demethylase 6B
Homeobox protein knotted-1-like 10
Homeobox protein knotted-1-like 12
Homeobox protein knotted-1-like 3
Homeobox protein knotted-1-like 8
Homeobox protein knotted-1-like 4
Homeobox protein knotted-1-like 2
Homeobox protein knotted-1-like 1
Homeobox protein knotted-1-like 9
Homeobox protein koza
Homeobox protein knotted-1-like LET6
Putative homeobox protein knotted-1-like 5
Homeobox protein knotted-1-like 11
Homeotic protein knotted-1
Homeobox protein KNOX3
Homeobox protein knotted-1-like 5
Leucine-twenty homeobox
Protein lin-32
Homeobox protein LOX10
Macrodomain Ter protein
Homeobox protein Mix.1
Homeobox protein Mix.2
Mating-type protein ALPHA2
Mating-type-like protein ALPHA2, silenced copy at MTL3
Methylphosphonate synthase
Homeobox protein MSH-B
Homeobox protein MSH-C
Homeobox protein MSX-1
Homeobox protein MSH-D
Homeobox protein MSH-A
Mating-type-like protein ALPHA2
NK1 transcription factor-related protein 1
Protein NirD
Homeobox protein Nkx-2.4
Protein NirG
NK1 transcription factor-related protein 2
Homeobox protein Nkx-2.5
Homeobox protein Nkx-3.2
Endonuclease G, mitochondrial
Homeobox protein Nkx-2.2a
Homeobox protein orthopedia
Protein Optix
Homeobox protein OTX
Surface protein P12p
Homeobox protein PKNOX2
Homeobox protein prophet of Pit-1
Paired mesoderm homeobox protein 1
Paired mesoderm homeobox protein 2
Homeobox protein pv.1
Heterogeneous nuclear ribonucleoprotein 87F
Riboflavin kinase
Replication factor C small subunit
Rhox homeobox family member 2
Rhox homeobox family member 2B
Heterogeneous nuclear ribonucleoprotein A1
Cytoskeleton protein RodZ
Homeobox protein rough sheath 1
Homeobox protein SAX-1
Homeobox protein H55
Nucleoid occlusion factor SlmA
Short stature homeobox protein 2
Homeobox protein SMOX-4
Homeobox protein slou
Homeobox protein SMOX-3
Homeobox protein SMOX-5
Homeobox protein engrailed-like SMOX-2
Protein STB3
Homeobox protein SHOOT MERISTEMLESS
Protein SPT10
Zinc finger protein STP3
Protein STB3 homolog
Transcription factor E
T-cell leukemia homeobox protein 1
T-cell leukemia homeobox protein 3
Transcriptional regulatory protein TOD6
Translin
Translin-associated protein X homolog
DNA replication terminus site-binding protein
Virulence-associated protein A
Virulence-associated protein I
Homeobox protein VENTX
Virulence-associated protein A'
Homeobox protein vent1
Vertnin
FNIP repeat-containing protein DDB_G0274617
Putative actin-fragmin kinase DDB_G0268812
SPBc2 prophage-derived uncharacterized protein YopB
Insertion element IS1397 uncharacterized 20.1 kDa protein
Homeobox protein zampogna
