Protein MGF 110-12L
14 kDa proline-rich protein DC2.15
Protein MGF 300-1L
AAA-ATPase At2g46620
AAA-ATPase At5g17750
ABC transporter B family member 22
ABC transporter D family member 2, chloroplastic
Monoacylglycerol lipase ABHD12
Abhydrolase domain-containing protein 1
Abhydrolase domain-containing protein 2
Protein MGF 360-1L
Protein MGF 110-1L
Protein MGF 110-9L
Probable cysteine proteinase 361L
Putative myristoylated membrane protein 458R
AAA-ATPase At3g28520
AAA-ATPase At5g17740
Putative ATP-binding cassette sub-family C member 13
Alpha/beta hydrolase domain-containing protein 14A
Abhydrolase domain-containing protein 16A
Transmembrane protein 069R
Protein MGF 110-13L
Protein A38
Protein A40 homolog
AAA-ATPase At3g28510
AAA-ATPase At3g28540
Protein MGF 110-11L
Protein MGF 360-3L
Protein MGF 110-3L
Protein A43
ABC transporter B family member 21
Alpha/beta hydrolase domain-containing protein 13
Alkaline ceramidase
Transmembrane protein 022L
Putative myristoylated protein 053R
Transmembrane protein 300R
Protein A40
Amino-acid permease 2
Probable ABC transporter ECU01_0200/ECU01_1410
ATP-binding cassette transporter abc1
ABC transporter H family member 4
Abhydrolase domain-containing protein 2-A
AAA-ATPase At2g18193
Probable ubiquitination network signaling protein acrB
Putative ABC transporter B family member 8
ABC transporter C family member 15
Abhydrolase domain-containing protein 2-B
AAC-rich mRNA clone AAC4 protein
Protein ABCI12, chloroplastic
Bile salt export pump
ATP-binding cassette sub-family D member 4
Putative acid phosphatase 1
Heptahelical transmembrane protein ADIPOR3
Adhesion G protein-coupled receptor E2
Adhesion G-protein coupled receptor F2
Adhesion G-protein coupled receptor G2
Adhesion G-protein coupled receptor G4
Adhesion G-protein coupled receptor G7
Altered inheritance of mitochondria protein 11
Alkaline ceramidase 1
Ubiquitination network signaling protein acrB
Arylacetamide deacetylase-like 2
Arylacetamide deacetylase-like 4
Adhesion G protein-coupled receptor F4
Adhesion G-protein coupled receptor G5
Androgen-induced gene 1 protein
Arylacetamide deacetylase-like 3
Heptahelical transmembrane protein ADIPOR2
Adhesion G-protein coupled receptor F3
Adherens junction-associated protein 1
Putative ALA-interacting subunit 2
Adhesion G protein-coupled receptor A1
Adhesion G-protein coupled receptor D2
Lysophospholipid acyltransferase
UDP-N-acetylglucosamine transferase subunit ALG14
Putative ALA-interacting subunit 4
Adenovirus death protein
KH domain-containing protein akap-1
Ammonium transporter 1 member 3
Putative ammonium transporter 1 member 5
Ammonium transporter 3 member 1
36 kDa antigen
Anoctamin-10
Progestin and adipoQ receptor-like protein 1
Fatty aldehyde dehydrogenase
Ammonium transporter 1 member 1
Ammonium transporter 1 member 2
Ankyrin repeat domain-containing protein 46
Adhesion G protein-coupled receptor A3
Adhesion G protein-coupled receptor L2
Ammonium transporter 2 member 3
Ammonium transporter 3 member 2
Putative ammonium transporter 4 member 1
5'-adenylylsulfate reductase-like 5
GDP-Man:Man(3)GlcNAc(2)-PP-Dol alpha-1,2-mannosyltransferase
Ammonium transporter 2 member 2
Ammonium transporter 3 member 3
Probable apyrase 3
Putative aquaporin-10
Probable UDP-arabinose 4-epimerase 3
Outer membrane protein AlkL
Bacteriocin amylovorin-L
AP20 region protein 1
Probable apyrase 1
ARL-6-interacting protein 1 homolog
Sterol O-acyltransferase 2
Putative uncharacterized protein APQ13
Peptidoglycan-binding protein ArfA
Protein ARMCX6
ADP-ribosylation factor-like protein 6-interacting protein 1
ADP-ribosylation factor-like protein 6-interacting protein 6
Probable UDP-arabinose 4-epimerase 2
5'-adenylylsulfate reductase-like 6
Armadillo repeat-containing X-linked protein 1
Armadillo repeat-containing X-linked protein 2
Armadillo repeat-containing X-linked protein 4
Protein APCDD1-like
Apyrase
Probable UDP-arabinose 4-epimerase 1
Apyrase 2
Putative UDP-arabinose 4-epimerase 4
Protein Asterix
Probable apyrase 2
Probable apyrase 4
Sterol O-acyltransferase 1
Armadillo repeat-containing X-linked protein 3
Protein ASG7
Autophagy-related protein 9B
Copper-transporting ATPase 2
Anion exchange protein 2
Copper-transporting ATPase 1
Beta-secretase
BMP and activin membrane-bound inhibitor homolog
N-acetyl-beta-glucosaminyl-glycoprotein 4-beta-N-acetylgalactosaminyltransferase 1
Type-1 angiotensin II receptor-associated protein-like
Anion exchange protein 3
Protein BIG1
Anion exchange protein 4
Beta-1,4-N-acetylgalactosaminyltransferase 3
Protein B4
Outer membrane protein assembly factor BamA
Bladder cancer-associated protein
Glycoprotein BDLF3
Bladder cancer-associated protein B
Amino-acid permease BAT1 homolog
Protein BEAN1
Band 7 protein AGAP004871
Brain protein I3
Putative butyrophilin subfamily 2 member A3
Ankyrin repeat and BTB/POZ domain-containing protein BTBD11-B
Butyrophilin-like protein 1
Butyrophilin-like protein 10
Attractin-like protein 1
Bax inhibitor 1 homolog
Glycoprotein BILF2
Bladder cancer-associated protein A
Probable boron transporter 7
BRICHOS domain-containing protein 5
C1GALT1-specific chaperone 1-like protein
C2 and GRAM domain-containing protein At1g03370
Protein bem46
Protein bhlB
Butyrophilin-like protein 9
Putative uncharacterized protein BUD26
CD164 sialomucin-like 2 protein
Transmembrane protein C1orf162
BI1-like protein
Bindin
Band 7 protein AAEL010189
Butyrophilin subfamily 1 member A1
Ankyrin repeat and BTB/POZ domain-containing protein BTBD11
Butyrophilin-like protein 3
VWFA and cache domain-containing protein 1
Band 7 protein CG42540
Butyrophilin subfamily 3 member A3
Butyrophilin-like protein 2
Butyrophilin-like protein 8
Fibronectin type-III domain-containing transmembrane protein C1orf233
Cell adhesion molecule 3
Coadhesin
Capsid protein G8P
Probable boron transporter 6
Fibronectin type-III domain-containing transmembrane protein C1orf233 homolog
Protein CASC4
CAS1 domain-containing protein 1
Calcium sensing receptor, chloroplastic
Transmembrane protein C1orf162 homolog
Cell adhesion molecule 2
Cell adhesion molecule 4
Carotene biosynthesis-related protein CBR, chloroplastic
Seipin homolog
B- and T-lymphocyte attenuator
C2 and GRAM domain-containing protein At5g50170
VWFA and cache domain-containing protein CG16868
Coiled-coil domain-containing protein 107
Protein COFACTOR ASSEMBLY OF COMPLEX C SUBUNIT B CCB1, chloroplastic
Protein COFACTOR ASSEMBLY OF COMPLEX C SUBUNIT B CCB3, chloroplastic
Coiled-coil domain-containing protein 47
Cadherin-16
Putative capsid protein ORF9
Coiled-coil domain-containing protein 167
Cytochrome c biogenesis protein CCS1, chloroplastic
Cytochrome c biogenesis protein Ccs1
Cytochrome c biogenesis protein CcsA
Lysine/arginine permease
Protein casc4
Cell cycle control protein 50C
Protein COFACTOR ASSEMBLY OF COMPLEX C SUBUNIT B CCB4, chloroplastic
CD151 antigen
T-cell surface glycoprotein CD4
T-cell surface glycoprotein CD8 beta chain
B-lymphocyte antigen CD19
CD302 antigen
T-cell surface glycoprotein CD8 alpha chain
ABC transporter CDR4
CD276 antigen homolog
CD2 homolog
T-lymphocyte activation antigen CD80
Immunity protein CdiI
Carcinoembryonic antigen-related cell adhesion molecule 21
Carcinoembryonic antigen-related cell adhesion molecule 3
Chloroplast envelope membrane protein
envelope membrane protein, chloroplastic
Protein COFACTOR ASSEMBLY OF COMPLEX C SUBUNIT B CCB2, chloroplastic
Early activation antigen CD69
Transmembrane protein C5orf28
Colicin-5
Carcinoembryonic antigen-related cell adhesion molecule 20
Coiled-coil domain-containing protein 180
Calcium and calcium/calmodulin-dependent serine/threonine-protein kinase
Putative uncharacterized protein C5orf60
CDC50 family protein chat-1
Coiled-coil domain-containing protein 149
Coiled-coil domain-containing protein 51
Cell cycle progression protein 1
CMT1A duplicated region transcript 15 protein-like protein
T-cell surface antigen CD2
Myeloid cell surface antigen CD33
Colicin-10
Carcinoembryonic antigen-related cell adhesion molecule 19
Carbohydrate sulfotransferase 15
Cycloeucalenol cycloisomerase
CD226 antigen
Colicin-Ib
Carbohydrate sulfotransferase 7
Carbohydrate sulfotransferase 10
T-cell antigen CD7
Transmembrane protein C5orf28 homolog
Protein ced-11
Putative uncharacterized protein encoded by LINC01006
Carbohydrate sulfotransferase 3
UPF0668 protein C10orf76
CKLF-like MARVEL transmembrane domain-containing protein 4
Putative transmembrane protein encoded by LINC00477
C-type lectin domain family 4 member A
C-type lectin domain family 4 member F
Claudin domain-containing protein 2
Opaque-specific ABC transporter CDR3
Carcinoembryonic antigen-related cell adhesion molecule 18
Colicin-K
Epoxide hydrolase 1
Protein CHLOROPLAST ENHANCING STRESS TOLERANCE, chloroplastic
Chitin synthase 2
Carbohydrate sulfotransferase 14
Putative uncharacterized protein C6orf50
Chlorophyll synthase, chloroplastic
Carbohydrate sulfotransferase 12
UPF0668 protein C10orf76 homolog
CKLF-like MARVEL transmembrane domain-containing protein 1
C-type lectin domain family 10 member A
C-type lectin domain family 14 member A
C-type lectin domain family 2 member L
Claudin domain-containing protein 1
Putative uncharacterized protein C10orf128
Cleft lip and palate transmembrane protein 1-like protein
Clarin-3
Cell number regulator 13
CLPTM1-like membrane protein cnrB
Contactin-associated protein-like 5
Putative uncharacterized protein C8orf49
Chondroitin sulfate synthase mig-22
Transmembrane protein C9orf91 homolog
C-type lectin domain family 1 member A
C-type lectin domain family 4 member D
Probable N-acetyltransferase CML2
Probable N-acetyltransferase CML6
Cell number regulator 4
Protein CIP2A homolog
Probable N-acetyltransferase CML3
Putative uncharacterized protein encoded by LINC00596
Cell number regulator 10
CKLF-like MARVEL transmembrane domain-containing protein 6
CKLF-like MARVEL transmembrane domain-containing protein 8
Cell number regulator 3
Cell number regulator 6
COBRA-like protein 2
Coagulase/fibrinolysin
Allergen Cop c 5
Transmembrane protein C9orf91
Probable N-acetyltransferase CML5
Cell number regulator 11
Cell number regulator 8
Contactin-associated protein-like 3B
Collagen alpha-1(XVII) chain
Putative copper transporter 5.2
Copper transporter 3
Copper transporter 6
Clarin-2
Probable N-acetyltransferase CML1
Cell number regulator 9
Copper transporter 4
Transmembrane protein C16orf54 homolog
Cell number regulator 7
Putative uncharacterized protein C18orf15
Crt homolog 2
Copper transporter 5.1
Cysteine-rich with EGF-like domain protein 1
Probable extracellular glycosidase ARB_03382
Cyclic AMP receptor-like protein G
Calcium permeable stress-gated cation channel 1
Protein CSF1
Cellulose synthase-like protein B3
Cellulose synthase-like protein B6
Cellulose synthase-like protein D2
Cellulose synthase-like protein E6
Probable mixed-linked glucan synthase 3
Probable mixed-linked glucan synthase 6
Cellulose synthase-like protein G2
Protein CCSMST1
Protein ccsmst1
cTAGE family member 2
cTAGE family member 15
Choline transporter-like protein 5-A
Contactin-associated protein like 5-1
Copper transporter 2
Cellulose synthase-like protein G1
Putative cellulose synthase-like protein H3
Cutaneous T-cell lymphoma-associated antigen 1
cTAGE family member 8
Allurin
Cyclic AMP receptor-like protein D
Cellulose synthase-like protein D1
Choline transporter-like protein 1
Choline transporter-like protein 5-B
CTL-like protein 1
CTL-like protein 2
Contactin-associated protein like 5-3
Cortexin-2
Cortexin-3
Coupling of ubiquitin conjugation to ER degradation protein 1
Gap junction gamma-1 protein
Gap junction gamma-2 protein
Transmembrane protein C16orf54
Glucomannan 4-beta-mannosyltransferase 1
Putative cellulose synthase-like protein D6
Putative mixed-linked glucan synthase 1
Mixed-linked glucan synthase 4
Probable mixed-linked glucan synthase 8
Cellulose synthase-like protein G3
CUB and sushi domain-containing protein 1
CTL-like protein DDB_G0269978
Contactin-associated protein like 5-4
Cortexin-1
Protein CURVATURE THYLAKOID 1C, chloroplastic
Cellulose synthase-like protein B4
Cellulose synthase-like protein E2
Mixed-linked glucan synthase 2
Probable mixed-linked glucan synthase 7
Cellulose synthase-like protein H1
cTAGE family member 4
Choline transporter-like protein 2
Choline transporter-like protein 3
Choline transporter-like protein 5
Protein CURVATURE THYLAKOID 1D, chloroplastic
Gap junction alpha-3 protein
Gap junction alpha-8 protein
Gap junction delta-2 protein
Cyclic AMP receptor-like protein E
Cyclic AMP receptor-like protein F
Crt homolog 3
Cellulose synthase-like protein B1
Cellulose synthase-like protein E1
Cellulose synthase-like protein H2
cTAGE family member 6
Choline transporter-like protein 4
CTL-like protein DDB_G0274487
Contactin-associated protein like 5-2
Copper transport protein ctr6
Gap junction alpha-4 protein
Gap junction alpha-9 protein
Gap junction beta-1 protein
Gap junction beta-7 protein
Cysteine-rich and transmembrane domain-containing protein 1
Cysteine and tyrosine-rich protein 1
Cellulose synthase-like protein B2
Probable mixed-linked glucan synthase 9
Gap junction Cx32.2 protein
Gap junction alpha-5 protein
cTAGE family member 9
CTL-like protein DDB_G0288717
Gap junction Cx32.7 protein
Gap junction beta-4 protein
Gap junction delta-4 protein
Cysteine-rich and transmembrane domain-containing protein B
Putative alkaline ceramidase dcd3B
Gap junction alpha-2 protein
Protein dct-5
C4-dicarboxylate TRAP transporter small permease protein DctQ
Putative alkaline ceramidase dcd3A
C4-dicarboxylate TRAP transporter large permease protein DctM
Protein dduB
Derlin-2.2
Derlin-1
Derlin-2
Discoidin, CUB and LCCL domain-containing protein 1
Very-long-chain 3-oxoacyl-CoA reductase-A
Very-long-chain 3-oxoacyl-CoA reductase-B
DC-STAMP domain-containing protein 2
DnaJ homolog subfamily C member 18
DnaJ homolog subfamily C member 22
DnaJ homolog subfamily C member 25
Derlin-1.2
Dendrite extension defective protein 1
Very-long-chain 3-oxoacyl-CoA reductase
7-dehydrocholesterol reductase
DnaJ homolog subfamily B member 14
DnaJ homolog subfamily C member 16
Proteolipid protein DM beta
Derlin-2.1
DnaJ homolog subfamily B member 12
Defect at low temperature protein 1
Protein DD3-3
Derlin-1.1
Protein dispatched homolog 2
DnaJ homolog subfamily C member 25 homolog
Chaperone protein dnaJ 50
Proteolipid protein DM alpha
Proteolipid protein DM gamma
Diffuse panbronchiolitis critical region protein 1 homolog
DER1-like family member protein 1
Protein delta homolog 2
Probable 7-dehydrocholesterol reductase
Short-chain dehydrogenase/reductase 3
DnaJ homolog dnj-2
Chaperone protein dnaJ 49
Chaperone protein dnaJ 72
Desiccation stress protein DSP-22, chloroplastic
Dermatan-sulfate epimerase
Protein DETOXIFICATION 10
Protein DETOXIFICATION 15
Protein DETOXIFICATION 18
Protein DETOXIFICATION 28
Protein DETOXIFICATION 34
Protein DETOXIFICATION 4
Protein DETOXIFICATION 55
Protein DETOXIFICATION 6
Protein Dos
Mamu class II histocompatibility antigen, DR alpha chain
Protein DETOXIFICATION 27
Protein DETOXIFICATION 39
Protein DETOXIFICATION 53
Protein DETOXIFICATION 8
Putative decaprenylphosphoryl-5-phosphoribose phosphatase Rv3807c
Protein DETOXIFICATION 11
Protein DETOXIFICATION 17
Protein DETOXIFICATION 21
Early 3 Conserved Region 1-alpha protein
Putative decaprenylphosphoryl-5-phosphoribose phosphatase MSMEG_6402
Protein DETOXIFICATION 12
Protein DETOXIFICATION 20
Protein DETOXIFICATION 25
Protein DETOXIFICATION 45, chloroplastic
Protein DETOXIFICATION 5
Protein DETOXIFICATION 7
Early E3A 10.5 kDa glycoprotein
Abnormal pharyngeal pumping eat-20
Tumor necrosis factor receptor superfamily member EDAR
Putative decaprenylphosphoryl-5-phosphoribose phosphatase MT3914
Protein DETOXIFICATION 22
Protein DETOXIFICATION 26
Protein DETOXIFICATION 38
Protein DETOXIFICATION 44, chloroplastic
Protein DETOXIFICATION 46, chloroplastic
Early E3B 10.4 kDa protein
Early E3A 11.6 kDa glycoprotein
Early E3 9.0 kDa glycoprotein
Pre-early 3 receptor internalization and degradation alpha protein
Desmoglein-1-beta
Protein DETOXIFICATION 24
Protein ECM12
Protein DETOXIFICATION 13
Protein DETOXIFICATION 23
Protein DETOXIFICATION 36
Protein DETOXIFICATION 49
Early E3 7.7 kDa protein
Etoposide-induced protein 2.4 homolog
ER membrane protein complex subunit 10
ER membrane protein complex subunit 3
Epithelial membrane protein 1
Early E3 17.7 kDa glycoprotein
Putative inactive ferrous iron permease EfeU
ER membrane protein complex subunit 4
ER membrane protein complex subunit 7
3-beta-hydroxysteroid-Delta(8),Delta(7)-isomerase
Protein ECM34
Protein EI24 homolog
Low molecular mass early light-inducible protein HV90, chloroplastic
High molecular mass early light-inducible protein HV58, chloroplastic
Epoxide hydrolase 4
Ethionine resistance-conferring protein 1
C-8 sterol isomerase
Erlin-2
Salt stress-induced hydrophobic peptide ESI3
Leucine-rich repeat-containing protein egg-6
Low molecular mass early light-inducible protein HV60, chloroplastic
Early light-induced protein, chloroplastic
ER membrane protein complex subunit 6
Ectonucleotide pyrophosphatase/phosphodiesterase C27A7.1
Ectonucleoside triphosphate diphosphohydrolase 1
Phosphatidylinositol N-acetylglucosaminyltransferase ERI1 subunit
Endogenous retrovirus group V member 2 Env polyprotein
Expansin-like protein 6
EGF and laminin G domain-containing protein
Putative endo-1,3(4)-beta-glucanase 2
Ectonucleotide pyrophosphatase/phosphodiesterase C27A7.3
Erythropoietin receptor
Ergosterol biosynthetic protein 28
Protein FAM118A
Protein FAM151A
Transmembrane protein FAM155B
Membrane protein FAM159A
Protein FAM163A
Protein FAM173B
Ig-like V-type domain-containing protein FAM187A
Protein FAM187B
Protein FAM189A1
Protein FAM198B
Protein FAM205CP
C-8 sterol isomerase erg2
Expansin-like protein 1
Protein FAM134A
Protein FAM171A1
Protein FAM171A2
Protein FAM171B
Protein FAM173A
Membrane protein FAM174B
Protein FAM189B
Protein FAM19A5
Protein FAM210B
Protein FAM74A1/A2
Protein FAM69B
Protein FAM73A
Protein FAM73B
Epithelial cell adhesion molecule
Epoxide hydrolase 3
Putative esterase
Expansin-like protein 8
Transmembrane protein FAM155A
Protein FAM163B
Protein FAM87A
Erlin-2-B
Endogenous retrovirus group V member 1 Env polyprotein
Protein eva-1 homolog C
Protein EVI2A
Expansin-like protein 9
Protein FAM134C
Membrane protein FAM159B
Protein FAM162B
Protein FAM205A
Protein FAM74A7
Protein FAM69A
Protein FATTY ACID EXPORT 4, chloroplastic
Erlin-2-A
Erlin-1
ER-derived vesicles protein ERV29
EMBRYO SURROUNDING FACTOR 1-like protein 5
Protein EVI2B
Protein FAM189A2
Protein FAM69C
Putative protein FAM172B
Membrane protein FAM174A
Fatty-acid amide hydrolase 2-B
Fas apoptotic inhibitory molecule 3
Failed axon connections homolog
Formin-like protein 8
Protein FAM180B
Protein FAM8A1
Fatty-acid amide hydrolase 2-A
Protein FATTY ACID EXPORT 5
Formin-like protein 11
Formin-like protein 3
Putative protein FAM74A3
Fetal and adult testis-expressed transcript protein
Calcium channel flower homolog
Fetal and adult testis-expressed transcript protein homolog
Formin-like protein 18
Formin-like protein 2
Fibronectin type III domain containing protein 3C1
Fibronectin type-III domain-containing protein 3a
Fibronectin type III domain-containing protein 4
Formin-like protein 10
Formin-like protein 13
Formin-like protein 14
Fibronectin type-III domain-containing protein 3A
F-box only protein 12
Formin-like protein 15
Formin-like protein 16
Formin-like protein 4
Dimethylaniline monooxygenase  1
Focadhesin
Frizzled/smoothened-like sans CRD protein F
Frizzled/smoothened-like sans CRD protein G
Frizzled and smoothened-like protein D
Frizzled and smoothened-like protein F
Frizzled and smoothened-like protein O
Fc receptor-like protein 6
Putative fasciclin-like arabinogalactan protein 20
Frizzled/smoothened-like sans CRD protein E
Formin-like protein 9
Dimethylaniline monooxygenase  5
Fragile X mental retardation 1 neighbor protein
Frizzled/smoothened-like sans CRD protein B
Frizzled/smoothened-like sans CRD protein J
Frizzled and smoothened-like protein E
Frizzled and smoothened-like protein G
Frizzled and smoothened-like protein M
Frizzled and smoothened-like protein P
ATP-dependent zinc metalloprotease FtsH homolog
GDP-fucose transporter 1
Glucose-6-phosphatase
Stable plasmid inheritance protein
Fibronectin type III domain-containing protein 9
GDP-fucose transporter
Protein FYV12
Galactose-3-O-sulfotransferase 4
Glucose-6-phosphatase 3
Flavanone 7-O-glucoside 2''-O-beta-L-rhamnosyltransferase
Protein FLUORESCENT IN BLUE LIGHT, chloroplastic
FERM domain-containing protein 3
FERM domain-containing protein 5
Frizzled/smoothened-like sans CRD protein C
Integral membrane protein GPR137C
Dimethylaniline monooxygenase  4
Putative dimethylaniline monooxygenase  6
Fer-1-like protein 4
Fer-1-like protein 6
Protein FUN14
UDP-glucuronate 4-epimerase 4
Integral membrane protein GPR137
Galactose-3-O-sulfotransferase 2
Galactose-3-O-sulfotransferase 3
Non-lysosomal glucosylceramidase
Formyl peptide receptor-related sequence 6
Fibronectin type III domain-containing protein
Frizzled and smoothened-like protein A
Frizzled and smoothened-like protein K
Frizzled and smoothened-like protein N
Frizzled and smoothened-like protein Q
Golgi anti-apoptotic protein
GDT1-like protein 1, chloroplastic
GDT1-like protein 3
Gamma-glutamyltransferase 7
GDT1-like protein 5
GTPase IMAP family member 1
Glycoprotein integral membrane protein 1
UDP-glucuronate 4-epimerase 2
Putative uncharacterized protein GAFA-1
L-gulonolactone oxidase
Gamma-glutamyltranspeptidase 1
GDT1-like protein 2, chloroplastic
Growth-differentiation transition protein 5
Gigasin-6
Glycophorin-A
GDT1-like protein 4
Gamma-glutamyltransferase 6
GDP-mannose transporter 1
Envelope glycoprotein J
GDP-mannose transporter 2
Probable GDP-mannose transporter 2
Glycosyltransferase-like protein gnt12
Glycoprotein gp100
Galactose-inhibitable lectin 170 kDa subunit
Glycosyltransferase-like protein gnt13
Golgin candidate 1
Protein GPR107
Protein GPR108
Platelet glycoprotein Ib beta chain
Glycerol-3-phosphate acyltransferase 4
GPI mannosyltransferase 3
Glycosylphosphatidylinositol anchor biosynthesis protein 11
GPI mannosyltransferase 2
Probable N-acetylglucosaminyl-phosphatidylinositol de-N-acetylase
Glycophorin-E
Mast cell surface glycoprotein Gp49A
Glyoxylate pathway regulator
Putative polyamine transporter
Glycine-rich protein DC9.1
Golgin-84
Golvesin
N-acetylglucosaminyl-phosphatidylinositol de-N-acetylase
Dense granule protein 2
GRAM domain-containing protein 2
Protein GREB1
Metabotropic glutamate receptor-like protein Q
GRAM domain-containing protein 1A
Glycine-rich protein HC1
Germ cell-specific gene 1 protein
Glycosyltransferase-like protein gnt14
Probable G-protein coupled receptor 25
Glucose-6-phosphate/phosphate-translocator-like protein 1
GLIPR1-like protein 2
Probable glucuronosyltransferase Os03g0287800
Probable glucuronosyltransferase Os05g0559600
Solute carrier family 2, facilitated glucose transporter member 5
Platelet glycoprotein IX
Metabotropic glutamate receptor-like protein R
GRAM domain-containing protein 1C
Probable glucuronosyltransferase Os01g0675500
Probable glucuronosyltransferase Os04g0103100
Probable glucuronosyltransferase Os06g0687900
Probable glucuronosyltransferase Os07g0694400
Gilles de la Tourette syndrome chromosomal region candidate gene 1 protein
Endoglucanase 9
Platelet glycoprotein Ib alpha chain
Platelet glycoprotein V
GREB1-like protein
Metabotropic glutamate receptor-like protein N
Metabotropic glutamate receptor-like protein P
Germ cell-specific gene 1-like protein 2
Golgi apparatus protein 1 homolog
Beta-glucuronosyltransferase GlcAT14A
Glucoside xylosyltransferase 2
H-2 class II histocompatibility antigen, E-D alpha chain
GPI transamidase component GPI17
Endoglucanase 7
GPI-anchored wall transfer protein 1
Heparan-sulfate 6-O-sulfotransferase 1-B
Late protein H7
RLA class II histocompatibility antigen, DP alpha-1 chain
RLA class II histocompatibility antigen, DP beta chain
Golgi apparatus protein 1
Endoglucanase 12
Glucoside xylosyltransferase 1
Heparan-sulfate 6-O-sulfotransferase 3
Hyaluronan synthase-related protein
Metabotropic glutamate receptor-like protein E
Probable glucuronosyltransferase Os01g0157700
Beta-glucuronosyltransferase GlcAT14B
Endoglucanase 18
Late protein H7 homolog
H-2 class II histocompatibility antigen, E-D beta chain
H-2 class II histocompatibility antigen, E-Q beta chain
SLA class II histocompatibility antigen, DQ haplotype C beta chain
Beta-glucuronosyltransferase GlcAT14C
Probable glucuronosyltransferase Os05g0123100
Heparan-sulfate 6-O-sulfotransferase 1-A
H-2 class II histocompatibility antigen, E-K alpha chain
SLA class II histocompatibility antigen, DQ haplotype C alpha chain
BoLa class II histocompatibility antigen, DQB*0101 beta chain
SMH class II histocompatibility antigen, beta-1 chain
DLA class II histocompatibility antigen, DR-1 beta chain
Rano class II histocompatibility antigen, D-1 beta chain
H-2 class II histocompatibility antigen, A-U beta chain
Probable glucuronosyltransferase Os10g0205300
Probable glucuronosyltransferase Os04g0650300
Endoglucanase 10
Protein HflK
Protein HIDE1
HIG1 domain family member 1C
HVA22-like protein f
H-2 class II histocompatibility antigen, E-U alpha chain
SLA class II histocompatibility antigen, DQ haplotype D alpha chain
SLA class II histocompatibility antigen, DQ haplotype D beta chain
Delta-hemolysin
Rano class II histocompatibility antigen, A beta chain
Class II histocompatibility antigen, B-L beta chain
Hemolysin
Protein HPH1
HIG1 domain family member 1B
Putative HIG1 domain family member 2B
Protein HokD
Putative protein HokF
Holin
Histidine-rich carboxyl terminus protein 1
Heparan sulfate glucosamine 3-O-sulfotransferase 2
Probable cation transporter HKT7
Probable cation transporter HKT9
Protein hok
Hypersensitivity to hygromycin-B protein 1
Protein HPH2
UDP-galactose transporter homolog 1
Heparan sulfate glucosamine 3-O-sulfotransferase 4
Alpha-factor-transporting ATPase
Juvenile hormone epoxide hydrolase
Protein HokE
ERAD-associated E3 ubiquitin-protein ligase component HRD3
Heme transporter hrg-5
Interleukin-13 receptor subunit alpha-2
Interferon alpha-inducible protein 27-like protein 2
Toxin HokB
Heme transporter hrg-6
Heparan sulfate glucosamine 3-O-sulfotransferase 6
Heparan sulfate glucosamine 3-O-sulfotransferase 3A1
Hexokinase-1
Interferon alpha-inducible protein 27-like protein 1
Protein HokA
Putative protein HokG
Hyaluronidase-4
Interleukin-11 receptor subunit alpha
Interleukin-11 receptor subunit alpha-2
Interleukin-13 receptor subunit alpha-1
Interleukin-22 receptor subunit alpha-1
Hexokinase-10
Hyaluronan synthase 1
Hyaluronan synthase 3
Juvenile hormone epoxide hydrolase 2
Small toxic protein IbsD
IgW transmembrane form Tm2T7/Tm7T7/Tm3T3
Juvenile hormone epoxide hydrolase 1
Interleukin-2 receptor subunit alpha
Interleukin-2 receptor subunit beta
Hexokinase-2
Interleukin-12 receptor subunit beta-2
Inhibitor of nuclear factor kappa-B kinase-interacting protein
Probable isoprenylcysteine alpha-carbonyl methylesterase ICMEL2
Amino-acid permease inda1
Probable isoprenylcysteine alpha-carbonyl methylesterase ICMEL1
Increased copper sensitivity protein 3
Immunoglobulin domain and leucine-rich repeat-containing protein 2
Immunoglobulin superfamily member 3
Putative transmembrane protein INAFM2
Insulin-induced gene 1 protein
Insulin-induced gene 2 protein
Interferon alpha-inducible protein 27-like protein 2B
Immunoglobulin superfamily member 23
Cytokine receptor common subunit gamma
23 kDa integral membrane protein
Intramembrane protease 2
Inositol 1,4,5-trisphosphate receptor-interacting protein-like 2
Increased recombination centers protein 22-1
25 kDa integral membrane protein
Putative transmembrane protein INAFM1
Increased recombination centers protein 23
Immunoglobulin superfamily member 6
IgW transmembrane form Tm1T3/Tm6T3/Tm3C4
Probable isoprenylcysteine alpha-carbonyl methylesterase ICME
Interphotoreceptor matrix proteoglycan 2
Immediate early response 3-interacting protein 1
Increased recombination centers protein 22
Interleukin-6 receptor subunit alpha
Viral Fc-gamma receptor-like protein IR11
Integral membrane protein 2A
Cytokine receptor common subunit beta
Protein ITFG3
ADIPOR-like receptor IZH3
Protein jagunal homolog
UPF0258 protein KIAA1024-like homolog
UPF0577 protein KIAA1324-like homolog
UPF0606 protein KIAA1549
Dyslexia-associated protein KIAA0319-like protein
Inositol 1,4,5-trisphosphate receptor-interacting protein-like 1
Increased recombination centers protein 22-2
Outer spore wall protein 6
Putative uncharacterized membrane protein IRC2
ADIPOR-like receptor IZH1
Izumo sperm-egg fusion protein 2
Probable jacalin-related lectin 26
UPF0258 protein KIAA1024
UPF0577 protein KIAA1324-like
Protein K8.1
G protein-activated inward rectifier potassium channel 4
G protein-activated inward rectifier potassium channel 2
Keratinocyte-associated protein 3
Putative increased recombination centers protein 13
G protein-activated inward rectifier potassium channel 1
Keratinocyte-associated transmembrane protein 2
Calcium-activated potassium channel subunit beta-1
Protein kish-B
UPF0258 protein KIAA1024-like
Putative calcium-activated potassium channel subunit beta
Protein kish-A
Killer cell lectin-like receptor subfamily G member 2
Beta-glucan synthesis-associated protein KRE6
Kelch domain-containing protein 7A
Kelch repeat-containing protein ARB_01230
Killer cell lectin-like receptor subfamily B member 1B allele B
Killer cell lectin-like receptor 3
Natural killer cells antigen CD94
ATP-sensitive inward rectifier potassium channel 11
Protein KRTCAP2 homolog
Beta-lactamase domain-containing protein 2
Protein LIKE COV 1
KH homology domain-containing protein 1
Lysocardiolipin acyltransferase 1
Bacteriocin lactococcin-A
Lactase-like protein
Protein LIKE COV 3
LEM domain-containing protein 1
Leptin receptor overlapping transcript-like 1
Killer cell lectin-like receptor subfamily B member 1A
Killer cell lectin-like receptor subfamily B member 1B allele A
Killer cell lectin-like receptor subfamily B member 1B allele C
Leucine-rich repeat-containing protein 37A
Leucine-rich repeat-containing protein 37A3
Large neutral amino acids transporter small subunit 2
Killer cell lectin-like receptor subfamily F member 1
Keratinocyte-associated protein 2
Putative L-type amino acid transporter 1-like protein MLAS
Leptin receptor
Lipoma HMGIC fusion partner
Lipoma HMGIC fusion partner-like 1 protein
Lipoma HMGIC fusion partner-like 2 protein
Lipoma HMGIC fusion partner-like 4 protein
Large neutral amino acids transporter small subunit 4
Leukocyte immunoglobulin-like receptor subfamily A member 6
Kremen protein 1
Krueppel homolog 2
Leucine-rich repeat-containing protein 37A2
Leukocyte-associated immunoglobulin-like receptor 1
Hepatic lectin
Lipoma HMGIC fusion partner-like 3 protein
Protein LicB
LMBR1 domain-containing protein 2 homolog
LIMR family protein SELMODRAFT_432208
Lipase maturation factor 2
Putative L-type amino acid transporter 1-like protein IMAA
Levanbiose-producing levanase
Leukocyte immunoglobulin-like receptor subfamily A member 4
1-acyl-sn-glycerol-3-phosphate acyltransferase 3
Lipoma HMGIC fusion partner homolog
Leucine-rich repeat and immunoglobulin-like domain-containing nogo receptor-interacting protein 4
Protein ERGIC-53-like
LIMR family protein SELMODRAFT_432210
LMBR1 domain-containing protein 2
Limb region 1 protein
LMBR1 domain-containing protein 2 homolog A
Low-density lipoprotein receptor class A domain-containing protein 1
Leucine-rich repeat-containing protein 19
Leucine-rich repeat-containing protein 25
Leucine-rich repeat-containing protein 3B
Leucine-rich repeat-containing protein 53
Leucine-rich repeat-containing protein 66
Lipoma HMGIC fusion partner-like protein 4
Leukocyte immunoglobulin-like receptor subfamily B member 5
1-acyl-sn-glycerol-3-phosphate acyltransferase 2
Probable 1-acyl-sn-glycerol-3-phosphate acyltransferase 4
Low-density lipoprotein receptor class A domain-containing protein 2
Leucine-rich repeat, immunoglobulin-like domain and transmembrane domain-containing protein 2
Leucine-rich single-pass membrane protein 1
Hydrophobic protein LTI6B
Leucine-rich repeat and immunoglobulin-like domain-containing nogo receptor-interacting protein 3
Limb region 1 protein homolog
1-acyl-sn-glycerol-3-phosphate acyltransferase PLS1
Leucine-rich repeat-containing protein 37B
Leucine-rich repeat-containing protein 24
Leucine-rich repeat and fibronectin type-III domain-containing protein 4
Leucine-rich repeat and fibronectin type-III domain-containing protein 5
LRRN4 C-terminal-like protein
Leucine-rich single-pass membrane protein 2
Low temperature-induced protein lt101.2
L-selectin
P-selectin
Ceramide synthase subunit LIP1
LIMR family protein Os06g0128200
LMBR1 domain-containing protein 2-B
Putative protein LomR
1-acyl-sn-glycerol-3-phosphate acyltransferase 1, chloroplastic
Probable 1-acyl-sn-glycerol-3-phosphate acyltransferase 5
Lipid phosphate phosphatase-related protein type 5
Latrophilin receptor-like protein A
Low-density lipoprotein receptor-related protein 1
Leucine-rich repeat-containing protein 3
Membrane-spanning 4-domains subfamily A member 13
Membrane-spanning 4-domains subfamily A member 10
Membrane-spanning 4-domains subfamily A member 6D
Leukocyte immunoglobulin-like receptor subfamily A member 5
LIMR family protein SELMODRAFT_416716
Outer spore wall protein 4
Putative autoinducer 2 import ATP-binding protein LsrA homolog
Lymphocyte antigen 75
LysM and putative peptidoglycan-binding domain-containing protein 3
LysM and putative peptidoglycan-binding domain-containing protein 4
Membrane-spanning 4-domains subfamily A member 12
Membrane-spanning 4-domains subfamily A member 6C
Membrane-spanning 4-domains subfamily A member 8
Myeloid-associated differentiation marker-like protein 2
MANSC domain-containing protein 1
Low-density lipoprotein receptor-related protein 12
M1-1 protoxin
Membrane-spanning 4-domains subfamily A member 18
Membrane-spanning 4-domains subfamily A member 4A
Membrane-spanning 4-domains subfamily A member 6B
Membrane-spanning 4-domains subfamily A member 6E
Protein MAL2
Glycoprotein endo-alpha-1,2-mannosidase
Glycoprotein endo-alpha-1,2-mannosidase-like protein
Probable lipid phosphate phosphatase beta
Low-density lipoprotein receptor-related protein 10
Low-density lipoprotein receptor-related protein 3
Membrane-spanning 4-domains subfamily A member 15
Membrane-spanning 4-domains subfamily A member 4D
Myelin and lymphocyte protein
Protein MANBAL
MANSC domain-containing protein 4
Membrane protein UL43 homolog
Mast cell-expressed membrane protein 1
Leucine-rich repeat-containing protein 3C
Leucine-rich repeat neuronal protein 3
T-lymphocyte surface antigen Ly-9
Membrane-spanning 4-domains subfamily A member 14
Leucine-rich repeat-containing protein 70
Low temperature-induced protein lt101.1
Putative membrane-spanning 4-domains subfamily A member 4E
Membrane-spanning 4-domains subfamily A member 6A
Membralin
Microcin H47
Putative multidrug resistance protein
Multiple epidermal growth factor-like domains protein 9
Membrane frizzled-related protein
UNC93-like protein MFSD11
ATP-dependent permease MDL1
Major facilitator superfamily domain-containing protein 6-like
Major facilitator superfamily domain-containing protein 6-like protein B
Multiple inositol polyphosphate phosphatase 1
Malectin-B
Myelin-oligodendrocyte glycoprotein
Cell surface glycoprotein CD200 receptor 1-A
Probable maltase-glucoamylase 2
Probable microsomal glutathione S-transferase
Putative microRNA 17 host gene protein
Membrane magnesium transporter
Cell surface glycoprotein CD200 receptor 1-B
Macrophage-expressed gene 1 protein
Myeloproliferative leukemia protein
Malectin
Myelin protein zero-like protein 3
Mesothelin-like protein
Mucin-like protein
Cell surface glycoprotein CD200 receptor 5
Regulatory protein MokC
Maestro heat-like repeat-containing protein family member 7
Membrane-spanning 4-domains subfamily A member 5
Multidrug resistance-associated protein 9
Maintenance of telomere capping protein 6
Putative maintenance of telomere capping protein 7
Cell surface glycoprotein CD200 receptor 2
Endomucin
Membrane-spanning 4-domains subfamily A member 7
Motile sperm domain-containing protein 3
Mucin-13
Maintenance of telomere capping protein 4
Matrix-remodeling-associated protein 8
Major surface antigen 4
Motile sperm domain-containing protein 1
Matrix-remodeling-associated protein 7
Myeloid-associated differentiation marker homolog
Mucin-15
Mucin-22
Meiotically up-regulated gene 95 protein
Myeloid-associated differentiation marker
N amino acid transport system protein
Meiotically up-regulated gene 106 protein
Mucin-4
Probable myosin-binding protein 4
Myb-like protein R
Probable myosin-binding protein 5
Putative uncharacterized protein encoded by LINC00301
Meiotically up-regulated gene 65 protein
Movement protein p5
Inactive N-acetylated-alpha-linked acidic dipeptidase-like protein 2
Probable myosin-binding protein 6
N-alpha-acetyltransferase 38, NatC auxiliary subunit
N-acetyltransferase 14
Bifunctional heparan sulfate N-deacetylase/N-sulfotransferase 1
ABC transporter NFT1
Neutrophil immunoglobulin-like receptor 1
NKG2-A/NKG2-B type II integral membrane protein
NKG2-F type II integral membrane protein
NTPase KAP family P-loop domain-containing protein 1
Membrane protein NosY
Bifunctional heparan sulfate N-deacetylase/N-sulfotransferase 3
NKG2-E type II integral membrane protein
Protein NNF2
Neural proliferation differentiation and control protein 1
Putative NPIP-like protein LOC613037
Bifunctional heparan sulfate N-deacetylase/N-sulfotransferase 2
Bifunctional heparan sulfate N-deacetylase/N-sulfotransferase 4
Nuclear pore complex-interacting protein family member B5
NKG2-C type II integral membrane protein
Non-structural protein 3
Non-structural protein 4
Non-structural protein 7
Ileal sodium/bile acid cotransporter
Nuclear pore complex-interacting protein family member B4
Non-structural polyprotein 1A
Non-structural protein 3d
Non-structural protein 7b
Non-structural protein 7a
Neuron-specific protein family member 1
Nodal modulator 3
Putative non-structural protein 3b
Non-structural protein 3b
Protein non-structural 7b
Nuclear pore complex-interacting protein family member B11
Nuclear pore complex-interacting protein family member B3
Non-structural 7a protein
Non-structural protein 1, peptide 1
Protein O1
NXPE family member 2
Leptin receptor gene-related protein
Non-structural protein 4a
Probable chlorophyll(ide) b reductase NYC1, chloroplastic
Protein odr-4 homolog
Outer membrane lipoprotein Omp16 homolog
Major outer membrane protein 1
47 kDa outer membrane protein
Outer membrane lipoprotein A
Outer membrane lipoprotein Omp16
Outer membrane protein W
Outer membrane protein X
Outer membrane protein P1
Membrane protein 0
Protein ORF1
ORF-B protein
ORM1-like protein 3
Probable dolichyl-diphosphooligosaccharide--protein glycosyltransferase subunit 3A
Dolichyl-diphosphooligosaccharide--protein glycosyltransferase subunit 4A
Putative oligosaccharyltransferase complex subunit CG9662
NADH-ubiquinone oxidoreductase chain 5
Probable dolichyl-diphosphooligosaccharide--protein glycosyltransferase subunit 3
Dolichyl-diphosphooligosaccharide--protein glycosyltransferase subunit 4
23 kDa piroplasm membrane protein
Protein O1 homolog
Occludin
25 kDa outer-membrane immunogenic protein
Outer membrane protein alpha
Protein orai
Protein ORF28
Dolichyl-diphosphooligosaccharide--protein glycosyltransferase subunit 4C
Otopetrin-1
Otopetrin-2
Putative OX-2 membrane glycoprotein homolog
Protein PHLOEM PROTEIN 2-LIKE A2
Tumor protein p53-inducible protein 11
Protein P7
ORM1-like protein
Oncostatin-M-specific receptor subunit beta
Protein P55
6.7 kDa chloroplast outer envelope membrane protein
Protease 7
Protein ORF5a
Dolichyl-diphosphooligosaccharide--protein glycosyltransferase subunit 4B
Oligosaccharyltransferase complex subunit ostc-A
Peptidoglycan-associated lipoprotein
Outer membrane protease OmpP
Protein orai-2
Hydrophobic protein OSR8
Protein PHLOEM PROTEIN 2-LIKE A10
Outer membrane protein P6
Protein PBN1
Putative uncharacterized protein OPI9
RNA-binding P34 protein
Pecanex-like protein 3
Pecanex-like protein 4
Protein disulfide isomerase-like 5-4
Oligosaccharyltransferase complex subunit ostc-B
Putative POM121-like protein 1-like
Protein P4
Protein pbn1
Protein PLANT CADMIUM RESISTANCE 12
Protein PLANT CADMIUM RESISTANCE 3
Protein PLANT CADMIUM RESISTANCE 6
Pecanex-like protein 1
Pecanex-like protein 2
Protein PLANT CADMIUM RESISTANCE 7
PDZK1-interacting protein 1
Gamma-secretase subunit PEN-2
Protein PLANT CADMIUM RESISTANCE 4
Protein disulfide-isomerase 5-4
pH-response regulator protein palH/RIM21
Probable gamma-secretase subunit PEN-2
PiggyBac transposable element-derived protein 5
Protein PAPPAS
Protein PLANT CADMIUM RESISTANCE 10
Protein PLANT CADMIUM RESISTANCE 9
Plastid division protein PDV1
PGAP2-interacting protein
Protein PLANT CADMIUM RESISTANCE 5
Protein PER1 homolog
Protein disulfide isomerase-like 5-3
Phosphatidylinositol N-acetylglucosaminyltransferase subunit Y
PILR alpha-associated neural protein
1-acyl-sn-glycerol-3-phosphate acyltransferase alpha
Fibrocystin-L
1-acyl-sn-glycerol-3-phosphate acyltransferase delta
Protein PER1
4-hydroxybenzoate geranyltransferase 1
Outer membrane protease E
Phosphatidylinositol-glycan biosynthesis class X protein
Phospholipid phosphatase 6
Probable outer membrane protein pmp1
Probable outer membrane protein pmp7
Putative 1-acyl-sn-glycerol-3-phosphate acyltransferase acl-1
Inactive phospholipase D5
Proteolipid protein 2
Probable outer membrane protein pmp10
Probable outer membrane protein PmpC
Probable outer membrane protein PmpE
Probable outer membrane protein PmpF
Probable outer membrane protein PmpI
Post-GPI attachment to proteins factor 2-like
Polycystic kidney disease 1-related protein
Putative 1-acyl-sn-glycerol-3-phosphate acyltransferase acl-12
Putative 1-acyl-sn-glycerol-3-phosphate acyltransferase acl-2
Probable outer membrane protein PmpA
Probable outer membrane protein PmpB
Probable outer membrane protein PmpG
Localization factor PodJL
Phosphoinositide-interacting protein
Polycystic kidney disease 2-like 2 protein
Probable outer membrane protein pmp11
Probable outer membrane protein pmp15
Probable outer membrane protein pmp20
Probable outer membrane protein pmp21
Plasma membrane proteolipid 3 homolog
Probable outer membrane protein pmp8
1-acyl-sn-glycerol-3-phosphate acyltransferase
Probable outer membrane protein pmp13
Probable outer membrane protein pmp19
Probable outer membrane protein PmpD
Testicular acid phosphatase homolog
Probable outer membrane protein pmp14
Probable outer membrane protein pmp2
Protein PndA
Protein phosphatase 1 regulatory subunit 3A
PQ-loop repeat-containing protein 1
PQ-loop repeat-containing protein 3
Protein PR73
PRA1 family protein 3
ORFB polyprotein
Porimin
Phosphoprotein pp38
Testicular acid phosphatase
Prion-like-(Q/N-rich) domain-bearing protein 25
Pheromone-regulated protein PRM7
Probable outer membrane protein pmp16
Probable outer membrane protein pmp6
Probable outer membrane protein PmpH
PRA1 family protein 1
Pheromone-regulated membrane protein 5
Probable outer membrane protein pmp18
Probable outer membrane protein pmp9
Putative ion channel POLLUX-like 2
Protein PR73 3'-endogenous
PRA1-like protein
Pheromone-regulated membrane protein 10
Proline-rich transmembrane protein 4
PRA1 family protein 2
Prohormone-3
Proline-rich transmembrane protein 3
Protein PR73 5'-endogenous
Prenylated Rab acceptor 1
Prisilkin-39
Phytoene synthase, chloroplastic
Stomatin homolog PH1511
Patched domain-containing protein 4
Presenilin-2
Probable sugar phosphate/phosphate translocator At1g12500
Membrane protein PTM1
Protein psiH
Protein psiL
Protein psiO
Protein psiP
Probable sugar phosphate/phosphate translocator At5g04160
Probable sugar phosphate/phosphate translocator At5g25400
Protein patched homolog 1
Protein patched homolog 2
Patched domain-containing protein 2
PXMP2/4 family protein 1
Protein psiG
Protein psiJ
Protein psiN
Stomatin homolog PYRAB06580
Probable sugar phosphate/phosphate translocator At3g11320
Pre T-cell antigen receptor alpha
Protein psiI
Protein psiK
Probable sugar phosphate/phosphate translocator At1g06470
Probable sugar phosphate/phosphate translocator At3g17430
Probable sugar phosphate/phosphate translocator At1g53660
Probable sugar phosphate/phosphate translocator At3g10290
Probable sugar phosphate/phosphate translocator At3g14410
Probable sugar phosphate/phosphate translocator At5g05820
Plexin domain-containing protein 2
PXMP2/4 family protein 2
Protein QmcA
Transmembrane protein PVRIG
PXMP2/4 family protein 3
Protein Q300
Proline-specific permease
PXMP2/4 family protein 4
UPF0057 membrane protein At4g30660
Protein QNR-71
Retinol dehydrogenase 10
UPF0057 membrane protein At4g30650
Receptor-binding cancer antigen expressed on SiSo cells
Retinol dehydrogenase 10-A
Receptor expression-enhancing protein 2
Receptor expression-enhancing protein 5
UPF0057 membrane protein At1g57550
Retinol dehydrogenase 10-B
Advanced glycosylation end product-specific receptor
Protein RER1D
PH domain-containing rcdII
Ammonium transporter Rh type B-A
Ammonium transporter Rh type C 1
Protein ROOT HAIR DEFECTIVE 3 homolog 1
Protein ROOT HAIR DEFECTIVE 3 homolog 2
Rhesus-like glycoprotein A
RH-like protein IC
RH-like protein IIF
UPF0057 membrane protein At2g24040
Protein RER1
UDP-D-xylose:L-fucose alpha-1,3-D-xylosyltransferase 3
Ammonium transporter Rh type B
Protein ROOT HAIR DEFECTIVE 3
Rhesus-like glycoprotein B
RH-like protein
Regulator of G-protein signaling protein-like
Riboflavin transporter
Protein rexB
Ammonium transporter Rh type C 2
Ammonium transporter Rh type C-like 2
RH-like protein IA
Protein Ric1
Membrane glycoprotein RL11
Ammonium transporter Rh type B-B
Ammonium transporter Rh type C
Blood group Rh(D) polypeptide
RH-like protein ID
RH-like protein IIR
Resistance to inhibitors of cholinesterase protein 3
Protein RIC-3
Regulator of microtubule dynamics protein 2
Protein RL9A
Protein RL8A
Rhoptry neck protein 2
Protein ROT1
Protein rot1
Rhoptry neck protein 2-like protein 2
22 kDa outer membrane protein
Protein reprimo B
Reprimo-like protein
Putative regulator of rDNA transcription protein 1
Protein reprimo A
Protein RRNAD1
Putative regulator of rDNA transcription protein 7
Reticulon-like protein B9
Reticulon-like protein B14
Reticulon-like protein B23
Protein RTE1-HOMOLOG
Reticulon-like protein B22
RUS1 family protein C16orf58 homolog
Reticulon-like protein B10
Reticulon-like protein B16
Protein root UVB sensitive 3
Solute carrier family 35 member E1
Solute carrier family 35 member E4
Solute carrier family 35 member G2
Solute carrier family 35 member G3
Solute carrier family 35 member G5
Solute carrier family 41 member 2
Multidrug and toxin extrusion protein 2
Sperm acrosome membrane-associated protein 1
Reticulon-2
Reticulon-like protein B11
Reticulon-like protein B18
Rotatin
RUS1 family protein homolog
Solute carrier family 35 member E3
Reticulon-like protein B17
Sodium-coupled neutral amino acid transporter 9 homolog
Secreted acidic protein 1B
Subgroup A Rous sarcoma virus receptor pg950
Reticulon-like protein B7
Reticulon-like protein B12
Solute carrier family 35 member E1 homolog
Skeletal aspartic acid-rich protein 2
Sodium/glucose cotransporter 2
Reticulon-1
Reticulon-like protein 2
Reticulon-like protein B15
Reticulon-like protein B21
Protein root UVB sensitive 4
Sperm acrosome membrane-associated protein 6
Putative surface cell antigen sca2
Syndecan-2-B
Protein sel-1 homolog 1
Protein sel-1 homolog 2
Putative solute carrier family 35 member G4
Solute carrier family 35 member G6
Sterol regulatory element-binding protein cleavage-activating protein
Scavenger receptor class A member 3
Solute carrier family 35 member E2B
UDP-N-acetylglucosamine/UDP-glucose/GDP-mannose transporter
Solute carrier family 35 member E2
Scavenger receptor class B member 1
Syndecan-2-A
Protein sidekick homolog
Protein sey1
Protein SEY1
Protein SEY1 homolog
Selenoprotein N
Putative surface cell antigen sca1
Serine-rich 25 kDa antigen protein
Protein shisa-4
Protein sigN139
Integrin beta-like protein D
Superinfection exclusion protein B
Small integral membrane protein 12
Small integral membrane protein 15
Small integral membrane protein 17
Small integral membrane protein 23
Selenoprotein K homolog
Protein SEY1 homolog 1
Protein SEY1 homolog 2
Small integral membrane protein 12-B
Small integral membrane protein 13
Small integral membrane protein 14
Putative transmembrane protein encoded by LINC00862
Suppressor of lethality of KEX2 GAS1 double null mutant protein 1
Selection and upkeep of intraepithelial T-cells protein 10
Selection and upkeep of intraepithelial T-cells protein 4
Selection and upkeep of intraepithelial T-cells protein 7
SLIT and NTRK-like protein 1
Protein SEY1 homolog 3
Sialic acid TRAP transporter large permease protein SiaM
Sialic acid TRAP transporter small permease protein SiaQ
Sialic acid-binding Ig-like lectin 13
SrfA-induced gene G protein
SIGLEC family-like protein 1
Sialic acid-binding Ig-like lectin 5
Small integral membrane protein 10
Sporulation-killing factor biosynthesis protein SkfC
Selection and upkeep of intraepithelial T-cells protein 5
Selection and upkeep of intraepithelial T-cells protein 9
SAYSvFN domain-containing protein 1
Sphingosine-1-phosphate phosphatase 1
Small integral membrane protein 12-A
SID1 transmembrane family member 1
Sialic acid-binding Ig-like lectin 11
Small integral membrane protein 24
Signal peptide peptidase 2
Signal peptide peptidase-like 2
Signal peptide peptidase-like 5
Signal-regulatory protein beta-2
Selection and upkeep of intraepithelial T-cells protein 6
Selection and upkeep of intraepithelial T-cells protein 8
170 kDa surface lectin
Single-pass membrane and coiled-coil domain-containing protein 2
Single-pass membrane and coiled-coil domain-containing protein 4
Small integral membrane protein 19
Small integral membrane protein 7
Small integral membrane protein 8
Sialic acid-binding Ig-like lectin 12
Putative selection and upkeep of intraepithelial T-cells protein 1 homolog
Single-pass membrane and coiled-coil domain-containing protein 1
Single-pass membrane and coiled-coil domain-containing protein 4 homolog
Small integral membrane protein 2
Small integral membrane protein 4
Schlafen family member 12-like
Small hydrophobic protein
Small integral membrane protein 11B
Integrin beta-like protein B
Integrin beta-like protein E
Small integral membrane protein 18
Signal peptide peptidase-like 3
Signal peptide peptidase-like 4
SLAM family member 9
S-cell enriched with leucine-rich repeat-containing protein slrA
Single-pass membrane and coiled-coil domain-containing protein 3
Small integral membrane protein 7-A
Small integral membrane protein 3
Small integral membrane protein 5
Protein SMIM7 homolog
SITS-binding protein
Small integral membrane protein 11A
Superinfection exclusion protein A
Small integral membrane protein 10-like protein 1
Signal peptide peptidase 1
Signal-regulatory protein beta-1 isoform 3
Small integral membrane protein 20
Small integral membrane protein 1
Putative synaptogyrin-2 like protein
Protein SPEC3
Tyrosine-protein phosphatase non-receptor type substrate 1
SrfA-induced gene J protein
Small integral membrane protein 22
Selection and upkeep of intraepithelial T-cells protein 3
Beta-glucan synthesis-associated protein SKN1
Small integral membrane protein 7-B
Small leucine-rich protein 1
VPS10 domain-containing receptor SorCS2
U-spanin
Selection and upkeep of intraepithelial T-cells protein 11
Small integral membrane protein 6
Schwann cell myelin protein
Protein SPA, chloroplastic
Serpentine receptor class delta-2
Serpentine receptor class delta-31
Serpentine receptor class delta-44
Serpentine receptor class delta-40
Serpentine receptor class delta-59
Protein SLM6
Small integral membrane protein 21
Protein SNA4
Spanin, inner membrane subunit
Suppressor of tumorigenicity 7 protein-like
Protein ST7 homolog
Suppressor of tumorigenicity 7 protein
Synaptogyrin-4
SPX and EXS domain-containing protein 1
SPX and EXS domain-containing protein 3
Serpentine receptor class alpha/beta-14
Serpentine receptor class delta-30
Serpentine receptor class delta-33
Serpentine receptor class delta-45
Serpentine receptor class delta-47
Serpentine receptor class delta-51
Serpentine receptor class delta-63
Serpentine receptor class V-1
Sexual stage-specific protein
Stationary phase protein 3
SPX and EXS domain-containing protein 5
Serpentine receptor class H-72
Protein SrnB
Signal recognition particle receptor subunit beta
Serine/arginine-rich protein PSR
Translocon-associated protein subunit alpha
Translocon-associated protein subunit delta
Suppressor of tumorigenicity 7 protein homolog
Store-operated calcium entry regulator STIMATE
Rhodanese-like domain-containing protein 4A, chloroplastic
Sporulation-specific protein 73
Serpentine receptor class delta-19
Serpentine receptor class delta-3
Serine-rich and transmembrane domain-containing protein 1
Serpentine receptor class U-26
Serine-rich single-pass membrane protein 1
Rhodanese-like domain-containing protein 10
Surfeit locus protein 4
Sushi domain-containing protein 6
Serpentine receptor class alpha-39
Serpentine receptor class delta-28
Serpentine receptor class T-55
Translocon-associated protein subunit beta
Stabilin-2
Protein stum homolog
Sushi domain-containing protein 5
SPX and EXS domain-containing protein 2
SPX and EXS domain-containing protein 4
Serpentine receptor class delta-18
Serpentine receptor class delta-25
Serpentine receptor class delta-34
Serpentine receptor class delta-46
Serpentine receptor class delta-50
Serpentine receptor class XA 10
Stomatin-1
Stomatin-4
Rhodanese-like domain-containing protein 9, chloroplastic
Serpentine receptor class delta-1
Serpentine receptor class delta-26
Serpentine receptor class delta-32
Serpentine receptor class delta-41
Serpentine receptor class delta-48
Serpentine receptor class delta-55
Serpentine receptor class delta-7
Scavenger receptor class F member 2
Stomatin-3
SUN domain-containing protein 3
Stomatin-2
Sublancin immunity protein sunI
Surfeit locus protein 4 homolog
Sushi domain-containing protein 1
Sushi domain-containing protein 4
Transmembrane protein 132A
Transmembrane protein 132B
Transmembrane protein 151B
Transmembrane protein 170A
Transmembrane protein 178A
Transmembrane protein 179
Transmembrane protein 179B
Transmembrane protein 191B
Transmembrane protein 200A
Taste receptor type 2 member 38
Taste receptor type 2 member 39
Taste receptor type 2 member 41
TRAF3-interacting JNK-activating modulator
Taste receptor type 2 member 3
Taste receptor type 2 member 4
Transmembrane protein 132E
Transmembrane protein 198-B
Transmembrane protein 214-A
Taste receptor type 2 member 40
Transmembrane protein 41A-B
T-cell surface protein tactile
Putative protein tag-53
T-cell-interacting, activating receptor on myeloid cells protein 1
Transmembrane protein 106C
Promethin-A
Transmembrane protein 161B
Transmembrane protein 168-A
Transmembrane protein 170B
Transmembrane protein 178B
Transmembrane protein 184C
Transmembrane protein 185A
Transmembrane protein 191A
Transmembrane protein 200B
Transmembrane protein 214-B
Transmembrane protein 229B
Taste receptor type 2 member 50
Transmembrane protein 151A
Transmembrane protein 161A
Transmembrane protein 200C
Transmembrane protein 263-B
Transmembrane protein 39A-A
Transmembrane 4 L6 family member 19
Transmembrane 4 L6 family member 5
Taste receptor type 2 member 7
Translocation and assembly module TamA
Protein trichome birefringence-like 12
Protein trichome birefringence-like 25
Protein trichome birefringence-like 34
Protein trichome birefringence-like 38
Protein trichome birefringence-like 6
Transferrin-binding protein 2
T-cell receptor beta chain C region
T-cell receptor gamma chain C region C10.5
T-cell receptor gamma chain C region 5/10-13
T-cell leukemia translocation-altered gene protein homolog
Transmembrane protein 106A
Transmembrane protein 132C
Transmembrane protein 144 homolog A
Transmembrane protein 150B-A
Transmembrane protein 150B-B
Transmembrane protein 183B
Transmembrane protein 185B
Transmembrane protein 185-like
Transmembrane protein 191C
Transmembrane protein 251-A
Transmembrane protein 255A
Transmembrane 4 L6 family member 1
Transmembrane 4 L6 family member 4
Protein trichome birefringence-like 13
Protein trichome birefringence-like 32
Protein trichome birefringence-like 37
Probable transferrin-binding protein 2
T-cell receptor beta-1 chain C region
Tetraspanin-4
Testis-specific protein TEX28
Transmembrane protein 144 homolog B
Promethin-B
Transmembrane protein 183A
Transmembrane protein 229A
Transmembrane protein 229b
Transmembrane protein 255B
Taste receptor type 2 member 5
Protein TAPT1 homolog
Protein trichome birefringence-like 15
Protein trichome birefringence-like 18
Protein trichome birefringence-like 24
Protein trichome birefringence-like 30
T-cell receptor alpha chain C region
T-cell receptor gamma chain C region DFL12
Tetraspanin-5
Testis-expressed sequence 2 protein
Tiger protein I3
Transmembrane protein 39A-B
Protein trichome birefringence-like 11
Protein trichome birefringence-like 20
Protein trichome birefringence-like 40
Protein trichome birefringence-like 45
Protein trichome birefringence-like 9
T-cell receptor beta-2 chain C region
T-cell receptor gamma chain C region C7.5
Transmembrane epididymal protein 1A
Tomoregulin-2
Testis-expressed sequence 29 protein
Transmembrane protein 131-like
Transmembrane protein 150B
Transmembrane protein 251-B
Transmembrane protein 263-A
Transmembrane protein 41A-A
Transmembrane 4 L6 family member 18
Protein trichome birefringence-like 23
Tetraspanin-12
Movement protein TGB2
Tiger protein O1
TBC1 domain family member 9B
Protein trichome birefringence-like 10
Protein trichome birefringence-like 21
Protein trichome birefringence-like 35
Protein trichome birefringence-like 41
Protein trichome birefringence-like 5
Tetraspanin-6
Transforming growth factor-beta receptor type 3-like protein
Thrombospondin type-1 domain-containing protein 7B
Protein trichome birefringence-like 14
Protein trichome birefringence-like 19
Protein trichome birefringence-like 33
Protein trichome birefringence-like 42
Protein trichome birefringence-like 8
Transmembrane epididymal protein 1
Tetraspanin-11
Tetraspanin-14
Tetraspanin-16
T-cell immunomodulatory protein homolog
Transmembrane protein 104 homolog
Transmembrane protein 116
Transmembrane protein 121
Transmembrane protein 128
Protein trichome birefringence-like 26
Protein trichome birefringence-like 31
Protein trichome birefringence-like 36
Protein trichome birefringence-like 43
Protein trichome berefringence-like 7
Topoisomerase I damage affected protein 4
Protein TED1
Tetraspanin-10
Tetraspanin-2
Tissue factor
Thrombospondin type-1 domain-containing protein 1
Transmembrane protein 105
Transmembrane protein 140
Transmembrane protein 144
Transmembrane protein 147
Transmembrane protein 14A
Transmembrane protein 14B
Transmembrane protein 14E
Transmembrane protein 164
Transmembrane protein 177
Transmembrane protein 196
Transmembrane protein 202
Transmembrane protein 218
Transmembrane protein 220
Transmembrane protein 222
Transmembrane protein 230
Transmembrane protein 234 homolog
Transmembrane protein 236
Transmembrane protein 238
Transmembrane protein 242
Transmembrane protein 243
Transmembrane protein 245
Transmembrane protein 248
Transmembrane protein 251
Transmembrane protein 252
Transmembrane protein 254
TM2 domain-containing protein C02F5.13
TM2 domain-containing protein CG10795
TM2 domain-containing protein 2
Transmembrane protein 39B
Transmembrane protein 50A
Transmembrane protein 56 homolog B
Transmembrane protein 59-like
Lysoplasmalogenase-like protein TMEM86A
Transmembrane protein 88B
Transmembrane 9 superfamily member 2
Transmembrane 9 superfamily member 4
Transmembrane and coiled-coil domain-containing protein 5B
Transmembrane and coiled-coil domains protein 1
Transmembrane and coiled-coil domain-containing protein 1 homolog
Transmembrane and coiled-coil domain-containing protein 4
Transmembrane protein 19
Transmembrane protein 51
Transmembrane protein 54
Transmembrane protein 69
Transmembrane protein 71
Transmembrane protein 82
Transmembrane protein 95
Transmembrane protein 98
Transmembrane and TPR repeat-containing protein CG31690
Transmembrane and TPR repeat-containing protein 2
Transmembrane and TPR repeat-containing protein 4
Transmembrane and ubiquitin-like domain-containing protein 2
Thioredoxin-related transmembrane protein 2
Tetraspanin-13
Tetraspanin-15
Tetraspanin-17
T-cell immunomodulatory protein
Plastidic ATP/ADP-transporter
TLC domain-containing protein 2
Transmembrane protein 108
Transmembrane protein 114
Transmembrane protein 117
Transmembrane protein 125
Transmembrane protein 158
Transmembrane protein 160
Transmembrane protein 171
Transmembrane protein 174
Transmembrane protein 180
Transmembrane protein 182
Transmembrane protein 183
Transmembrane protein 199
Transmembrane protein 205
Transmembrane protein 206
Transmembrane protein 210
Transmembrane protein 212
Transmembrane protein 215
Transmembrane protein 216
Transmembrane protein 232
Transmembrane protein 234
Transmembrane protein 241
Transmembrane protein 246
Transmembrane protein 247
Transmembrane protein 258 homolog
Transmembrane protein 263
Transmembrane protein 45A
Transmembrane protein 45B
Transmembrane protein 50B
Transmembrane protein 52B
Transmembrane protein 56 homolog A
Transmembrane protein 56-A
Transmembrane protein 56-B
Transmembrane protein 87A
Transmembrane protein 87B
Transmembrane and coiled-coil domains protein 3
Transmembrane gamma-carboxyglutamic acid protein 4
Transmembrane domain-containing protein TMIGD3
Transmembrane protein 26
Transmembrane protein 40
Transmembrane protein 47
Transmembrane protein 50 homolog
Transmembrane protein 60
Transmembrane and TPR repeat-containing protein CG4050
Thioredoxin-related transmembrane protein 2-B
Tumor necrosis factor ligand superfamily member 4
Transmembrane protein 120 homolog
Transmembrane protein 129
Transmembrane protein 136
Transmembrane protein 141
Transmembrane protein 14 homolog
Transmembrane protein 169
Transmembrane protein 207
Transmembrane protein 209
Transmembrane protein 260
Transmembrane protein 261
TM2 domain-containing protein 1
TM2 domain-containing protein C41D11.9
TM2 domain-containing protein DDB_G0278163
TM2 domain-containing protein Y66D12A.21
TM2 domain-containing protein 3
Transmembrane protein 41A
Transmembrane protein 41 homolog
Transmembrane BAX inhibitor motif-containing protein 4
Transmembrane and coiled-coil domain-containing protein 5A
Transmembrane and coiled-coil domains protein 2
Transmembrane gamma-carboxyglutamic acid protein 1
Transmembrane gamma-carboxyglutamic acid protein 2
Transmembrane and immunoglobulin domain-containing protein 1
Transmembrane protein 42
Transmembrane protein 52
Transmembrane protein 56
Transmembrane protein 62
Transmembrane protein 72
Transmembrane protein 80
Transmembrane protein 81
Tumor necrosis factor
Transport and Golgi organization protein 6 homolog
Torsin-4A
Transmembrane protein 130
Transmembrane protein 151 homolog
Transmembrane protein 154
Promethin
Transmembrane protein 168
Transmembrane protein 186
Transmembrane protein 189
Transmembrane protein 201
Transmembrane protein 203
Transmembrane protein 211
Transmembrane protein 213
Transmembrane protein 214
Transmembrane protein 221
Transmembrane protein 223
Transmembrane protein 257
Transmembrane protein 262
TM2 domain-containing protein DDB_G0287015
TM2 domain-containing protein ZK858.5
Transmembrane protein 39A
Transmembrane and coiled-coil domain-containing protein 1
Transmembrane gamma-carboxyglutamic acid protein 3
Transmembrane protein 92
Transmembrane 9 superfamily member 10
Transmembrane and TPR repeat-containing protein CG5038
Thioredoxin-related transmembrane protein 2-A
Thioredoxin-related transmembrane protein 2 homolog
Tumor necrosis factor receptor superfamily member 5
Taste receptor type 2 member 120
Taste receptor type 2 member 123
Transmembrane protein 104
Transmembrane protein 134
Transmembrane protein 156
Transmembrane protein 170 homolog
Transmembrane protein 2
Transmembrane protein 43 homolog
Transmembrane protein 44
Transmembrane protein 75
Lysoplasmalogenase homolog
Transmembrane protein 99
Transmembrane and TPR repeat-containing protein F38B6.6
Torsin-4A-A
Tapasin
Taste receptor type 2 member 134
Translocating chain-associated membrane protein 1
Triggering receptor expressed on myeloid cells 1
T-cell receptor gamma chain C region 1
Triple QxxK/R motif-containing protein
Transmembrane protein 135
Transmembrane protein 139
Transmembrane protein 144 homolog
Transmembrane protein 14C
Transmembrane protein 14D
Transmembrane protein 164 homolog
Transmembrane protein 244
Transmembrane protein 249
Transmembrane protein 253
Transmembrane protein 258
TM2 domain-containing protein CG11103
Transmembrane protein 53-B
Putative uncharacterized protein encoded by LINC00052
Lymphotoxin-beta
Transmembrane protein adipocyte-associated 1 homolog
Conjugal transfer protein TrbI
Transmembrane protein 208
Transmembrane protein 217
Transmembrane protein 235
Transmembrane protein 239
Transmembrane protein 256
Transmembrane protein 260 homolog
Transmembrane protein 74B
Transmembrane 9 superfamily member 3
Transmembrane protein 31
Transmembrane protein 53
Transmembrane protein 78
Transmembrane 9 superfamily member 11
Transmembrane 9 superfamily member 9
Putative outer membrane protein assembly factor TP_0326
Short transient receptor potential channel 5
T-cell immunoglobulin and mucin domain-containing protein 4
Protein TlpB
Transmembrane protein 133
TM2 domain-containing protein DDB_G0277895
Transmembrane protein 53-A
Transmembrane protein 61
Transmembrane and TPR repeat-containing protein CG4341
Protein TOS2
Probable conjugal transfer protein TrbI
Torsin-4A-B
Taste receptor type 2 member 107
Taste receptor type 2 member 114
Short transient receptor potential channel 1
Serine palmitoyltransferase-regulating protein TSC3
Taste receptor type 2 member 110
Tetraspanin-31-A
TPA-induced transmembrane protein homolog
Tetraspanin-8
Tetraspanin-9
Probable tetraspanin tspB
Putative transcript Y 13 protein
Golgi apparatus membrane protein TVP18
Golgi apparatus membrane protein tvp18
Golgi apparatus membrane protein TVP23
Golgi apparatus membrane protein TVP38
Thioredoxin domain-containing protein 15
Golgi apparatus membrane protein tvp-18
Golgi apparatus membrane protein tvp23
Golgi apparatus membrane protein tvp38
Putative immediate early glycoprotein
UPF0376 protein C17B7.2
UPF0389 protein GA21628
Putative UPF0496 protein 2
UPF0496 protein At3g28290
Putative UPF0496 protein 5
UPF0496 protein At5g66675
UPF0496 protein At3g49070
Short transient receptor potential channel 2 homolog
Protein UL148A
Glycoprotein U20
UPF0376 protein C36C5.12
UPF0496 protein At4g34320
UPF0496 protein 1
Protein U4
Short transient receptor potential channel 6
Probable tetraspanin tspC
Probable tetraspanin tspE
TYRO protein tyrosine kinase-binding protein
Protein U15
U21 glycoprotein
Protein anon-73B1
Glycoprotein U24
UPF0496 protein At4g34330
UPF0496 protein At3g28310/At3g28320
UPF0496 protein At3g57100
Tetraspanin-31-B
Tetraspanin-7
Probable tetraspanin tspD
TPA-induced transmembrane protein
Protein TEX261
Protein UL148D
Protein U17
Glycoprotein U22
UDP-glucuronosyltransferase 2B14
UDP-glucuronosyltransferase 2B23
Membrane glycoprotein UL9
Protein UL133
Membrane glycoprotein UL139
G-protein coupled receptor homolog U12
Virion egress protein UL34 homolog
Tetraspanin-31
Tetraspanin-33
Probable tetraspanin tspA
Thioredoxin domain-containing protein 11
Protein UL148B
Glycoprotein U23
UPF0496 protein 3
UPF0496 protein At3g19250
Protein U91
Ubiquitin-associated domain-containing protein 2
UDP-glucuronosyltransferase 2C1
UDP-glucuronosyltransferase 2B33
Protein UL11
Membrane glycoprotein UL144
UNC93-like protein 3
Golgi apparatus membrane protein TVP23 homolog B
Protein U23
UPF0496 protein At3g28270
UPF0496 protein 4
UDP-glucuronosyltransferase 2A3
UDP-glucuronosyltransferase 2B9
Membrane protein UL43
UNC93-like protein 1
Glycoprotein U21
Protein U22
UPF0389 protein CG9231
UPF0496 protein At5g66670
UPF0496 protein At1g20180
UPF0603 protein OsI_019212, chloroplastic
UDP-glucuronosyltransferase 1-6
UDP-glucuronosyltransferase 2B13
UDP-glucuronosyltransferase 2B16
UDP-glucuronosyltransferase 2B18
CEACAM1-like protein UL7
Protein UL140
Uroplakin-1b
Uroplakin-3b-like protein
Membrane protein US13
Transmembrane protein HWLF5
Transmembrane protein HWLF4
Membrane protein US20
Protein UL148C
Protein U24
UPF0376 protein F10G2.1
UPF0496 protein At5g66660
UPF0496 protein At3g48650
UPF0496 protein At3g28300
UDP-glucuronosyltransferase 2A2
Membrane protein UL121
Membrane glycoprotein UL142
Protein UL16
Membrane protein UL20
Virion egress protein UL34
Membrane protein US14
Membrane protein US21
UDP-glucuronic acid decarboxylase 4
UDP-glucuronosyltransferase 1-4
UDP-glucuronosyltransferase 2B20
UDP-glucuronosyltransferase 2B30
Ectoine/5-hydroxyectoine TRAP transporter large permease protein UehC
UDP-galactose transporter 1
Putative UDP-glucuronosyltransferase ugt-47
Protein UL141
G-protein coupled receptor homolog M33
Envelope protein US28
UDP-glucuronic acid decarboxylase 1
G-protein coupled receptor homolog FPV021
Vasorin
G-protein coupled receptor homolog C3
UDP-glucuronosyltransferase 3A1
UDP-glucuronosyltransferase 2B19
Ectoine/5-hydroxyectoine TRAP transporter small permease protein UehB
Membrane protein UL120
Membrane glycoprotein UL18
G-protein coupled receptor homolog R33
Protein UL42
UNC93-like protein 2
Protein unc-93 homolog A
Protein unc-80 homolog
Membrane glycoprotein US10
Protein US17
Transmembrane protein US18
G-protein coupled receptor homolog US28
Lectin-like protein EP153R
Transmembrane protein B169L
Membrane protein I177L
Transmembrane protein C257L
Transmembrane protein B66L
Putative membrane protein ORF6
G-protein coupled receptor
UDP-glucuronosyltransferase
Membrane protein UL148
Virion egress protein 69
G-protein coupled receptor homolog FPV206
Vesicular acetylcholine transporter
Vesicle-associated protein 1-3
Putative myristoylated protein 006R
Protein E248R
Transmembrane protein I329L
Transmembrane protein 066L
G-protein coupled receptor homolog ECRF3
Putative C-type lectin protein A7
Non-structural glycoprotein
Transmembrane protein EP84R
Putative assembly protein ORF301
SUSHI domain-containing protein E3
Protein VP5
Putative uncharacterized protein VPS61
Putative uncharacterized protein VPS65
Unique short US10 glycoprotein
Transmembrane protein US19
Transmembrane protein HWLF3
Transmembrane protein 010R
Probable cysteine proteinase 024R
Putative membrane protein ORF10
viral G-protein coupled receptor
Protein virB3
38 kDa phosphoprotein
Protein alpha-1
Suppressor of RNA silencing
V-set and transmembrane domain-containing protein 1
V-set and transmembrane domain-containing protein 5
V-set and transmembrane domain-containing protein 2B
Williams-Beuren syndrome chromosomal region 28 protein homolog
WSCD family member CG9164
Membrane protein US15
Protein US16
Putative membrane protein ORF8
Putative membrane protein ORF19
Putative membrane protein ORF51
Gene 58 protein
Putative membrane protein ORF59
Protein virB2
Protein U26
WW domain binding protein 1-like
G-protein coupled receptor homolog FPV027
Putative membrane protein ORF7
Probable major glycoprotein
G-protein coupled receptor 74
G-protein coupled receptor A5
G-protein coupled receptor homolog K2
Outer membrane protein lom
V-set and immunoglobulin domain-containing protein 10
G-protein coupled receptor homolog U51
XK-related protein 2
Testis-specific XK-related protein, Y-linked 2
G-protein coupled receptor E6
Glycoprotein GX
Non-structural protein 5
WSC domain-containing protein 2
Putative myristoylated protein 118L
Transmembrane protein 213R
Probable cysteine proteinase 224L
V-set and immunoglobulin domain-containing protein 10-like
Membrane transport protein XK
Putative transmembrane protein ORF17
Putative transmembrane protein ORF28
Putative transmembrane protein ORF32
Putative transmembrane protein ORF34
Putative transmembrane protein 49
Transmembrane protein ORF52
Putative transmembrane protein ORF68
Putative transmembrane protein ORF85
Probable autotransporter ROD_p1121
Putative uncharacterized protein VPS69
Protein U7
Protein U9
XK-related protein 9
Putative transmembrane protein ORF25
Putative transmembrane protein ORF92
Putative transmembrane protein ORF108
Putative adhesin A1I_01215
UPF0333 protein MMP1283
Putative adhesin RF_1314
Putative DUF21 domain-containing protein At1g03270
Cystine/glutamate transporter
XK-related protein 7
Putative transmembrane protein ORF27
Putative transmembrane protein ORF57
Putative transmembrane protein ORF112
Putative transmembrane protein ORF116
Putative transmembrane protein ORF119
Putative transmembrane protein ORF1334
G-protein coupled receptor homolog Q2/3L
Protein WIR1B
WSCD family member GA21586
XK-related protein 5
YbbR-like domain-containing protein BB_0009
Putative transmembrane protein ORF13
Putative transmembrane protein ORF21
UPF0154 protein MYPE400
Putative outer membrane protein RT0057
Putative transmembrane protein ORF80
Putative transmembrane protein ORF88
Putative uncharacterized protein DDB_G0287489
Protein WIR1A
WPP domain-interacting tail-anchored protein 2
WAT1-related protein At3g02690, chloroplastic
XK-related protein 4
Putative transmembrane protein 10
Putative outer membrane protein RBE_0022
Putative transmembrane protein ORF24
Putative transmembrane protein 57
Putative outer membrane protein RP075
Putative outer membrane protein RC0105
Putative adhesin RBE_1271
Putative adhesin RMA_1308
UPF0154 protein MYPU_1460
Putative transmembrane protein ORF159
UPF0311 protein RPA1785
Putative uncharacterized transmembrane protein DDB_G0281321
Putative leucine-rich repeat-containing protein DDB_G0281931
Putative uncharacterized protein DDB_G0268382
XK-related protein 6
Putative outer membrane protein RF_0060
Putative transmembrane protein 74
Putative outer membrane protein NMB0088
Putative transmembrane protein ORF91a
Putative uncharacterized protein DDB_G0271238
UPF0333 protein MJ1400
Putative uncharacterized transmembrane protein DDB_G0293652
Putative transmembrane protein ORF289
Putative transmembrane protein ORF23
Putative transmembrane protein ORF26
Protein 0.5
Putative transmembrane protein ORF63
Putative transmembrane protein ORF103
Putative transmembrane protein ORF111
Late embryogenesis abundant protein At1g64065
UPF0252 protein PF1496
UPF0333 protein MMP1685
Putative transmembrane protein ORF175
Putative transmembrane protein ORF202
UPF0154 protein UU265
Putative polysaccharide polymerase RP358
Putative uncharacterized transmembrane protein DDB_G0281023
Putative polysaccharide polymerase RBE_0399
Putative transmembrane protein ORF66
Putative transmembrane protein ORF72
Putative adhesin RC1281
UPF0252 protein PH1321
Protein 1.4
Putative uncharacterized transmembrane protein DDB_G0291932
Putative uncharacterized transmembrane protein DDB_G0293028
CBS domain-containing protein CBSCBSPB2
UPF0311 protein CA_C3321
Putative uncharacterized transmembrane protein DDB_G0291326
Putative uncharacterized transmembrane protein DDB_G0291480
Putative uncharacterized transmembrane protein DDB_G0291600
Putative uncharacterized transmembrane protein DDB_G0281105
Putative uncharacterized transmembrane protein DDB_G0281145
UPF0070 protein NGO0425
Putative uncharacterized transmembrane protein DDB_G0281883
FAS1 domain-containing protein SELMODRAFT_448915
Putative transmembrane protein ORF166
UPF0392 protein RCOM_0530710
Putative UPF0481 protein At3g02645
ER membrane protein complex subunit 7 homolog
Putative uncharacterized transmembrane protein DDB_G0283807
Putative polysaccharide polymerase RF_0568
Putative uncharacterized transmembrane protein DDB_G0284801
Putative uncharacterized protein DDB_G0280071
UPF0333 protein MJ1469
UPF0392 protein At1g27200
UPF0311 protein Rpal_1987
UPF0154 protein MG335.1
Transmembrane protein DDB_G0273707/DDB_G0273361
Heat shock protein DDB_G0283913
Putative uncharacterized transmembrane protein DDB_G0281897
DUF21 domain-containing protein At4g14240
Putative uncharacterized transmembrane protein DDB_G0292500
UPF0154 protein MG335.1 homolog
Putative uncharacterized transmembrane protein DDB_G0280899
UPF0333 protein MMP0528
CBS domain-containing protein CBSCBSPB1
Fido domain-containing protein DDB_G0283145
Putative uncharacterized transmembrane protein DDB_G0284827
Putative uncharacterized protein DDB_G0284397
Putative uncharacterized protein DDB_G0284665
Putative uncharacterized transmembrane protein DDB_G0289959
Putative uncharacterized protein DDB_G0280341
Putative uncharacterized transmembrane protein DDB_G0284159
Putative uncharacterized transmembrane protein DDB_G0290203
Transmembrane protein DDB_G0292058
DUF21 domain-containing protein At2g14520
LIMR family protein DDB_G0283707
Putative uncharacterized transmembrane protein DDB_G0280915
Putative uncharacterized protein DDB_G0292940
Putative uncharacterized transmembrane protein DDB_G0281465
UPF0092 membrane protein RP585
UPF0070 protein BU608
Putative uncharacterized transmembrane protein DDB_G0285347
Putative uncharacterized protein DDB_G0268542
G8 domain-containing protein DDB_G0286897
Putative uncharacterized transmembrane protein DDB_G0287329
UPF0311 protein blr7842
Putative uncharacterized protein DDB_G0274369
Putative transmembrane protein DDB_G0277665
Putative uncharacterized protein DDB_G0280391
Putative uncharacterized transmembrane protein DDB_G0285049
Transmembrane protein DDB_G0269096
Putative uncharacterized transmembrane protein DDB_G0290991
Putative uncharacterized protein DDB_G0267482
Putative uncharacterized membrane protein YAL031W-A
UPF0057 membrane protein C04G6.5
Transmembrane protein DDB_G0272716
Putative adhesin A1E_05320
Putative transmembrane protein ORF545
Putative uncharacterized protein DDB_G0286829
Putative uncharacterized transmembrane protein DDB_G0288353
Transmembrane protein DDB_G0274347
Putative uncharacterized transmembrane protein DDB_G0288627
Putative uncharacterized transmembrane protein DDB_G0285779
Putative uncharacterized protein DDB_G0287527
Putative uncharacterized protein DDB_G0272506
Putative uncharacterized membrane protein YAL016C-A
Putative uncharacterized protein YBR109W-A
Putative uncharacterized membrane protein YBR224W
Putative uncharacterized protein YBR232C
Putative uncharacterized membrane protein YBL062W
Putative uncharacterized protein YBL100C
Putative uncharacterized protein YCR097W-A
Putative uncharacterized membrane protein C622.06c
Putative transmembrane protein At3g54730
LIMR family protein DDB_G0293610
UPF0070 protein HI_0370
Putative uncharacterized protein DDB_G0292342
Putative uncharacterized transmembrane protein DDB_G0286493
Putative uncharacterized protein DDB_G0284425
Putative uncharacterized transmembrane protein DDB_G0286087
Putative uncharacterized transmembrane protein DDB_G0288661
Putative transmembrane protein ORF807
UPF0392 protein Os08g0121900
Putative uncharacterized transmembrane protein DDB_G0287945
Putative uncharacterized membrane protein YAL059C-A
Putative uncharacterized protein YBR292C
Putative uncharacterized membrane protein C622.07
Tic20 family protein Ycf60
Putative uncharacterized protein YDR008C
Putative uncharacterized protein YDL050C
Putative uncharacterized protein YDR034C-A
Putative uncharacterized protein YDR431W
Putative uncharacterized protein YDR491C
Putative uncharacterized protein YDR521W
Putative uncharacterized protein YDL159C-B
Putative uncharacterized membrane protein YDR187C
CBS domain-containing protein CBSCBSPB3
Putative transmembrane protein ORF346
Putative polysaccharide polymerase RT0347
UPF0333 protein MJ0431
Putative polysaccharide polymerase RC0486
CBS domain-containing protein CBSCBSPB5
DUF21 domain-containing protein At5g52790
Putative uncharacterized transmembrane protein DDB_G0285229
Putative uncharacterized transmembrane protein DDB_G0284993
G8 domain-containing protein DDB_G0286311
Putative adhesin A1C_06425
Putative uncharacterized protein DDB_G0286831
UPF0333 protein MJ0832.1
Putative uncharacterized protein DDB_G0289825
UPF0252 protein PF0978
Putative uncharacterized protein YAL042C-A
Putative uncharacterized protein YAR069C
Putative UPF0479 protein YBL113W-A
Putative uncharacterized protein YBR089W
Putative uncharacterized membrane protein C622.02
Putative uncharacterized protein YCL065W
Putative uncharacterized transmembrane protein C1235.18
Putative uncharacterized protein YDL011C
Putative uncharacterized protein YDL041W
Cysteine-rich and transmembrane domain-containing protein YDR034W-B
Putative UPF0479 protein YDR545C-A
Putative uncharacterized membrane protein YER148W-A
UPF0392 protein C35A5.5
Putative uncharacterized membrane protein YER076W-A
CBS domain-containing protein CBSCBSPB4
UPF0070 protein bbp_550
UPF0154 protein MYCGA5700
Putative uncharacterized transmembrane protein DDB_G0287865
Putative uncharacterized protein DDB_G0280563
Putative uncharacterized protein DDB_G0285135
Putative uncharacterized protein DDB_G0280355
Transmembrane domain-containing protein DDB_G0287209
Putative adhesin A1G_07050
Putative adhesin RP828
Putative transmembrane protein DDB_G0267530
Putative uncharacterized membrane protein YAL026C-A
Transmembrane protein LOC653160
Inactive deaminase YBR284W
Putative uncharacterized membrane protein YBR113W
Putative uncharacterized protein YCR081C-A
LIMR family protein C622.11
UPF0057 membrane protein T23F2.4
Putative uncharacterized membrane protein YDR048C
Putative uncharacterized protein YDL068W
Putative uncharacterized protein YDR269C
Putative uncharacterized protein YDR401W
Putative uncharacterized protein YDR417C
Putative uncharacterized protein YDR442W
GDT1-like protein C17G8.08c
Putative cation exchanger C3A12.06c
Putative uncharacterized protein YER158W-A
UPF0479 membrane protein YER190C-B
UPF0392 protein F49C12.5
Putative uncharacterized protein YFL032W
Putative uncharacterized protein YFL012W-A
Putative uncharacterized protein YGR045C
Putative uncharacterized protein YGL149W
Putative uncharacterized protein YHR130C
Putative uncharacterized membrane protein YIR036W-A
Putative cation exchanger C521.04c
UPF0494 membrane protein C977.06
UPF0070 protein BUsg_583
Putative uncharacterized transmembrane protein DDB_G0288997
Putative uncharacterized transmembrane protein DDB_G0285385
Putative transmembrane protein ORF710
G8 domain-containing protein DDB_G0278975
UPF0333 protein MJ0835.1
UPF0333 protein MMP0903
Putative uncharacterized protein DDB_G0287263
Putative transmembrane protein DDB_G0267860
UPF0070 protein 1057
Putative uncharacterized membrane protein YAR047C
Putative uncharacterized protein YBL053W
Putative uncharacterized protein YBR051W
Putative uncharacterized membrane protein YBR064W
Putative uncharacterized protein YBR099C
EGF-like domain-containing protein C02B10.3
SPRY domain-containing protein C285.10c
Putative uncharacterized transmembrane protein C1235.17
Putative uncharacterized protein YDL213W-A
Putative uncharacterized protein YDR510C-A
Alkaline ceramidase YDC1
Putative uncharacterized membrane protein YER068C-A
Putative uncharacterized membrane protein YER079C-A
Putative uncharacterized membrane protein YER084W-A
Putative uncharacterized membrane protein YFL015W-A
Protein YIF1B-B
Putative uncharacterized protein YFR056C
Putative transmembrane protein LINC00998
Putative uncharacterized protein YGR069W
Putative uncharacterized protein YGR160W
Putative uncharacterized protein C1347.14c
Putative uncharacterized protein YGL088W
Putative uncharacterized protein YGL165C
Putative uncharacterized protein YHR052W-A
Putative uncharacterized protein YHR145C
Putative UPF0479 protein YHR219C-A
Putative uncharacterized membrane protein YIR023C-A
Putative uncharacterized protein FLJ37218
Protein YIP5
Protein YIPF6
Protein YIPF7
Putative uncharacterized protein YJL182C
Putative uncharacterized protein C338.03c
Putative uncharacterized protein DDB_G0275485
Putative adhesin RT0816
Putative transmembrane protein DDB_G0272126
Putative uncharacterized transmembrane protein DDB_G0285787
PA-phosphatase related-family protein DDB_G0268928
Putative uncharacterized protein YA5053W
Putative uncharacterized protein YbbD
Putative uncharacterized protein YBL094C
Putative uncharacterized protein YBR027C
Putative uncharacterized protein YBR116C
Putative uncharacterized protein YBR124W
Putative uncharacterized membrane protein C622.04
Putative uncharacterized protein C794.16
UPF0057 membrane protein T23F2.3
Putative uncharacterized protein YDR053W
Putative uncharacterized membrane protein YDR149C
Putative uncharacterized protein YDL152W
Putative uncharacterized protein YDL172C
Putative uncharacterized protein YDR193W
Putative uncharacterized protein YDR250C
Putative uncharacterized protein YDR467C
Putative uncharacterized membrane protein YER067C-A
Putative uncharacterized protein YER190C-A
UPF0618 protein C8C9.19
UPF0479 membrane protein YFL068W
UPF0620 protein C83.10
Putative uncharacterized membrane protein YGR290W
Putative uncharacterized membrane protein YHL019W-A
UPF0641 membrane protein YHR140W
Putative uncharacterized protein YHR180W
Probable glycosidase C21B10.07
Protein YIF1B
Putative uncharacterized protein YIM2
Protein YIPF1
Putative uncharacterized protein YIR014W
Putative uncharacterized protein YJL195C
Putative uncharacterized membrane protein YLR311C
Putative uncharacterized protein YLR379W
Putative uncharacterized protein YLR444C
Y+L amino acid transporter 2
Putative uncharacterized protein C922.09
Putative uncharacterized protein YML009W-B
Putative uncharacterized membrane protein YMR046W-A
Putative uncharacterized membrane protein YML009C-A
Putative uncharacterized protein YML101C-A
Putative uncharacterized membrane protein YMR119W-A
Putative uncharacterized protein YMR193C-A
Putative uncharacterized protein YNL266W
Putative uncharacterized protein C30B4.09
Putative uncharacterized transmembrane protein DDB_G0290657
Putative uncharacterized membrane protein YAL047W-A
DUP240 protein YAR023C
Putative uncharacterized protein YBR076C-A
Putative uncharacterized protein YBR209W
Putative uncharacterized protein C12C2.14c
Putative uncharacterized protein YBR300C
Putative uncharacterized protein YBL071C
Putative uncharacterized protein YCR018C-A
Putative uncharacterized protein YCL021W-A
Putative uncharacterized membrane protein C622.05
Ycf92-like protein
Putative uncharacterized protein YDR209C
Putative uncharacterized protein YDR278C
Putative uncharacterized protein YDR340W
Putative uncharacterized protein YDR406W-A
Putative uncharacterized protein YDR183C-A
Putative uncharacterized membrane protein YDR199W
Abhydrolase domain-containing protein C57A10.08c
Putative uncharacterized membrane protein YER107W-A
Putative uncharacterized membrane protein YEL053W-A
Putative uncharacterized protein YFR052C-A
Putative uncharacterized protein YFL013W-A
Putative uncharacterized protein YGR073C
Putative uncharacterized membrane protein YHL002C-A
Putative uncharacterized protein YHR049C-A
Putative UPF0479 protein YHL050W-A
Putative uncharacterized membrane protein YHR063W-A
Putative uncharacterized protein YHR180W-A
Putative uncharacterized protein YHR045W
Putative uncharacterized protein YIL071W-A
Putative uncharacterized protein YIL100C-A
UPF0494 membrane protein C1348.07
Putative uncharacterized protein C806.11
Putative uncharacterized protein YJL007C
Putative uncharacterized protein YJL120W
Putative uncharacterized protein YJL202C
Putative uncharacterized protein YLR122C
Putative uncharacterized protein YLR169W
Putative uncharacterized protein YLR294C
Putative uncharacterized protein YLR400W
Putative uncharacterized membrane protein YLR458W
Putative JmjC domain-containing protein L887
Putative uncharacterized membrane protein YML057C-A
Putative UPF0479 protein YML133W-B
Putative UPF0479 protein YNL339W-B
Putative uncharacterized protein YNL179C
putative uncharacterized membrane protein YNL228W
Putative uncharacterized protein YOR082C
Protein YOP1
Putative uncharacterized protein YOR053W
Putative UPF0479 protein YOR396C-A
Putative uncharacterized protein YPR170W-A
UPF0479 membrane protein YPR204C-A
Putative uncharacterized protein YPR142C
Putative transmembrane protein LOC100289255
Putative uncharacterized transmembrane protein C16E9.20
Putative uncharacterized protein YBL070C
Putative uncharacterized membrane protein C622.03c
Putative uncharacterized protein YCL002C
Putative uncharacterized protein YDR290W
Putative uncharacterized protein YDR396W
Putative uncharacterized protein YDR413C
Putative uncharacterized protein YDR509W
Putative uncharacterized protein YDR133C
UPF0392 protein R07B7.12
Putative uncharacterized protein UNQ5815/PRO19632
Putative uncharacterized membrane protein YFL021C-A
Protein YIF1B-A
Putative uncharacterized protein YGR115C
Putative uncharacterized protein YGR137W
Putative uncharacterized protein YGR265W
Putative uncharacterized protein YGL024W
Putative uncharacterized protein YGL214W
Putative uncharacterized protein YHR054W-A
Putative uncharacterized protein YHL005C
UPF0494 membrane protein PB2B2.14c
Putative UPF0479 protein YJL225W-A
Putative uncharacterized protein YIL020C-A
Protein YIPF4
Protein YIPF6 homolog
UPF0618 protein YJL127C-B
Putative uncharacterized protein YKL031W
Putative uncharacterized protein YLL020C
Putative uncharacterized protein YLL037W
Putative uncharacterized membrane protein PB18E9.05c
UPF0479 membrane protein YLL066W-A
Putative uncharacterized protein YML099W-A
Putative uncharacterized membrane protein YMR290W-A
Putative uncharacterized protein YNL324W
Putative uncharacterized protein YOR282W
Putative uncharacterized protein YOR329W-A
Putative uncharacterized membrane protein YPR050C
Putative uncharacterized protein YPR130C
Putative uncharacterized membrane protein YPR170C
Putative uncharacterized protein YPL185W
UPF0392 protein ZK381.2
UPF0057 membrane protein T23F2.5
Putative uncharacterized protein YDR029W
Putative uncharacterized protein YDL094C
Putative uncharacterized protein YDR215C
Putative uncharacterized protein YDR355C
Putative uncharacterized protein YDR445C
Putative uncharacterized protein YDR526C
Putative uncharacterized membrane protein YEL018C-A
Putative uncharacterized protein YEL050W-A
UPF0479 membrane protein YEL077W-A
Putative uncharacterized membrane protein YER165C-A
UDP-N-acetylglucosamine transporter yea4
Putative uncharacterized protein C27E2.12
Putative uncharacterized outer membrane protein YejO
Putative uncharacterized protein C9E9.01
Putative uncharacterized protein YFL015C
UPF0479 membrane protein YGR296C-B
Putative uncharacterized protein YGR114C
Putative uncharacterized protein YGR226C
Putative uncharacterized protein YGR242W
Putative uncharacterized transmembrane protein C32F12.17
Putative uncharacterized protein YGL042C
Putative uncharacterized protein YGL072C
Putative uncharacterized protein YGL152C
Putative uncharacterized membrane protein YIL030W-A
Putative uncharacterized membrane protein YIL066W-A
Protein YIP4
Protein YIPF1 homolog
Putative uncharacterized protein YJL156W-A
Putative UPF0479 protein YIL177W-A
Putative uncharacterized protein YJL067W
Putative uncharacterized membrane protein YJL175W
Putative uncharacterized protein YJR023C
Putative uncharacterized protein C110.05
Protein YLR162W
Putative uncharacterized protein YLR279W
Putative uncharacterized protein YLR296W
Putative TLC domain-containing protein L438
Putative uncharacterized membrane protein PB15E9.02c
Putative uncharacterized transmembrane protein PB15E9.06
Putative uncharacterized membrane protein YML047W-A
Putative uncharacterized membrane protein YMR172C-A
Putative uncharacterized transmembrane protein C713.13
Putative uncharacterized protein YNL339W-A
Putative uncharacterized protein YOR015W
Putative uncharacterized membrane protein YOL099C
Putative uncharacterized protein YOR199W
Putative uncharacterized protein YOR218C
Putative uncharacterized protein YOR225W
Putative uncharacterized protein YOR277C
Putative uncharacterized membrane protein YOR331C
UPF0495 protein YPR010C-A
Putative uncharacterized protein YPR123C
BRICHOS domain-containing protein C09F5.1
UPF0311 protein YveG
Putative uncharacterized protein YDL026W
Putative uncharacterized protein YDL196W
Putative uncharacterized protein YEL034C-A
Putative uncharacterized membrane protein YER147C-A
Putative uncharacterized protein YFR036W-A
UPF0592 membrane protein C7D4.03c
Putative uncharacterized protein YGR270C-A
Putative uncharacterized protein YGR228W
Putative uncharacterized protein YGR293C
Putative uncharacterized protein YGL041C
Putative uncharacterized protein YGL074C
UPF0674 endoplasmic reticulum membrane protein C2G5.01
Putative uncharacterized membrane protein YHR056W-A
Putative UPF0377 protein YHL045W
UPF0494 membrane protein PB2B2.07c
UPF0641 membrane protein PJ4664.05
Putative uncharacterized protein YIR017W-A
Putative uncharacterized membrane protein YIL171W-A
Putative uncharacterized membrane protein YIL156W-A
Putative uncharacterized protein PRO1933
Putative uncharacterized protein YJL152W
Putative uncharacterized YKL165C-A
UPF0591 membrane protein C15E1.02c
Putative uncharacterized protein YLR101C
Putative uncharacterized protein YLR140W
Putative uncharacterized protein YLR171W
Putative uncharacterized membrane protein YLR230W
Putative uncharacterized protein YLR302C
Putative uncharacterized protein YLR334C
UPF0479 membrane protein YLL067W-A
Putative uncharacterized membrane protein YMR173W-A
Putative uncharacterized membrane protein YMR304C-A
Putative UPF0377 protein YMR324C
YlmG homolog protein 1-2, chloroplastic
Putative uncharacterized protein YML090W
Putative uncharacterized membrane protein YNL109W
Putative uncharacterized protein YNL203C
Putative transmembrane protein FLJ36131
Putative uncharacterized protein YOL013W-B
Putative uncharacterized protein YPR126C
Putative uncharacterized protein YPL114W
Putative uncharacterized protein YPR150W
Putative uncharacterized protein C576.19c
Putative uncharacterized protein LOC388820
15-cis-zeta-carotene isomerase, chloroplastic
Putative uncharacterized protein YGR296C-A
Putative uncharacterized protein YGL239C
Putative uncharacterized membrane protein YHR069C-A
Putative uncharacterized protein YJR038C
Putative uncharacterized protein YJL086C
GILT-like protein C02D5.2
Putative UPF0479 protein YLR467C-A
GDT1-like protein C186.05c
Putative uncharacterized protein YMR052C-A
Putative uncharacterized protein YMR141W-A
Putative uncharacterized membrane protein YMR306C-A
Putative uncharacterized membrane protein YMR316C-B
UPF0674 endoplasmic reticulum membrane protein YNR021W
Putative uncharacterized protein YNR025C
Putative uncharacterized protein YOR345C
Putative uncharacterized protein YOL166C
Putative uncharacterized protein YPL044C
Putative uncharacterized protein YPR064W
Protein PF14_0175
Putative uncharacterized 4.5 kDa protein in genes IX-XX intergenic region
Putative BTB/POZ domain-containing protein R224
UPF0392 protein F13G3.3
Putative uncharacterized protein YIR043C
Putative uncharacterized protein YJR018W
Putative uncharacterized protein YKR075W-A
Putative uncharacterized protein YLL047W
Putative uncharacterized protein YLL059C
Putative uncharacterized protein YLR111W
Putative uncharacterized protein YLR173W
Putative uncharacterized protein YLR269C
Putative B-type lectin protein L288
Putative uncharacterized protein YLR374C
Putative uncharacterized protein YLR402W
Putative UPF0479 protein YLR466C-A
YlmG homolog protein 2, chloroplastic
UPF0494 membrane protein C212.01c/CPT2R1.04c
UPF0494 membrane protein C212.04c
Putative uncharacterized protein YMR254C
Putative protein YmiB
Putative uncharacterized protein C36.13
Putative uncharacterized protein YNR005C
Putative uncharacterized protein C32H8.15
Putative uncharacterized protein YNL174W
Putative uncharacterized protein YOL134C
Putative uncharacterized protein YOR186W
UPF0057 membrane protein ZK632.10
UPF0495 protein KLLA0D04334g
Putative uncharacterized protein YPR012W
Putative uncharacterized protein YPL238C
Probable transport protein YPL264C
Putative uncharacterized protein YPL283W-A
L-type lectin-like domain-containing protein C126.08c
Putative uncharacterized protein LOC100996504
Sigma-w pathway protein YsdB
Zona pellucida-like domain-containing protein 1
Putative uncharacterized protein YLR123C
Putative uncharacterized protein YLR198C
Putative uncharacterized protein YLR339C
UPF0382 membrane protein C1782.12c
UPF0494 membrane protein C750.06c
Putative uncharacterized protein YMR158W-B
Putative uncharacterized protein YML133W-A
Putative uncharacterized protein YNL013C
Putative uncharacterized protein YNL114C
Putative uncharacterized protein YNL235C
Putative transmembrane protein ENSP00000320207
Putative uncharacterized protein YOR146W
Putative uncharacterized protein YOR392W
UPF0495 protein DEHA2C16280g
Putative uncharacterized protein YPL182C
Putative uncharacterized protein YPL205C
Putative uncharacterized protein YPR039W
Putative uncharacterized protein YPR077C
UPF0187 protein At3g61320, chloroplastic
UPF0057 membrane protein F47B7.1
Putative uncharacterized protein YOL035C
Putative uncharacterized protein YOL037C
Putative uncharacterized membrane protein YOL079W
Putative uncharacterized membrane protein YOR376W
UPF0479 membrane protein YPL283W-B
UPF0478 protein YtxG
UPF0187 protein At2g45870, chloroplastic
UPF0392 protein C33H5.2
ZP domain-containing protein
UPF0392 protein F55C10.4
UPF0392 protein F59C6.8
