Cytokine-inducible SH2-containing protein
Connective tissue growth factor
Calsyntenin-1
Protein FAM107A
Insulin-like growth factor-binding protein-like 1
Insulin-like growth factor-binding protein 1
Insulin-like growth factor-binding protein 7
Interleukin-17 receptor B
Insulin-like growth factor-binding protein 4
Insulin-like growth factor-binding protein 5
Insulin-like growth factor-binding protein 6
Kazal-type serine protease inhibitor domain-containing protein 1
Mucin-12
Protein NOV
Protein NOV homolog
Opioid growth factor receptor
Protein ORGAN SIZE RELATED 1
Phosphate-specific transport system accessory protein PhoU
Perlustrin
Perlustrin-like protein
Protein kinase C delta-binding protein
Poly(U)-binding-splicing factor half pint
Phosphatidylinositol 4,5-bisphosphate-binding protein SLM2
Single insulin-like growth factor-binding domain protein-2
Single insulin-like growth factor-binding domain protein-1
Turripeptide OL55-like
Ribonuclease UK114
Venom protein 59.1
Venom protein 302
