Aprataxin and PNK-like factor
Asteroid homolog 1
BRCT-containing protein 1
Cell division control protein 24
ATP-dependent DNA helicase chl1
ATP-dependent DNA helicase CHL1
Serine/threonine-protein kinase chk1
Chromosome segregation in meiosis protein 2
N-acetyltransferase ESCO2
Flap endonuclease 1
Checkpoint protein HUS1B
Checkpoint protein hus1 homolog
Checkpoint protein HUS1
ATP-dependent helicase hrq1
Checkpoint protein hus1
DNA replication licensing factor mcm10
Double-strand break repair protein mus-23
DNA mismatch repair protein msh-3
DNA mismatch repair protein msh3
DNA mismatch repair protein MSH3
Protein PAXX
DNA repair protein rhp54
DNA repair protein rad32
DNA damage checkpoint control protein rad1
S-M checkpoint control protein rad4
DNA repair protein rev1
DNA repair and recombination protein rad22
DNA repair protein crb2
Spindle pole body-associated protein sad1
Suppressor of HU sensitivity involved in recombination protein 1
SMC5-SMC6 complex localization factor protein 1
SWI/SNF-related matrix-associated actin-dependent regulator of chromatin subfamily A containing DEAD/H box 1
Suppressor of hydroxyurea sensitivity protein 2
SWI/SNF-related matrix-associated actin-dependent regulator of chromatin subfamily A-like protein 1
SWI/SNF-related matrix-associated actin-dependent regulator of chromatin subfamily A containing DEAD/H box 1A
SMC5-SMC6 complex localization factor protein 2
Structural maintenance of chromosomes protein 6
SWI/SNF-related matrix-associated actin-dependent regulator of chromatin subfamily A containing DEAD/H box 1B
Mating-type switching protein swi10
DNA topoisomerase 3
IMPACT family member C14C8.09c
