RPII140-upstream gene protein
Agrin
Protein amnionless
Protein angel
Mesencephalic astrocyte-derived neurotrophic factor homolog
Actin-related protein 2
Actin-related protein 3
Acrosomal protein SP-10
Anther-specific protein BCP1
Protein bicaudal C homolog 1-B
BAG domain-containing protein Samui
Protein bangles and beads
Protein BOBBER 2
Chitinase-like protein CG5210
Protein bicaudal C homolog 1-A
Coiled-coil domain-containing protein 85C-A
Blastoderm-specific protein 25D
Coiled-coil domain-containing protein 85C-B
Protein broad-minded
NF-kappa-B inhibitor cactus
CD166 antigen homolog
Coiled-coil domain-containing protein 85C
Coiled-coil domain-containing protein 120
Ceramide glucosyltransferase-B
Cathepsin L
Chorion protein S18
Chorion protein S19
Chorion protein S15
Ceramide glucosyltransferase
Chorion protein S16
Ceramide glucosyltransferase-A
Craniofacial development protein 1
CLAVATA3/ESR
Cleft lip and palate transmembrane protein 1 homolog
EGF-like domain-containing protein comC
Collectin-11
Protein canopy homolog 1
Chordin-like protein 1
Countin-3
Cardiotrophin-2
Protein D7
Protein decapentaplegic
ATP-dependent RNA helicase DDX55
Deoxyribonuclease-2-alpha
Developmental pluripotency-associated 5 protein
Segment polarity protein dishevelled homolog DVL-3
Developmentally-regulated ectodermal protein
Developmental pluripotency-associated protein 5B/5C
EGF-like repeat and discoidin I-like domain-containing protein 3
Defective in tip formation protein A
UPF0725 protein EMB2204
Endoplasmic reticulum membrane-associated RNA degradation protein
Protein EMBRYO DEFECTIVE 1674
Epidermal growth factor-like protein 6
Maternal protein exuperantia-2
Protein FAM3C
Maternal protein exuperantia-1
Protein FON2 SPARE1
Protein FLORAL ORGAN NUMBER2
Inactive protein FON2 SPARE1
Growth arrest-specific protein 1 homolog
Transmembrane GTPase fzo
GSK-3-binding protein
Gelsolin-like protein 1
Gonadoliberin-2
Progonadoliberin-2
Progonadoliberin-1
Gonadoliberin-3
Gonadoliberin-1
Progonadoliberin IIA
Progonadoliberin-3
Progonadoliberin IIB
Trp-8 progonadoliberin
Gastrula-specific protein 17
Gonadoliberin
Very-long-chain
Chitinase-like protein Idgf5
Chitinase-like protein Idgf4
Intraflagellar transport protein 172
Chitinase-like protein Idgf1
Inversin-A
Cyclic nucleotide phosphodiesterase inhibitor
Inversin-B
Protein jagged-1a
Probable multidrug resistance-associated protein lethal(2)03659
Protein LEG1 homolog
KH domain-containing protein 3
Protein lethal(2)k10201
Protein leg1a
Lens epithelial cell protein LEP503
Protein l(2)37Cc
KS1 protein
Lysocardiolipin acyltransferase 1
Protein let-99
Protein lunapark
1-acyl-sn-glycerol-3-phosphate acyltransferase 2
Leucine-rich repeat extensin-like protein 2
Protein male abnormal 21
Multiple C2 and transmembrane domain-containing protein 2
Protein midgut expression 1
Protein MATERNALLY EXPRESSED GENE 2
Mitofusin-1
Mitogen-activated protein kinase kinase kinase mom-4
Maturin
Neuronal protein NP-190
Nodal homolog 4-B
Nodal homolog 4-A
Notch homolog 2 N-terminal-like protein
Olfactomedin-like protein 3A
Olfactomedin-like protein 3B
Out at first protein
Olfactomedin-like protein 3
Maternal effect protein oskar
Pancreatic progenitor cell differentiation and proliferation factor-like protein
Pancreatic progenitor cell differentiation and proliferation factor A
Pancreatic progenitor cell differentiation and proliferation factor B
Protogenin
Protogenin A
Protogenin B
Proline-rich protein 15
Protein psiF
Phytosulfokines 1
Phytosulfokines 5
Phytosulfokines 2
Phytosulfokines 3
Phytosulfokines 4
Putative phytosulfokines 6
Protein RETICULATA-RELATED 6, chloroplastic
Beta-1,3-N-acetylglucosaminyltransferase radical fringe
Synembryn
Retrotransposon-like protein 1
Adenosine 3'-phospho 5'-phosphosulfate transporter 2
Spindle assembly abnormal protein 4
Spindle assembly abnormal protein 5
Protein spalt-accessory
Skn-1 dependent zygotic transcript 1 protein
Secreted frizzled-related protein 2
Spindle assembly abnormal protein 6
Secreted frizzled-related protein 1
Protein shisa-2 homolog
Semaphorin-2A
Protein SUPPRESSOR OF GENE SILENCING 3 homolog
Protein shisa-1
Protein shisa-3 homolog
SrfA-induced gene K protein
Secreted frizzled-related protein 4
Sperm equatorial segment protein 1
Spindle-defective protein 2
SCL-interrupting locus protein homolog
Protein sumv-2
Transmembrane anterior posterior transformation protein 1 homolog
Protein TENP
Tenp protein
Thyroid hormone-induced protein B
Testis development-related protein 1
Transmembrane protein 107
Transmembrane protein 2
Protein terminus
Tsukushin
Protein TSS
Twisted gastrulation protein homolog 1-B
Twisted gastrulation protein homolog 1-A
Netrin receptor unc-5 homolog
Vang-like protein 1
Uroplakin-2
Ventrally expressed gene D protein
Sister chromatid cohesion vasa, isoform solo
WD repeat-containing protein 47
Wnt inhibitory factor 1
Protein wntless homolog
Warthog protein 3
Protein yellow
Zygote arrest protein 1
Protein zwilch homolog
Zygote formation protein zyg1
