CDPK-related kinase 1
Calcium-dependent protein kinase 8
Calcium-dependent protein kinase 12
Calcium-dependent protein kinase 19
Calcium-dependent protein kinase 27
Calcium-dependent protein kinase 7
Calcium-dependent protein kinase 20
Calcium-dependent protein kinase 25
Calcium-dependent protein kinase 28
Calcium-dependent protein kinase 33
Calcium-dependent protein kinase 14
Chemotaxis protein CheA
Redox sensor histidine kinase response regulator DevS
Hypoxia sensor histidine kinase response regulator DosT
Phosphoglucosamine mutase
Phosphorylase b kinase regulatory subunit alpha, skeletal muscle isoform
Mitogen-activated protein kinase kinase kinase 13
Mitogen-activated protein kinase kinase kinase 13-B
Mitogen-activated protein kinase kinase kinase 13-A
Mitogen-activated protein kinase 15
MOB kinase activator 1B
Serine/threonine-protein kinase mos
Nucleoside diphosphate kinase
Protein kinase OspG
Phosphatidylinositol 4-kinase gamma 7
Serine/threonine-protein kinase PEPKR2
Polyphosphate kinase
Sensor-like histidine kinase senX3
