Beta-amyloid-like protein
Amyloid beta A4 protein
Aldehyde decarbonylase
Amyloid-like protein 2
Amyloid-like protein 1
Cation efflux system protein CusB
Cation efflux system protein CusF
Diphtheria toxin repressor
Ferrous iron transport protein A
Ferrous iron transport protein B
Formyltransferase/hydrolase complex Fhc subunit C
Tungsten-containing formylmethanofuran dehydrogenase 2 subunit C
Molybdenum-containing formylmethanofuran dehydrogenase 1 subunit C
Iron-dependent repressor IdeR
Transcriptional regulator MntR
Nitrile hydratase subunit alpha
Nitrile hydratase subunit beta
Cobalt-containing nitrile hydratase subunit beta
High-molecular weight cobalt-containing nitrile hydratase subunit beta
High-molecular weight cobalt-containing nitrile hydratase subunit alpha
Probable nitrile hydratase
Low-molecular weight cobalt-containing nitrile hydratase subunit beta
Low-molecular weight cobalt-containing nitrile hydratase subunit alpha
Thiocyanate hydrolase subunit gamma
Probable metal transport system membrane protein CT_069
Probable metal transport system membrane protein TC_0341
Probable metal transport system membrane protein CPn_0347/CP_0413/CPj0347/CpB0354
