Probable 2-ketoarginine decarboxylase AruI
Benzaldehyde lyase
N(2)-(2-carboxyethyl)arginine synthase
Cyclohexane-1,2-dione hydrolase
Sulfopyruvate decarboxylase subunit alpha
Sulfopyruvate decarboxylase subunit beta
Indole-3-pyruvate decarboxylase
1-deoxy-D-xylulose-5-phosphate synthase 1
1-deoxy-D-xylulose-5-phosphate synthase 2
Glyoxylate carboligase
2-hydroxyacyl-CoA lyase 1
Probable 2-hydroxyacyl-CoA lyase 1
3D-(3,5/4)-trihydroxycyclohexane-1,2-dione hydrolase 2
Indolepyruvate oxidoreductase subunit IorA
Acetolactate synthase, catabolic
3D-(3,5/4)-trihydroxycyclohexane-1,2-dione hydrolase
3D-(3,5/4)-trihydroxycyclohexane-1,2-dione hydrolase 1
Acetolactate synthase
Alpha-keto-acid decarboxylase
2-oxoglutarate synthase subunit KorB
2-succinyl-5-enolpyruvyl-6-hydroxy-3-cyclohexene-1-carboxylate synthase
Benzoylformate decarboxylase
Pyruvate-flavodoxin oxidoreductase
Putative pyruvate-flavodoxin oxidoreductase
Probable pyruvate-flavodoxin oxidoreductase
Oxalate oxidoreductase subunit beta
Oxalyl-CoA decarboxylase
Pyruvate decarboxylase 1
Pyruvate decarboxylase 3
Pyruvate decarboxylase 4
NADH-dependent phenylglyoxylate dehydrogenase subunit beta
Pyruvate decarboxylase
Pyruvate decarboxylase 2
Probable pyruvate decarboxylase C186.09
Putative pyruvate decarboxylase C13A11.06
Probable pyruvate decarboxylase C1F8.07c
Putative pyruvate decarboxylase C3G9.11c
Protein PHYLLO, chloroplastic
Pyruvate oxidase
Pyruvate synthase subunit PorB
Pyruvate dehydrogenase
Phosphonopyruvate decarboxylase
Pyruvate dehydrogenase )
Pyruvate synthase
Thiamine metabolism regulatory protein THI3
Ketoisovalerate oxidoreductase subunit VorB
Ketoisovalerate oxidoreductase subunit VorA
Sulfoacetaldehyde acetyltransferase
Probable sulfoacetaldehyde acetyltransferase
Putative uncharacterized protein HI_0737
Putative 2-hydroxyacyl-CoA lyase
Putative thiamine pyrophosphate-containing protein YdaP
