Alstrom syndrome protein 1
Alstrom syndrome protein 1 homolog
Anaphase-promoting complex subunit 1
Protein abnormal spindle
Aurora kinase A and ninein-interacting protein
Aurora kinase A-B
Abnormal spindle-like microcephaly-associated protein homolog
Aurora kinase A-A
Calmodulin
Dual specificity protein phosphatase CDC14A
Enhancer of filamentation 1
Cell division cycle protein 20 homolog
Centrosomal protein of 19 kDa
Centrosomal protein of 44 kDa
Centrosomal protein of 63 kDa
Centrosomal protein of 95 kDa
Centrin-1
Tyrosine-protein phosphatase CDC14
Probable tyrosine-protein phosphatase cdc-14
Cell division control protein 6 homolog
Centrosomal protein of 128 kDa
Centrosomal protein of 63 kDa-B
Centrosomal protein of 89 kDa
G2/mitotic-specific cyclin-B1
Centrosomal protein of 85 kDa
Centrosomal protein of 63 kDa-A
Cytoskeleton-associated protein 5
Cytoskeleton-associated protein 2
Cytoskeleton-associated protein 2-like
Centrosomin
Centrosome and spindle pole-associated protein 1
RNA polymerase II subunit A C-terminal domain phosphatase
Centrosome and spindle pole associated protein 1
Dynactin subunit 1
Dynein assembly factor 1, axonemal
Probable ATP-dependent DNA helicase DDX11
Kinetochore-associated protein DSN1
Microtubule-associated protein RP/EB family member 1
Protein FAM110A
Protein FAM110C
Fas-binding factor 1
Fas-binding factor 1 homolog
Protein furry homolog
Gamma-tubulin complex component 3 homolog
Gamma-tubulin complex component 2
Gamma-tubulin complex component 5
Golgin subfamily A member 2
HAUS augmin-like complex subunit 1
HAUS augmin-like complex subunit 8
Protein IBD2
Kinesin-like protein KIF11-A
Kinesin-like protein KIF15-A
Kinesin-like protein Klp59C
Kinesin-like protein KIF2A
Kinesin-like protein Klp10A
Kinesin-like protein KIF15-B
Meiotic spindle formation protein mei-1
Katanin p60 ATPase-containing subunit A1
Katanin p80 WD40 repeat-containing subunit B1
Kinesin-like protein KIF11-B
Kinetochore-associated protein 1
Kinesin-like protein KIF11
Serine/threonine-protein kinase LATS1
Serine/threonine-protein kinase LATS2
Nuclear distribution protein PAC1
Spindle apparatus protein lin-5
65-kDa microtubule-associated protein 4
65-kDa microtubule-associated protein 9
Lymphoid-restricted membrane protein
65-kDa microtubule-associated protein 2
65-kDa microtubule-associated protein 7
Mitotic spindle assembly checkpoint protein MAD2A
65-kDa microtubule-associated protein 8
Meiotic spindle formation protein 2
MO25-like protein 2
M-phase inducer phosphatase 2
Microtubule cross-linking factor 1
Centrosomal protein 224
Kinetochore-associated protein MTW1
Protein NEDD1
Serine/threonine-protein kinase Nek6
Protein NIP100
Serine/threonine-protein kinase Nek7
Serine/threonine-protein kinase Nek2
Ninein
Kinetochore-associated protein NSL1
NudC domain-containing protein 2
Outer dense fiber protein 2
Pleckstrin homology domain-containing family G member 6
Serine/threonine-protein kinase PLK1
POC1 centriolar protein homolog A
Probable serine/threonine-protein kinase PLK
POC1 centriolar protein homolog B
Plakophilin-4
Serine/threonine-protein kinase polo
Serine/threonine-protein phosphatase 2A catalytic subunit alpha isoform
Serine/threonine-protein phosphatase 2A catalytic subunit beta isoform
Protein regulator of cytokinesis 1
Proline/serine-rich coiled-coil protein 1
Ras association domain-containing protein 10
Ran GTPase-activating protein 1
RalA-binding protein 1
Regulator of microtubule dynamics protein 3
Regulator of microtubule dynamics protein 1
Regulator of microtubule dynamics protein 2
Ribosome maturation protein SBDS
Shugoshin
Shugoshin-like 1
Mitochondrial morphogenesis protein SLD7
Small kinetochore-associated protein
Protein Spindly
Sperm-associated antigen 5
Protein Spindly-A
Structural maintenance of chromosomes protein 3
Protein Spindly-B
Kinesin-like protein subito
TBCC domain-containing protein 1
DNA topoisomerase 2-binding protein 1
DNA topoisomerase 2-binding protein 1-A
Targeting protein for Xklp2-B
DNA topoisomerase 2-binding protein 1-B
Targeting protein for Xklp2
Targeting protein for Xklp2-A
Torsin-like protein
Tetratricopeptide repeat protein 28
Uromodulin
WD repeat-containing protein 73
WD repeat-containing protein 62
Centromere/kinetochore protein zw10 homolog
Zygote defective protein 9
