Lariat debranching enzyme
ATP-dependent DNA helicase DDM1
Gypsy retrotransposon integrase-like protein 1
KRAB-A domain-containing protein 2
LINE-1 retrotransposable element ORF1 protein
LINE-1 retrotransposable element ORF2 protein
Transposon Tf2-2 polyprotein
Transposon Tf2-8 polyprotein
Transposon Tf2-11 polyprotein
Transposon Tf2-7 polyprotein
Transposon Tf2-12 polyprotein
Transposon Tf2-5 polyprotein
Transposon Tf2-3 polyprotein
Transposon Tf2-4 polyprotein
Transposon Tf2-9 polyprotein
Transposon Tf2-1 polyprotein
Transposon Tf2-6 polyprotein
Truncated transposon Ty1-A Gag-Pol polyprotein
Transposon Ty1-BL Gag polyprotein
Transposon Ty1-A Gag polyprotein
Transposon Ty1-DR1 Gag polyprotein
Transposon Ty1-DR3 Gag polyprotein
Transposon Ty2-B Gag polyprotein
Transposon Ty1-DR2 Gag polyprotein
Transposon Ty1-BR Gag polyprotein
Transposon Ty2-C Gag polyprotein
Putative transposon Ty5-1 protein YCL075W
Transposon Ty1-DR5 Gag polyprotein
Transposon Ty2-DR3 Gag polyprotein
Transposon Ty2-F Gag polyprotein
Transposon Ty1-ER1 Gag polyprotein
Transposon Ty1-GR3 Gag polyprotein
Transposon Ty1-H Gag polyprotein
Transposon Ty1-ML2 Gag polyprotein
Transposon Ty2-DR1 Gag polyprotein
Transposon Ty2-DR2 Gag polyprotein
Transposon Ty1-LR2 Gag polyprotein
Transposon Ty1-DR4 Gag polyprotein
Transposon Ty1-DR6 Gag polyprotein
Putative transposon Ty5-1 protein YCL074W
Transposon Ty1-ER2 Gag polyprotein
Transposon Ty1-GR1 Gag polyprotein
Transposon Ty1-GR2 Gag polyprotein
Transposon Ty1-JR2 Gag polyprotein
Transposon Ty1-MR1 Gag polyprotein
Transposon Ty1-PR1 Gag polyprotein
Transposon Ty1-LR3 Gag polyprotein
Transposon Ty2-LR1 Gag polyprotein
Transposon Ty1-PL Gag polyprotein
Transposon Ty2-GR2 Gag polyprotein
Transposon Ty1-JR1 Gag polyprotein
Transposon Ty1-NL1 Gag polyprotein
Transposon Ty2-OR2 Gag polyprotein
Transposon Ty1-MR2 Gag polyprotein
Transposon Ty1-NL2 Gag polyprotein
Transposon Ty1-PR2 Gag polyprotein
Transposon Ty1-LR4 Gag polyprotein
Transposon Ty1-ML1 Gag polyprotein
Transposon Ty2-OR1 Gag polyprotein
Transposon Ty1-PR3 Gag polyprotein
Transposon Ty1-OL Gag polyprotein
Transposon Ty1-OR Gag polyprotein
