Serine/threonine protein phosphatase 2A regulatory subunit B''beta
Acetyl-coenzyme A synthetase 1
Actin
Putative amidase AmiD
AP-4 complex accessory subunit tepsin
Adenine phosphoribosyltransferase 3
AMP nucleosidase
D-arabinose dehydrogenase  heavy chain
Carbamate kinase-like protein YqeA
ASTRA-associated protein 1
Carbamate kinase
3-phosphoshikimate 1-carboxyvinyltransferase
Carbamate kinase-like protein YahI
Isoaspartyl peptidase/L-asparaginase 1
Actin-related protein 3
Actin-related protein 2
Actin-related protein 2/3 complex subunit 5
UDP-D-apiose/UDP-D-xylose synthase 2
Beta-glucosidase 4
Metal homeostasis factor ATX1
Beta-glucosidase 42
Calcium-binding protein 5
Cofilin/actin-depolymerizing factor homolog 1
Calcineurin subunit B type 2
Chorismate mutase 2
NADPH-dependent codeinone reductase 1-5
Putative calpain-like cysteine protease A
Protein CreA
Probable cysteine proteinase At3g19400
Cytochrome c lysine N-methyltransferase 1
Clamp-binding protein CrfC
RNA helicase CrhR
COP9 signalosome complex subunit 4
Probable carboxylesterase 13
Cyanate hydratase
Probable carboxylesterase 12
Dodecin
DNA polymerase III subunit alpha
Developmentally-regulated G-protein 3
F-box protein At1g78280
GTP-binding protein ERG
F-box protein At3g58530
FHA domain-containing protein FhaA
Flagellar protein FliS
Flagellar protein FliT
F-box/kelch-repeat protein At1g24800
Basal-body rod modification protein FlgD
A-type flagellar protein FliS
B-type flagellar protein FliS
Flagellar hook protein FlgE
GTPase IMAP family member 4
GTPase IMAP family member 6
GDP-mannose 3,5-epimerase 2
GPN-loop GTPase 1
GDP-mannose 3,5-epimerase
Heat shock 70 kDa protein 14-A
Heat shock 70 kDa protein 14-B
DNA polymerase III subunit theta
Heat shock protein homolog SSE1
Heat shock 70 kDa protein 14
Acid stress protein IbaG
2-dehydro-3-deoxygluconokinase
L-cysteine desulfhydrase
Target of rapamycin complex subunit LST8
4-alpha-glucanotransferase
Probable phospholipid-binding lipoprotein MlaA
Acidic protein MsyB
Maintenance of telomere capping protein 1
Probable NADH kinase
NH(3)-dependent NAD(+) synthetase
NADH kinase
Protein NDRG4-B
Protein NDRG4-A
Putative N-acetylmannosamine-6-phosphate 2-epimerase
ATP-dependent
Stress response protein nst1
Stress response protein NST1
NACHT domain- and WD repeat-containing protein 1
Alpha N-terminal protein methyltransferase 1
Paladin
Phosphoglycerate mutase-like protein
Protein PhnA
Phosphoglycerate mutase-like protein 1
PhoH-like protein
Pentatricopeptide repeat-containing protein At5g10690
Probable peptidyl-tRNA hydrolase 2
Aspartate carbamoyltransferase, chloroplastic
N5-carboxyaminoimidazole ribonucleotide mutase
Plant UBX domain-containing protein 13
ATP-dependent DNA helicase RecG
ATP-dependent RNA helicase RhlB
Short coiled-coil protein homolog
Putative SERF-like protein
Putative phosphoserine aminotransferase
Protein slt1
SH3 domain-binding glutamic acid-rich protein
Stress-activated map kinase-interacting protein 1
Protein STB3
Sulfotransferase 1C1
STI1-like protein
Aspartate--tRNA ligase, cytoplasmic
Arginine--tRNA ligase
Protein tas
Asparagine--tRNA ligase, cytoplasmic 3
Arginine--tRNA ligase, cytoplasmic
T-complex protein 10A homolog
UDP-N-acetylhexosamine pyrophosphorylase-like protein 1
Up-regulated during septation protein 1
Protein VEL1
Protein WEAK CHLOROPLAST MOVEMENT UNDER BLUE LIGHT-like 3
UDP-glucuronic acid decarboxylase 5
Protein WEAK CHLOROPLAST MOVEMENT UNDER BLUE LIGHT-like 2
Protein WEAK CHLOROPLAST MOVEMENT UNDER BLUE LIGHT-like 1
WEB family protein At1g12150
WEB family protein At2g38370
WEB family protein At2g17940
WEB family protein At3g51720
WEB family protein At2g40480
WEB family protein At3g56270
Putative WEB family protein At4g17210
WEB family protein At3g51220
Protein YciN
UPF0434 protein YcaR
BSD domain-containing protein C22A12.14c
Laccase domain protein YfiH
UPF0345 protein YaiE
Nucleoid-associated protein YbaB
Putative selenoprotein YdfZ
Protein YecM
UPF0502 protein YceH
UPF0227 protein YcfP
Protein YchN
UPF0250 protein YbeD
Chaperone protein YcdY
Protein YciI
UPF0265 protein YeeX
RNA-binding protein YhbY
UPF0701 protein YicC
VEL1-related protein YOR387C
UPF0381 protein YfcZ
Protein YffB
UPF0149 protein YgfB
VEL1-related protein SCY_5430
Protein YeeZ
UPF0304 protein YfbU
UPF0307 protein YjgA
UPF0352 protein YejL
Putative amidase C869.01
UPF0438 protein YifE
UPF0301 protein YqgE
VEL1-related protein BPB2B2.15/BC1348.06c
UPF0337 protein YjbJ
Protein YihD
Putative uncharacterized protein YMR321C
UPF0267 protein YqfB
UPF0612 protein C569.003
Gamma-glutamylcyclotransferase family protein YtfP
