Anthocyanidin 3-O-glucoside 2'''-O-xylosyltransferase
UDP-glycosyltransferase 71B2
UDP-glycosyltransferase 72E2
UDP-glycosyltransferase 84B2
UDP-glycosyltransferase 85A3
UDP-glycosyltransferase 71C3
UDP-glycosyltransferase 73B1
UDP-glycosyltransferase 73C6
UDP-glycosyltransferase 74D1
UDP-glycosyltransferase 76E12
UDP-glycosyltransferase 71B8
UDP-glycosyltransferase 71C5
UDP-glycosyltransferase 72B3
UDP-glycosyltransferase 76E2
UDP-glycosyltransferase 85A4
UDP-glycosyltransferase 71B5
UDP-glycosyltransferase 71C4
UDP-glycosyltransferase 72E3
UDP-glycosyltransferase 75B2
UDP-glycosyltransferase 76C1
UDP-glycosyltransferase 79B6
UDP-glycosyltransferase 85A7
UDP-glycosyltransferase 88A1
UDP-glycosyltransferase 71B1
UDP-glycosyltransferase 71C1
UDP-glycosyltransferase 71D1
UDP-glycosyltransferase 76E1
UDP-glycosyltransferase 78D3
UDP-glycosyltransferase 84B1
UDP-glycosyltransferase 85A5
UDP-glycosyltransferase 76E11
UDP-glycosyltransferase 89B1
UDP-glycosyltransferase 71C2
UDP-glycosyltransferase 73C2
UDP-glycosyltransferase 73D1
UDP-glycosyltransferase 76D1
UDP-glycosyltransferase 85A2
