Rabankyrin-5
Autophagy-related protein 20
BET1-like protein
Vacuolar protein sorting-associated protein atg6
Protein BTN2
DENN domain-containing protein 2A
WASH complex subunit FAM21A
Putative WASH complex subunit FAM21
Golgi SNAP receptor complex member 1
Protein transport protein GOT1
Heat shock 70 kDa protein A
AP-1 accessory protein LAA1
Sorting nexin MVP1
Ras-related protein Rab-9A
Ras-related protein Rab-9B
Guanine nucleotide exchange factor subunit RGP1
RAB6A-GEF complex partner protein 2
RAB6A-GEF complex partner protein 1
Guanine nucleotide exchange factor subunit R06F6.8
Rheb-like protein RHB1
Protein sat1
Protein transport protein SFT2
Pof6 interactor protein 1
Sorting nexin-41
TBC1 domain family member 10B
TBC1 domain family member 17
TBC1 domain family member 10A
Putative oxidoreductase TDA3
Carabin
Vacuolar protein sorting-associated protein 52
WAS protein family homolog 1
Vacuolar protein sorting-associated protein 26
Vacuolar protein sorting-associated protein 51 homolog
Vacuolar protein sorting-associated protein 53 homolog
Putative WAS protein family homolog 4
WAS protein family homolog 2
WAS protein family homolog 6
Vacuolar protein sorting-associated protein 53
Vacuolar protein sorting-associated protein 51
Vacuolar protein sorting-associated protein 54, chloroplastic
Putative WAS protein family homolog 3
Vacuolar protein sorting-associated protein 54
Putative oxidoreductase C1F5.03c
Putative oxidoreductase C6G10.06
