6-phosphogluconate dehydrogenase, decarboxylating 1
6-phosphogluconate dehydrogenase, decarboxylating 2, chloroplastic
Disease resistance protein ADR1
Aldehyde dehydrogenase family 3 member I1, chloroplastic
Annexin D4
Annexin D8
Annexin D6
Annexin D7
Annexin D5
Probable RNA-binding protein ARP1
Betaine aldehyde dehydrogenase 1, chloroplastic
Betaine aldehyde dehydrogenase 2, mitochondrial
Bifunctional dihydrocamalexate synthase/camalexin synthase
Calmodulin-binding protein 25
CD9 antigen
Protein CHLOROPLAST ENHANCING STRESS TOLERANCE, chloroplastic
Thioredoxin-like protein CDSP32, chloroplastic
Cellulose synthase A catalytic subunit 8
Calmodulin-like protein 9
Calcineurin B-like protein 5
Calcineurin B-like protein 9
Calcineurin B-like protein 1
Dehydrin COR47
Protein COLD-REGULATED 15A, chloroplastic
Cellulose synthase-like protein D4
Cysteine proteinase inhibitor 6
Cysteine proteinase inhibitor 3
Dehydrin Rab18
Protein DEHYDRATION-INDUCED 19 homolog 3
Protein EARLY RESPONSIVE TO DEHYDRATION 15
Dehydrin ERD10
Protein farnesyltransferase/geranylgeranyltransferase type-1 subunit alpha
Galactinol synthase 1
Galactinol synthase 2
Potassium channel GORK
HVA22-like protein d
HVA22-like protein a
HVA22-like protein e
HVA22-like protein c
Probable hexokinase-like 2 protein
Stress-induced protein KIN1
Stress-induced protein KIN2
Laccase-2
Low-density lipoprotein receptor-related protein 11
Low-temperature-induced 65 kDa protein
Hydrophobic protein LTI6A
Low-temperature-induced 78 kDa protein
Monodehydroascorbate reductase 3
Methylthioalkylmalate synthase 1, chloroplastic
9-cis-epoxycarotenoid dioxygenase NCED3, chloroplastic
Non-specific lipid-transfer protein 3
Non-specific lipid-transfer protein 4
Probable protein phosphatase 2C 34
Probable protein phosphatase 2C 27
Protein phosphatase 2C 77
Protein phosphatase 2C 37
Alpha-glucan phosphorylase 1
Protein PROTON GRADIENT REGULATION 5, chloroplastic
Geranylgeranyl transferase type-1 subunit beta
Alpha-glucan phosphorylase 2, cytosolic
Phospholipase D alpha 3
Putative pentatricopeptide repeat-containing protein At5g08490
Proline dehydrogenase 1, mitochondrial
Proline dehydrogenase 2, mitochondrial
Probable galactinol--sucrose galactosyltransferase 5
DEAD-box ATP-dependent RNA helicase 9
DEAD-box ATP-dependent RNA helicase 25
LRR receptor-like serine/threonine-protein kinase RPK2
Serine/threonine-protein kinase SRK2I
Sugar transport protein 13
Protein Turandot A2
Protein Turandot A1
Protein Turandot A1/2
NEDD8-activating enzyme E1 regulatory subunit
Dehydrin Xero 2
Probable indole-3-pyruvate monooxygenase YUCCA7
