G-type lectin S-receptor-like serine/threonine-protein kinase B120
Oleosin GRP-17
Putative receptor protein kinase ZmPK1
Putative inactive G-type lectin S-receptor-like serine/threonine-protein kinase SRK
G-type lectin S-receptor-like serine/threonine-protein kinase RKS1
G-type lectin S-receptor-like serine/threonine-protein kinase SD2-2
G-type lectin S-receptor-like serine/threonine-protein kinase SD3-1
G-type lectin S-receptor-like serine/threonine-protein kinase SRK
G-type lectin S-receptor-like serine/threonine-protein kinase At1g11300
G-type lectin S-receptor-like serine/threonine-protein kinase At1g61460
G-type lectin S-receptor-like serine/threonine-protein kinase At1g11280
G-type lectin S-receptor-like serine/threonine-protein kinase At1g34300
G-type lectin S-receptor-like serine/threonine-protein kinase At1g11410
Putative G-type lectin S-receptor-like serine/threonine-protein kinase At1g61610
G-type lectin S-receptor-like serine/threonine-protein kinase At2g19130
G-type lectin S-receptor-like serine/threonine-protein kinase At1g11330
G-type lectin S-receptor-like serine/threonine-protein kinase At1g11305
G-type lectin S-receptor-like serine/threonine-protein kinase At1g61400
G-type lectin S-receptor-like serine/threonine-protein kinase At4g27290
G-type lectin S-receptor-like serine/threonine-protein kinase At5g24080
G-type lectin S-receptor-like serine/threonine-protein kinase At4g11900
G-type lectin S-receptor-like serine/threonine-protein kinase At4g03230
