14 kDa peptide of ubiquinol-cytochrome c2 oxidoreductase complex
Acyl carrier protein 2, mitochondrial
Acyl carrier protein, mitochondrial
Acyl carrier protein 3, mitochondrial
Acyl carrier protein 1, mitochondrial
Ubiquinol oxidase 1, mitochondrial
Ubiquinol oxidase 2, mitochondrial
Heme-copper oxidase subunit 4
Alternative oxidase, mitochondrial
Ubiquinol oxidase
Alternative oxidase 1, mitochondrial
Heme-copper oxidase subunit 2
Alternative oxidase 3, mitochondrial
Ubiquinol oxidase 1c, mitochondrial
Ubiquinol oxidase 3, mitochondrial
Ubiquinol oxidase, mitochondrial
Ubiquinol oxidase 1b, mitochondrial
Alternative oxidase 2, mitochondrial
Cbb3-type cytochrome c oxidase subunit CcoP
Cbb3-type cytochrome c oxidase subunit CcoP1
Cbb3-type cytochrome c oxidase subunit CcoP2
Probable cytochrome c oxidase subunit 1-alpha
Putative cytochrome c oxidase subunit 1-beta
Cytochrome c oxidase subunit 1
Cytochrome c oxidase subunit 2
Probable cytochrome c oxidase subunit 1
Probable cytochrome c oxidase subunit 2
Cytochrome c oxidase polypeptide 2A
Cytochrome c oxidase subunit 2, mitochondrial
Alternative cytochrome c oxidase subunit 1
Cytochrome c oxidase subunit 1-alpha
Probable cytochrome c oxidase subunit 1-beta
Cytochrome c oxidase subunit 1-beta
Cytochrome c oxidase subunit 1+2
Cytochrome c oxidase polypeptide 1
Cytochrome c1, heme protein, mitochondrial
Cytochrome c, somatic B
Cytochrome c type-1
Cytochrome c iso-1
Cytochrome c-2
Cytochrome c-a
Cytochrome c1-1, heme protein, mitochondrial
Cytochrome c 2.1
Probable cytochrome c 2.2
Cytochrome c 2
Cytochrome c, testis-specific
Cytochrome bo(3) ubiquinol oxidase subunit 2
Cytochrome b2, mitochondrial
Cytochrome c, somatic
Cytochrome bo(3) ubiquinol oxidase subunit 1
Cytochrome c1-2, heme protein, mitochondrial
(S)-mandelate dehydrogenase, mitochondrial
Cytochrome b
Cytochrome c
Cytochrome c1
Cytochrome c type-2
Cytochrome c-b
Cytochrome c, somatic A
Cytochrome c iso-2
Cytochrome c iso-1/iso-2
Cbb3-type cytochrome c oxidase subunit FixP
Cbb3-type cytochrome c oxidase subunit FixPc
Fumarate reductase flavoprotein subunit
HIG1 domain family member 1A, mitochondrial
HIG1 domain family member 2A, mitochondrial
Mitochondrial-processing peptidase subunit beta
NADH dehydrogenase  1 alpha subcomplex subunit 6
NADH-ubiquinone oxidoreductase 14.8 kDa subunit
NADH dehydrogenase  1 beta subcomplex subunit 1
NADH dehydrogenase  1 beta subcomplex subunit 4
NADH dehydrogenase  1 beta subcomplex subunit 5, mitochondrial
NADH dehydrogenase  1 beta subcomplex subunit 7
NADH dehydrogenase  1 beta subcomplex subunit 6
NADH dehydrogenase  1 beta subcomplex subunit 10
NADH dehydrogenase  1 beta subcomplex subunit 11, mitochondrial
NADH-ubiquinone oxidoreductase 75 kDa subunit
NADH-ubiquinone oxidoreductase 78 kDa subunit, mitochondrial
NADH dehydrogenase  iron-sulfur protein 2
NADH-ubiquinone oxidoreductase 49 kDa subunit
NADH dehydrogenase  iron-sulfur protein 3
NADH-ubiquinone oxidoreductase subunit 9
NADH dehydrogenase  iron-sulfur protein 5
NADH dehydrogenase  iron-sulfur protein 6, mitochondrial
NADH dehydrogenase  iron-sulfur protein 7, mitochondrial
NADH dehydrogenase  iron-sulfur protein 8, mitochondrial
NADH dehydrogenase  1 alpha subcomplex subunit N7BM
NADH dehydrogenase  1 alpha subcomplex subunit 2
NADH dehydrogenase  1 alpha subcomplex subunit 7
NADH-ubiquinone oxidoreductase 40 kDa subunit, mitochondrial
NADH dehydrogenase  1 alpha subcomplex subunit 9, mitochondrial
NADH dehydrogenase  1 alpha subcomplex subunit 10, mitochondrial
NADH dehydrogenase  1 alpha subcomplex subunit 11
Probable NADH dehydrogenase  1 alpha subcomplex subunit 12
NADH dehydrogenase  iron-sulfur protein 1, mitochondrial
NADH dehydrogenase  flavoprotein 2, mitochondrial
NADH dehydrogenase  1 alpha subcomplex subunit 1
NADH-ubiquinone oxidoreductase 21 kDa subunit, mitochondrial
NADH dehydrogenase  flavoprotein 1, mitochondrial
NADH dehydrogenase  1 alpha subcomplex subunit 8
NADH dehydrogenase  1 alpha subcomplex subunit 13
NADH dehydrogenase  1 subunit C2
NADH-ubiquinone oxidoreductase 23 kDa subunit, mitochondrial
NADH-ubiquinone oxidoreductase subunit 8
NADH-ubiquinone oxidoreductase 51 kDa subunit, mitochondrial
NADH-ubiquinone oxidoreductase 9.5 kDa subunit
NADH dehydrogenase  1 alpha subcomplex subunit 12
NADH dehydrogenase  1 beta subcomplex subunit 9
NADH dehydrogenase  1 subunit C2, isoform 2
NADH-ubiquinone oxidoreductase 30.4 kDa subunit, mitochondrial
Probable NADH dehydrogenase  iron-sulfur protein 7, mitochondrial
Nitric oxide reductase subunit C
NADH-ubiquinone oxidoreductase 10.5 kDa subunit
NADH dehydrogenase  iron-sulfur protein 2, mitochondrial
NADH-ubiquinone oxidoreductase 49 kDa subunit homolog
NADH-ubiquinone oxidoreductase 19.3 kDa subunit, mitochondrial
NADH dehydrogenase  flavoprotein 2
NADH dehydrogenase  1 alpha subcomplex subunit 10
NADH-ubiquinone oxidoreductase 49 kDa subunit, mitochondrial
Probable NADH-ubiquinone oxidoreductase 30.4 kDa subunit, mitochondrial
NADH-ubiquinone oxidoreductase 12 kDa subunit, mitochondrial
NADH-ubiquinone oxidoreductase 20 kDa subunit
Nitric oxide reductase subunit B
NADH-ubiquinone oxidoreductase 20.8 kDa subunit
NADH-ubiquinone oxidoreductase 75 kDa subunit, mitochondrial
NADH dehydrogenase  iron-sulfur protein 3, mitochondrial
NADH-ubiquinone oxidoreductase chain 1
NADH-ubiquinone oxidoreductase chain 2
NADH-ubiquinone oxidoreductase chain 3
NADH-ubiquinone oxidoreductase chain 4L
NADH-ubiquinone oxidoreductase chain 5
NADH-ubiquinone oxidoreductase chain 6
Cytochrome b6-f complex subunit petO, chloroplastic
Cytochrome b6-f complex subunit 6
Cytochrome b6-f complex subunit 7, chloroplastic
Ubiquinol oxidase subunit 1
Quinol oxidase subunit 1
Probable quinol oxidase subunit 1
Probable quinol oxidase subunit 2
Cytochrome b-c1 complex subunit 2, mitochondrial
Quinol oxidase subunit 2
Ubiquinol-cytochrome-c reductase complex core protein 2, mitochondrial
Cytochrome b-c1 complex subunit 8
Ubiquinol oxidase subunit 2
Ubiquinol-cytochrome-c reductase complex core protein I, mitochondrial
Cytochrome b-c1 complex subunit 1, mitochondrial
Sulfocyanin
Ubiquinol-cytochrome c reductase complex 6.7 kDa protein
Ubiquinol-cytochrome-C reductase complex subunit IX, mitochondrial
