Probable aminotransferase ACS10
Putative aminotransferase AatC
Probable aminotransferase ACS12
2-aminohexano-6-lactam racemase
Glutamate-pyruvate aminotransferase AlaC
Alanine--glyoxylate aminotransferase 2-like
Glutamate-pyruvate aminotransferase AlaA
Probable alanine aminotransferase
Aminotransferase ALD1
UDP-4-amino-4-deoxy-L-arabinose--oxoglutarate aminotransferase
Ethanolamine-phosphate phospho-lyase
5-phosphohydroxy-L-lysine phospho-lyase
Arginine--pyruvate transaminase AruH
Beta-phenylalanine transaminase
Neamine transaminase BtrB
Probable cysteine desulfurase
LL-diaminopimelate aminotransferase
LL-diaminopimelate aminotransferase, chloroplastic
dTDP-3-amino-3,4,6-trideoxy-alpha-D-glucose transaminase
2,2-dialkylglycine decarboxylase
Protein EaeB
Diaminobutyrate--2-oxoglutarate transaminase
Putative pyridoxal phosphate-dependent aminotransferase EpsN
Probable gamma-aminobutyrate transaminase 2, mitochondrial
Gamma-aminobutyrate transaminase 1, mitochondrial
Gamma aminobutyrate transaminase 3, chloroplastic
Aminomethyltransferase
Aminomethyltransferase, mitochondrial
Probable aminomethyltransferase
Probable gamma-aminobutyrate transaminase 3, mitochondrial
Aminopentol aminotransferase
Gamma aminobutyrate transaminase 1, mitochondrial
Probable gamma-aminobutyrate transaminase 4
GDP-perosamine synthase
Probable aminomethyltransferase, mitochondrial
Putative L-glutamine:3-amino-2,3-dideoxy-scyllo-inosose aminotransferase
L-glutamine:2-deoxy-scyllo-inosose aminotransferase
Gamma aminobutyrate transaminase 2
Glutamate-1-semialdehyde 2,1-aminomutase 1
Glutamate-1-semialdehyde 2,1-aminomutase 2
Glutamate-1-semialdehyde 2,1-aminomutase, chloroplastic
Glutamate-1-semialdehyde 2,1-aminomutase 2, chloroplastic
Glutamate-1-semialdehyde 2,1-aminomutase 1, chloroplastic
5-aminolevulinate synthase, mitochondrial
Iscs-like cysteine desulfurase
Isoleucine 2-epimerase
IscS-like cysteine desulfurase
Cysteine desulfurase IscS
3-aminobutyryl-CoA aminotransferase
2'-deamino-2'-hydroxyneamine transaminase
Kynurenine--oxoglutarate transaminase
8-amino-3,8-dideoxy-alpha-D-manno-octulosonate transaminase
(5-formylfuran-3-yl)methyl phosphate transaminase
Transaminase MtnE
Mycosubtilin synthase subunit A
Neamine transaminase NeoN
3-oxo-glucose-6-phosphate:glutamate aminotransferase
Putative N-acetyl-LL-diaminopimelate aminotransferase
Putative phenylalanine aminotransferase
Pyridoxamine--pyruvate transaminase
UDP-4-amino-4,6-dideoxy-N-acetyl-beta-L-altrosamine transaminase
Purine catabolism protein PucG
2-amino-4-deoxychorismate synthase
Serine--pyruvate aminotransferase, mitochondrial
S-alkyl-thiohydroximate lyase SUR1
Probable aminotransferase TAT4
Tryptophan aminotransferase-related protein 3
Tryptophan aminotransferase-related protein 4
Probable aminotransferase TAT1
Protein-glutamine gamma-glutamyltransferase 2
UDP-2-acetamido-2-deoxy-3-oxo-D-glucuronate aminotransferase
Probable aminotransferase Rv3329
Putative aminotransferase MSMEG_6286/MSMEI_6121
Putative aminotransferase YugH
