Serine/threonine-protein kinase AGC1-7
Armadillo repeat-containing protein 10
Cytochrome P450 734A2
SAP-like protein BP-73
Cytochrome P450 72C1
Cytochrome P450 734A6
Caprin-2
Cytochrome P450 734A4
Leukocyte surface antigen CD53
Probable ATP-dependent DNA helicase CHR12
Cytokine-inducible SH2-containing protein
Chondroitin sulfate proteoglycan 5
Protein EAP1
Glypican-3
Hepatocyte cell adhesion molecule
Phosphopantothenoylcysteine decarboxylase
Probable phosphopantothenoylcysteine decarboxylase
Insulin-like growth factor-binding protein 2
Interferon gamma
Immunoglobulin superfamily member 11
Intracellular growth attenuator protein igaA
Probable serine/threonine protein kinase IREH1
Adenylate kinase isoenzyme 6 homolog
BTB/POZ domain-containing protein KCTD11
Armadillo repeat-containing protein LFR
Melanoma-associated antigen G1
Melanocortin receptor 4
Protein kinase C-binding protein NELL2
Neuromodulin
Opioid growth factor receptor
Oncostatin-M
Yamamarin
Virulence sensor histidine kinase PhoQ
CRIB domain-containing protein RIC5
CRIB domain-containing protein RIC1
CRIB domain-containing protein RIC2
CRIB domain-containing protein RIC10
CRIB domain-containing protein RIC4
CRIB domain-containing protein RIC9
CRIB domain-containing protein RIC3
CRIB domain-containing protein RIC6
Cytochrome b5 domain-containing protein RLF
Regulatory-associated protein of TOR 1
Auxin-responsive protein SAUR20
Auxin-responsive protein SAUR22
Auxin-responsive protein SAUR72
DENN domain and WD repeat-containing protein SCD1
Auxin-responsive protein SAUR21
Auxin-responsive protein SAUR71
Auxin-responsive protein SAUR24
Auxin-responsive protein SAUR40
Auxin-responsive protein SAUR23
Coiled-coil domain-containing protein SCD2
SHC-transforming protein 1
Suppressor of cytokine signaling 4
Suppressor of cytokine signaling 5
Suppressor of cytokine signaling 6
Suppressor of cytokine signaling 7
Suppressor of cytokine signaling 3
G patch domain-containing protein TGH homolog
Transmembrane protein 8B
G patch domain-containing protein TGH
Testis-specific Y-encoded-like protein 5
UV radiation resistance-associated gene protein
Vegetative-specific protein V4
Serine/threonine-protein kinase WAG1
Mitochondrial outer membrane protein porin 2
Serine/threonine-protein kinase WAG2
