Long-chain-fatty-acid--CoA ligase ACSBG2
Acyl-coenzyme A thioesterase 11
Putative acyl-coenzyme A thioesterase 6
Acyl-coenzyme A thioesterase 9, mitochondrial
Acyl-CoA synthetase family member 2, mitochondrial
Long-chain-fatty-acid--CoA ligase 6
ATP-citrate synthase
Acyl-coenzyme A thioesterase 12
Acyl-CoA synthetase family member 3, mitochondrial
Acyl-coenzyme A thioesterase THEM5
Long-chain-fatty-acid--CoA ligase 5
Acyl-coenzyme A thioesterase 13
Alkylglycerol monooxygenase
Acylglycerol kinase, mitochondrial
Putative cytosolic acyl coenzyme A thioester hydrolase-like
Cytosolic acyl coenzyme A thioester hydrolase
Diacylglycerol O-acyltransferase 2
Diacylglycerol O-acyltransferase 1
Diacylglycerol O-acyltransferase 2A
Diacylglycerol O-acyltransferase 2B
Very-long-chain 3-oxoacyl-CoA reductase
Elongation of very long chain fatty acids protein 6
Glycerol-3-phosphate acyltransferase 1, mitochondrial
Glycerol-3-phosphate acyltransferase 2, mitochondrial
Glycerol-3-phosphate acyltransferase 3
Glycerol-3-phosphate dehydrogenase , cytoplasmic
Glycerol-3-phosphate acyltransferase 4
Glycerol-3-phosphate acyltransferase 3-like
Non-symbiotic hemoglobin 2
Lysocardiolipin acyltransferase 1
Lysophospholipid acyltransferase LPCAT4
Phosphatidate phosphatase LPIN2
Phosphatidate phosphatase LPIN3
2-acylglycerol O-acyltransferase 1
2-acylglycerol O-acyltransferase 2
2-acylglycerol O-acyltransferase 2-B
2-acylglycerol O-acyltransferase 2-A
2-acylglycerol O-acyltransferase 3
Nuclear elongation and deformation protein 1
Phospholipid:diacylglycerol acyltransferase
Lysophosphatidylcholine acyltransferase 1
1-acyl-sn-glycerol-3-phosphate acyltransferase alpha
1-acyl-sn-glycerol-3-phosphate acyltransferase beta
1-acyl-sn-glycerol-3-phosphate acyltransferase delta
1-acyl-sn-glycerol-3-phosphate acyltransferase gamma
1-acyl-sn-glycerol-3-phosphate acyltransferase epsilon
Lysosomal thioesterase PPT2
S-acyl fatty acid synthase thioesterase, medium chain
Probable diacyglycerol O-acyltransferase Tgs4
Acyl-coenzyme A thioesterase THEM4
Probable diacyglycerol O-acyltransferase tgs1
Probable diacyglycerol O-acyltransferase tgs2
Probable diacyglycerol O-acyltransferase tgs3
Tricarboxylate transport protein, mitochondrial
Ethylene-responsive transcription factor WRI1
O-acyltransferase WSD
Putative diacyglycerol O-acyltransferase Rv1760
Putative diacyglycerol O-acyltransferase Rv1425
Putative diacyglycerol O-acyltransferase Rv0221
Putative diacyglycerol O-acyltransferase MT1468
Putative diacyglycerol O-acyltransferase Rv2285
Putative diacyglycerol O-acyltransferase Mb2306
Putative diacyglycerol O-acyltransferase MT2557
Putative diacyglycerol O-acyltransferase MT3172
Putative diacyglycerol O-acyltransferase MT3481
Putative diacyglycerol O-acyltransferase MT1809
Putative diacyglycerol O-acyltransferase Rv3480c
Acyltransferase-like protein At3g26840, chloroplastic
Putative diacyglycerol O-acyltransferase Mb3761c
Acyltransferase-like protein At1g54570, chloroplastic
Putative diacyglycerol O-acyltransferase MT0231
Putative diacyglycerol O-acyltransferase MT2343
Putative diacyglycerol O-acyltransferase Mb3115
Putative diacyglycerol O-acyltransferase Rv2484c
Putative diacyglycerol O-acyltransferase Rv3087
Putative diacyglycerol O-acyltransferase MT0919
Putative diacyglycerol O-acyltransferase Mb0919
Putative diacyglycerol O-acyltransferase Mb3154c
Putative diacyglycerol O-acyltransferase MT3584
Putative diacyglycerol O-acyltransferase MT3848
Putative diacyglycerol O-acyltransferase Rv3371
Putative diacyglycerol O-acyltransferase Rv0895
