2-hydroxymuconate tautomerase
Succinyl-CoA:(R)-benzylsuccinate CoA-transferase subunit BbsE
Succinyl-CoA:(R)-benzylsuccinate CoA-transferase subunit BbsF
(R)-benzylsuccinyl-CoA dehydrogenase
Benzylsuccinate synthase gamma subunit
Benzylsuccinate synthase activating enzyme
Benzoate 1,2-dioxygenase electron transfer component
Benzylsuccinate synthase alpha subunit
Benzylsuccinate synthase beta subunit
4-hydroxy-2-oxovalerate aldolase 1
Toluene-4-monooxygenase system ferredoxin subunit
Toluene-4-monooxygenase system protein D
Toluene 1,2-dioxygenase system ferredoxin subunit
Toluene-4-monooxygenase system protein A
2-hydroxy-6-oxo-2,4-heptadienoate hydrolase
Toluene-4-monooxygenase system protein E
Toluene-4-monooxygenase electron transfer component
Toluene 1,2-dioxygenase system ferredoxin--NAD(+) reductase component
Cis-toluene dihydrodiol dehydrogenase
Toluene-4-monooxygenase system protein B
3-methylcatechol 2,3-dioxygenase
TodF product hydratase
4-oxalocrotonate decarboxylase
Toluate 1,2-dioxygenase subunit alpha
Metapyrocatechase
Toluate 1,2-dioxygenase subunit beta
