Patr class I histocompatibility antigen, B-2 alpha chain
Class I histocompatibility antigen, Gogo-C*0101/C*0102 alpha chain
Saoe class I histocompatibility antigen, C alpha chain
Class I histocompatibility antigen, Gogo-OKO alpha chain
Class I histocompatibility antigen, Gogo-A*0401 alpha chain
Class I histocompatibility antigen, Gogo-C*0202 alpha chain
Class I histocompatibility antigen, Gogo-C*0203 alpha chain
Patr class I histocompatibility antigen, B-1 alpha chain
Class I histocompatibility antigen, Gogo-B*0201 alpha chain
Patr class I histocompatibility antigen, CH28 alpha chain
Popy Class I histocompatibility antigen, A-1 alpha chain
Class I histocompatibility antigen, Gogo-A*0201 alpha chain
Class I histocompatibility antigen, Gogo-B*0102 alpha chain
Patr class I histocompatibility antigen, C alpha chain
Class I histocompatibility antigen, Gogo-A*0101 alpha chain
Patr class I histocompatibility antigen, A-2 alpha chain
Saoe class I histocompatibility antigen, A alpha chain
Patr class I histocompatibility antigen, A-108 alpha chain
Class I histocompatibility antigen, Gogo-A*0501 alpha chain
Class I histocompatibility antigen, Gogo-C*0201 alpha chain
Patr class I histocompatibility antigen, A-126 alpha chain
Class I histocompatibility antigen, Gogo-B*0101 alpha chain
Class I histocompatibility antigen, B alpha chain
Class I histocompatibility antigen, Gogo-B*0103 alpha chain
Class I histocompatibility antigen, F10 alpha chain
DLA class I histocompatibility antigen, A9/A9 alpha chain
RLA class I histocompatibility antigen, alpha chain 11/11
BOLA class I histocompatibility antigen, alpha chain BL3-6
BOLA class I histocompatibility antigen, alpha chain BL3-7
RLA class I histocompatibility antigen, alpha chain 19-1
Patr class I histocompatibility antigen, alpha chain G
Major histocompatibility complex class I-related gene protein
Popy class I histocompatibility antigen, alpha chain E
Mamu class I histocompatibility antigen, alpha chain F
Large neutral amino acids transporter small subunit 1
