Abhydrolase domain-containing protein 2
ADP-ribosylation factor-like protein 1
Probable histone-lysine N-methyltransferase CG1716
Protein bowel
F-actin-capping protein subunit alpha
F-actin-capping protein subunit beta
Probable cytochrome P450 9f2
Putative cysteine proteinase CG12163
Probable cytochrome P450 6d4
C-terminal-binding protein
DNA damage-binding protein 1
Aromatic-L-amino-acid decarboxylase
H/ACA ribonucleoprotein complex subunit 4
Protein daughter of sevenless
F-box-like/WD repeat-containing protein ebi
Dual oxidase
Dynein light chain 1, cytoplasmic
Zinc finger protein Elbow
Protein escargot
Cadherin-related tumor suppressor
Guanine nucleotide-binding protein subunit beta-like protein
Glycine cleavage system H protein, mitochondrial
G protein alpha s subunit
Eukaryotic translation initiation factor 5A
Protein lines
Protein lethal(3)malignant blood neoplasm 1
S-adenosylmethionine synthase
Methylthioribose-1-phosphate isomerase
Zinc finger protein Noc
Protein nubbin
Serine/threonine-protein phosphatase 2B catalytic subunit 2
Protein scalloped
Serum response factor homolog
Putative transcription factor SOX-15
Serine proteinase stubble
Transmembrane emp24 domain-containing protein eca
Tankyrase
Tyrosine 3-monooxygenase
Zinc finger protein 2
