Alanyl-tRNA editing protein Aarsd1
Alanyl-tRNA editing protein AlaX-M
tRNA-aminoacylation cofactor arc1
tRNA-aminoacylation cofactor ARC1
Alternative ribosome-rescue factor A
Probable chaperone CsaA
Nuclear polyadenylated RNA-binding protein NAB2
tRNA
L-seryl-tRNA(Sec) kinase
Pentatricopeptide repeat-containing protein 1, mitochondrial
Pyrrolysine--tRNA ligase
50S ribosomal protein L16
60S ribosomal protein L35a
50S ribosomal protein L1
50S ribosomal protein L5
Dual-specificity RNA methyltransferase RlmN
Probable dual-specificity RNA methyltransferase RlmN
Probable dual-specificity RNA methyltransferase RlmN 1
Probable dual-specificity RNA methyltransferase RlmN 3
Putative dual-specificity RNA methyltransferase RlmN
Ribonuclease P protein component
Dual-specificity RNA methyltransferase RlmN 1
Dual-specificity RNA methyltransferase RlmN 2
Probable dual-specificity RNA methyltransferase RlmN 2
Exosome complex exonuclease DIS3
30S ribosomal protein S13
30S ribosomal protein S7
O-phosphoserine--tRNA(Cys) ligase
Schlafen family member 11
Alanine--tRNA ligase, cytoplasmic
Cysteine--tRNA ligase, cytoplasmic
Glutamate--tRNA ligase 2
Glutamate--tRNA ligase, chloroplastic/mitochondrial
Probable glutamate--tRNA ligase, mitochondrial
Glutamate--tRNA ligase, mitochondrial
Alanine--tRNA ligase
Glutamate--tRNA ligase 1
Glutamate--tRNA ligase
Phenylalanine--tRNA ligase alpha subunit A
Phenylalanine--tRNA ligase beta subunit
Aspartate--tRNA ligase, mitochondrial
Phenylalanine--tRNA ligase alpha subunit
Probable phenylalanine--tRNA ligase alpha subunit
Lysine--tRNA ligase 1
Lysine--tRNA ligase, mitochondrial
Lysine--tRNA ligase
Methionine--tRNA ligase
Methionine--tRNA ligase 1
Probable methionine--tRNA ligase
Arginine--tRNA ligase, cytoplasmic
Phenylalanine--tRNA ligase alpha subunit B
Methionine--tRNA ligase, cytoplasmic
GlutamylGlutaminyl-tRNA synthetase
Probable methionine--tRNA ligase, cytoplasmic
Asparagine--tRNA ligase, mitochondrial
Phenylalanine--tRNA ligase alpha subunit, cytoplasmic
TRMT1-like protein
Probable tRNA
tRNA selenocysteine 1-associated protein 1
Exportin-5
Exportin-T
UPF0234 protein YajQ
tRNA-binding protein YgjH
Putative alanyl-tRNA editing protein alaX
Putative tRNA-binding protein YtpR
