Manganese-dependent ADP-ribose/CDP-alcohol diphosphatase
L-arabinose isomerase
L-arabinose isomerase 2
L-arabinose isomerase 1
Carbamoyl-phosphate synthase large chain
Carbamoyl-phosphate synthase pyrimidine-specific large chain
D-lyxose ketol-isomerase
1-deoxy-D-xylulose 5-phosphate reductoisomerase, apicoplastic
L-fucose isomerase
Fructose-1,6-bisphosphatase 1 class 2
Fructose-1,6-bisphosphatase 2 class 2
2,3-bisphosphoglycerate-independent phosphoglycerate mutase
2,3-bisphosphoglycerate-independent phosphoglycerate mutase 2
Glutathione biosynthesis bifunctional protein GshAB
Glutathione synthetase
Fructose-1,6-bisphosphatase class 2
GDP-mannose mannosyl hydrolase
2,3-bisphosphoglycerate-independent phosphoglycerate mutase 1
4-hydroxy-2-oxovalerate aldolase 1
4-hydroxy-2-oxovalerate aldolase 2
4-hydroxy-2-oxovalerate aldolase 3
4-hydroxy-2-oxovalerate aldolase 4
4-hydroxy-2-oxovalerate aldolase 6
4-hydroxy-2-oxovalerate aldolase 5
4-hydroxy-2-oxovalerate aldolase 7
Formimidoylglutamase
Probable formimidoylglutamase
4-hydroxy-2-oxovalerate aldolase
2-keto-4-pentenoate hydratase 1
2-keto-4-pentenoate hydratase 3
2-keto-4-pentenoate hydratase 2
8-oxo-dGTP diphosphatase
NADH pyrophosphatase
Probable manganese-dependent inorganic pyrophosphatase
Manganese-dependent inorganic pyrophosphatase
5-formaminoimidazole-4-carboxamide-1-(beta)-D-ribofuranosyl 5'-monophosphate synthetase
5-formaminoimidazole-4-carboxamide-1-(beta)-D-ribofuranosyl 5'-monophosphate synthetase 1
5-formaminoimidazole-4-carboxamide-1-(beta)-D-ribofuranosyl 5'-monophosphate synthetase 2
Ribonuclease HII
Ribonuclease HII 1
Ribonuclease HII 2
RNA-splicing ligase RtcB
Probable L-ascorbate-6-phosphate lactonase UlaG
Alpha-D-glucose 1-phosphate phosphatase YihX
Alpha-D-glucose-1-phosphate phosphatase YihX
