Transcription factor TFIIIB component B'' homolog
GTP-binding protein GTR1
DNA-directed RNA polymerase III subunit 2
DNA-directed RNA polymerases II, IV and V subunit 12
DNA-directed RNA polymerases I, II, and III subunit RPABC1
DNA-directed RNA polymerases I, II, and III subunit RPABC2
Probable DNA-directed RNA polymerases I, II, and III subunit RPABC3
DNA-directed RNA polymerases I, II, and III subunit RPABC4
DNA-directed RNA polymerases I and III subunit rpac1
DNA-directed RNA polymerase III subunit RPC2
Probable DNA-directed RNA polymerase III subunit RPC6
60 kDa SS-A/Ro ribonucleoprotein
DNA-directed RNA polymerases I and III subunit RPAC2
DNA-directed RNA polymerase III subunit rpc3
DNA-directed RNA polymerase III subunit RPC3
DNA-directed RNA polymerases I, II, and III subunit rpabc1
DNA-directed RNA polymerases I, II, and III subunit RPABC3
DNA-directed RNA polymerases I and III subunit RPAC1
Probable DNA-directed RNA polymerases I and III subunit RPAC2
DNA-directed RNA polymerase III subunit rpc1
DNA-directed RNA polymerase III subunit RPC9
DNA-directed RNA polymerases I and III subunit rpc19
DNA-directed RNA polymerase III subunit rpc6
DNA-directed RNA polymerase III subunit RPC6
DNA-directed RNA polymerases I, II, and III subunit rpabc3
DNA-directed RNA polymerase III subunit rpc5
Probable DNA-directed RNA polymerases I, II, and III subunit RPABC2
DNA-directed RNA polymerases I, II, and III subunit rpabc4
DNA-directed RNA polymerase III subunit RPC1
DNA-directed RNA polymerase III subunit rpc2
DNA-directed RNA polymerase III subunit rpc4
DNA-directed RNA polymerase III subunit RPC5
DNA-directed RNA polymerase III subunit RPC4
Probable DNA-directed RNA polymerase III subunit rpc6
Putative transcription factor tau subunit sfc9
snRNA-activating protein complex subunit 1
snRNA-activating protein complex subunit 2
snRNA-activating protein complex subunit 3
snRNA-activating protein complex subunit 4
Transcription factor IIIA
Transcription factor TFIIIB component B''
Zinc finger protein 143
Zinc finger protein 345
