14-3-3-like protein 2
14-3-3-like protein GF14-C
DNA-3-methyladenine glycosylase
14-3-3-like protein GF14-B
14-3-3-like protein GF14-E
Alpha/beta hydrolase domain-containing protein 14B
Probable DNA-3-methyladenine glycosylase
Ankyrin repeat and BTB/POZ domain-containing protein 2
ARS-binding protein 2
Actin-binding protein F
Actin-like protein 7A
Cystatin-related protein 1
Putative acyl-CoA-binding protein
Probable ATP-citrate synthase subunit 1
Aspartoacylase
Probable serine/threonine protein phosphatase 2A regulatory subunit B''gamma
ACD11 homolog protein
Probable ATP-citrate synthase subunit 2
Acrosin-binding protein
5E5 antigen
ACT domain-containing protein ACR1
Acetyl-coenzyme A synthetase
Adenosine kinase
Probable double-stranded RNA-specific adenosine deaminase
SRY-related protein ADW4
Cytosolic 5'-nucleotidase 1B
Malonate--CoA ligase
Acidic repeat-containing protein
SRY-related protein AES1
SRY-related protein AES6
Ninja-family protein AFP1
Probable ADP-ribosylation factor GTPase-activating protein AGD6
Ankyrin repeat domain-containing protein 2A
Acetyl-coenzyme A synthetase 1
SRY-related protein ADW2
UDP-N-acetylglucosamine transferase subunit alg13
Alpha-ketoglutarate-dependent dioxygenase alkB homolog 6
SRY-related protein AMA1
Probable acetyl-coenzyme A synthetase
SRY-related protein ADW5
SRY-related protein AES2
Akirin-1
Alpha-aminoadipic semialdehyde dehydrogenase
Aberrant root formation protein 4
UDP-N-acetylglucosamine transferase subunit ALG13
Abnormal long morphology protein 1
Spindle pole body component alp14
Altered inheritance of mitochondria protein 18, mitochondrial
Probable Xaa-Pro aminopeptidase P
Acidic leucine-rich nuclear phosphoprotein 32 family member B
Ankyrin repeat domain-containing protein 7
Transcriptional regulator ADR1
Protein AE7
Antisense-enhancing sequence 1
Antagonist of mitotic exit network protein 1
Nucleoporin-like protein amo1
Ankyrin repeat domain-containing protein 37
Ankyrin repeat domain-containing protein 54
SRY-related protein AES4
Glucan endo-1,3-alpha-glucosidase agn2
Protein AIM7
ATPase-like fidgetin
Microtubule protein alp7
Ankyrin repeat domain-containing protein 1
Amyloid protein-binding protein 2
Adenine phosphoribosyltransferase
Apoptosis inhibitor 5-A
Actin-related protein 2/3 complex subunit 1A
Actin-related protein 2/3 complex subunit 1B
Alpha-ketoglutarate-dependent dioxygenase abh1
Ankyrin repeat domain-containing protein 34B
Apoptosis inhibitor 5 homolog
DNA oxidative demethylase ALKBH2
Amphoterin-induced protein 2
Actin-binding protein anillin
AP-3 complex subunit beta
DNA-(apurinic or apyrimidinic site) lyase
Apoptosis inhibitor 5-B
Acyl-protein thioesterase 1
Aprataxin-like protein
Argonaute-binding protein 2
Helicase ARIP4
Ankyrin repeat domain-containing protein 23
Bis(5'-nucleosyl)-tetraphosphatase
Armadillo repeat-containing protein 12
Actin patches distal protein 1
Apoptosis inhibitor 5
Diphosphoinositol polyphosphate phosphohydrolase aps1
Adenine phosphoribosyltransferase 1
ASTRA-associated protein 1
DASH complex subunit ask1
Chorismate synthase
Probable metalloprotease ARX1
Actin-related protein 6
Actin-related protein 2/3 complex subunit 3
Isoaspartyl peptidase/L-asparaginase
Putative phospho-2-dehydro-3-deoxyheptonate aldolase
Phospho-2-dehydro-3-deoxyheptonate aldolase, tyrosine-inhibited
Actin-related protein 2/3 complex subunit 2
Actin-like protein C08B11.6
Putative histone-lysine N-methyltransferase ASHH4
ATPase family AAA domain-containing protein 5
Actin-related protein 2/3 complex subunit 5
Histone-lysine N-methyltransferase ASHR2
Histone-lysine N-methyltransferase ASHR1
Aspartic acid-rich protein
Putative ATPase inhibitor, mitochondrial
Actin-like protein arp10
Actin-related protein 2/3 complex subunit 4
Anti-silencing protein 2
Histone-lysine N-methyltransferase ATXR2
Histone-lysine N-methyltransferase ATXR4
B9 domain-containing protein 2
Abnormal spindle-like microcephaly-associated protein homolog
Barrier-to-autointegration factor-like protein
Bifunctional nuclease 1
Autophagy-related protein 3
Alkyltransferase-like protein 1
Bifunctional nuclease 2
Protein BUD31 homolog 2
Protein BEX3
Protein BEX4
Protein BEX1
Protein BEX2
N-acetyltransferase ats1
Bcl-2-like protein 15
Bifunctional nuclease
Protein BUD31 homolog 3
Ataxin-8
Bcl-2-like protein 13
Probable betaine aldehyde dehydrogenase
Barrier-to-autointegration factor 1
Protein BHLHb9
Basic immunoglobulin-like variable motif-containing protein
ATR-interacting protein
Barrier-to-autointegration factor
Biofilm and cell wall regulator 1
Target of rapamycin complex 2 subunit bit61
Breast cancer type 2 susceptibility protein homolog
Protein Brevis radix-like 4
BTB/POZ domain-containing protein 3
Transcriptional regulator ATRY
Protein B4
Protein BCCIP homolog
Protein BUD31 homolog 1
Stress response protein
Protein BOP3
Bouquet formation protein 4
Protein Brevis radix-like 2
Putative protein Brevis radix-like 3
Putative protein Brevis radix-like 5
Mitotic checkpoint protein BUB3
Serine/threonine-protein kinase BUR1
Zinc finger CCCH domain-containing protein 26
Zinc finger CCCH domain-containing protein 5
Branched-chain-amino-acid aminotransferase, mitochondrial
Protein BEX6
Pre-miRNA 5'-monophosphate methyltransferase
Zinc finger CCCH domain-containing protein 12
Chromatin assembly factor 1 subunit p60
Stress response protein bis1
Ribosome biogenesis protein BMS1
Protein aurora borealis
Zinc finger protein bud20
Zinc finger CCCH domain-containing protein 3
Zinc finger CCCH domain-containing protein 57
Chromatin assembly factor 1 subunit A-A
Dephospho-CoA kinase CAB5
Calcium-binding and coiled-coil domain-containing protein 1
Bloom syndrome protein homolog
Zinc finger CCCH domain-containing protein 32
UPF0688 protein C1orf174 homolog
Chromatin assembly factor 1 subunit A
F-actin-capping protein subunit beta
Protein Brevis radix-like 1
Coiled-coil and C2 domain-containing protein 1-like
UPF0688 protein C1orf174
Calmodulin-like protein 6
Calpain-7
UPF0573 protein C2orf70 homolog
Protein Brevis radix-like 3
Protein BUD31 homolog
Zinc finger CCCH domain-containing protein 34
Zinc finger CCCH domain-containing protein 37
Zinc finger CCCH domain-containing protein 58
Calcium-binding and coiled-coil domain-containing protein 1-A
Carnosine N-methyltransferase
Centromere-binding protein 1
Ankyrin repeat and BTB/POZ domain-containing protein BTBD11-A
Mitotic checkpoint protein bub3
Zinc finger CCCH domain-containing protein 16
Zinc finger CCCH domain-containing protein 43
F-actin-capping protein subunit alpha-1
Cyclin-A2-1
Putative cyclin-A3-1
Cyclin-A3-3
Cyclin-B1-3
Cyclin-B2-2
Putative cyclin-D2-3
Cyclin-D5-3
Coiled-coil domain-containing protein 89
Zinc finger CCCH domain-containing protein 67
Coiled-coil domain-containing protein 106
Coiled-coil domain-containing protein 110
Cyclin-A1-1
Cyclin-B1-4
Cyclin-B2-1
Cyclin-D2-1
Cyclin-D3-1
Cyclin-D4-1
Cyclin-D5-2
Cyclin-F2-2
G2/mitotic-specific cyclin-1
Cyclin-A1
G2/mitotic-specific cyclin-B1
G2/mitotic-specific cyclin-B2
Cyclin-J
Chromatin assembly factor 1 subunit A-B
Calmodulin-related protein 97A
Calcium-binding and coiled-coil domain-containing protein 1-B
Caspase recruitment domain-containing protein 19
Cyclin-A3-2
Cyclin-B2-4
Cyclin-D1-1
Putative cyclin-F1-2
Putative cyclin-F3-2
Coiled-coil alpha-helical rod protein 1
Cyclin-O protein A
UPF0609 protein C4orf27 homolog
Cell division control protein 6 homolog B
Caspase-3
Caveolin-2
Cyclin-A1-4
Cyclin-B2-3
Putative cyclin-B3-1
Cyclin-D2-2
Cyclin-D5-1
Coiled-coil domain-containing protein 86
Putative cyclin-F1-4
G2/mitotic-specific cyclin-2
G1/S-specific cyclin-E2
Cyclin-J-like protein
Cell division control protein 6 homolog
Cyclin-dependent kinase 20
Cyclin-dependent kinase-like 2
Caspase-14
CENP-B homolog protein 1
Cyclin-A1-3
Cyclin-B2-5
Cyclin-D1-2
Cyclin-D4-2
Putative cyclin-F2-1
G2/mitotic-specific cyclin-A
Cyclin-O protein B
Cyclin-SDS
Cell division cycle protein 123
Cyclin-dependent kinase 1
Cyclin-dependent kinase-like 1
Chromo domain-containing protein cec-1
CUGBP Elav-like family member 1-A
CUGBP Elav-like family member 2
Histone H3-like centromeric protein CSE4
Centromere protein N-A
Histone H3-like centromeric protein A
Centromere protein M
Centromere protein N
Centromere protein W
Centrin-A
Cilia- and flagella-associated protein 36
Coiled-coil domain-containing protein 124 homolog
Cyclin-A3-4
Putative cyclin-F1-1
Cell division cycle-associated protein 2
Cell division cycle-associated protein 4
Cyclin-dependent kinase 7
Cyclin-dependent kinase D-1
DNA replication factor Cdt1
Centromere protein I
Centromere protein L
Centromere protein P
Centromere protein T
Centromere protein X
Cytosolic Fe-S cluster assembly factor CFD1
G1/S-specific cyclin CLN1
Cyclin-A1-2
Cyclin-B1-5
C-C motif chemokine 27
G2/mitotic-specific cyclin-A1
G1/S-specific cyclin-E
Cell division control protein 45 homolog
Cyclin-dependent kinase 12
Chromodomain Y-like protein 2
Histone H3-like centromeric protein CNA1
Centromere protein H
Protein CFT1
SRY-related protein CH31
Cyclin-A3-1
Cyclin-B1-1
Putative cyclin-F1-3
Putative cyclin-F3-1
G2/mitotic-specific cyclin C13-1
G2/mitotic-specific cyclin S13-6
G2/mitotic-specific cyclin S13-7
G2/mitotic-specific cyclin-B
G1/S-specific cyclin-D2
G1/S-specific cyclin-D3
Cyclin-D
Cyclin-dependent kinase 4
Cyclin-dependent kinase inhibitor 2A
CUGBP Elav-like family member 1
CENPB DNA-binding domain-containing protein 1
Histone H3-like centromeric protein cnp1
Centromere protein Q
Probable cytosolic Fe-S cluster assembly factor SPAC806.02c
Craniofacial development protein 2
G1/S-specific cyclin CCN1
Glutathione-specific gamma-glutamylcyclotransferase
ATP-dependent DNA helicase CHL1
Chitin deacetylase 1
CUGBP Elav-like family member 1-B
Centromere protein S
Chromodomain-helicase-DNA-binding protein 1-like
Chromatin accessibility complex protein 1
Histone H2A.Z-specific chaperone chz1
Probable cytosolic iron-sulfur protein assembly protein 1
Polyadenylate-binding protein-interacting protein 11
Cyclin-dependent kinase 2-interacting protein
CUGBP Elav-like family member 5
Centromere protein U
Cilia- and flagella-associated protein 45
UPF0686 protein C11orf1
Chloride channel CLIC-like protein 1
Cyclin-dependent kinase E-1
Centrosomal protein of 162 kDa
Chromo domain-containing protein cec-3
Centromere protein K
Centromere protein O
Cleavage factor two protein 2
G2/mitotic-specific cyclin CYB1
Chitin synthase regulatory factor 2
Histone H2A.Z-specific chaperone CHZ1
Ester hydrolase C11orf54 homolog
Centromere protein N-B
Protein cft1
Chromo domain-containing protein 2
Protein C9orf72
Polyadenylate-binding protein-interacting protein 10
Polyadenylate-binding protein-interacting protein 9
CLK4-associating serine/arginine rich protein
C-Maf-inducing protein
Calmodulin-lysine N-methyltransferase
Chitin synthase regulatory factor 3
Histone H2A.Z-specific chaperone chz-1
Polyadenylate-binding protein-interacting protein 8
Cyclin-dependent kinases regulatory subunit 2
Claspin
SNF2 domain-containing protein CLASSY 3
Calcium-binding protein CML19
Protein CMS1
Cap-specific mRNA
Condensin-2 complex subunit H2
CHD3-type chromatin-remodeling factor CHR7
Protein CIA1
Calcium/calmodulin-dependent protein kinase II inhibitor 2
SNF2 domain-containing protein CLASSY 2
Clusterin-associated protein 1
Calcium/calmodulin-dependent protein kinase type 1
Protein C9orf72 homolog
SNF2 domain-containing protein CLASSY 4
Condensin complex subunit 1
Condensin complex subunit 2
Condensin complex subunit 3
Conserved oligomeric Golgi complex subunit 6
UPF0686 protein C11orf1 homolog
Calcineurin B-like protein 7
Condensin-2 complex subunit G2
Collectin-10
Putative uncharacterized protein C9orf129
Polyadenylate-binding protein-interacting protein 12
Clusterin-associated protein 1 homolog
Centromere-localized protein 2
Kinetochore-associated protein CNN1
Cytochrome c oxidase assembly protein COX19
Anamorsin
Cleavage and polyadenylation specificity factor subunit 6
Cytochrome c oxidase copper chaperone
Probable cleavage and polyadenylation specificity factor subunit 1
Cytochrome c oxidase subunit 6B-like protein new16
Cleavage and polyadenylation specificity factor subunit 1
Protein cramped-like
COP9 signalosome complex subunit 2
COP9 signalosome complex subunit 4
Chromosome transmission fidelity protein 8 homolog
Probable catechol O-methyltransferase 1
Cytochrome c oxidase subunit 6B
Cytochrome c oxidase assembly protein cox19, mitochondrial
Cleavage and polyadenylation specificity factor subunit 3-I
Cleavage and polyadenylation factor complex subunit C74.02c
Meiosis-specific cyclin crs1
Exosome complex component csl4
COP9 signalosome complex subunit 1
Cleavage stimulation factor subunit 3
mRNA decay factor CTH1
UPF0769 protein C21orf59 homolog
Anamorsin-B
Central kinetochore subunit CTF19
Chromosome transmission fidelity protein 8 homolog isoform 2
CUE domain-containing protein 2
Pre-mRNA-splicing factor CWC15
Cruciform DNA-recognizing protein 1
Cleavage stimulation factor subunit 1
Chromosome transmission fidelity protein 18
Cleavage stimulation factor subunit 50
Spindle pole body-associated protein cut12
Pre-mRNA-splicing factor cwf21
Anamorsin-A
Cleavage and polyadenylation specificity factor subunit 5
C2 domain-containing protein 2
Protein saf4
Protein CROC-4
Cysteine-rich protein 2-binding protein
Cystatin-11
mRNA decay factor CTH2
CUE domain-containing protein 2-A
Homeobox protein CUP9
COP9 signalosome complex subunit 7
Chromosome transmission fidelity protein 18 homolog
Calcyclin-binding protein
Dapper 1
Component of Sp100-rs
CUE domain-containing protein 2-B
Pre-mRNA-splicing factor U5-Cwc21
Pre-mRNA-splicing factor cwf26
Cystatin-B
Cytospin-B
DASH complex subunit dam1
UPF0769 protein C21orf59
Oligo(A)/oligo(T)-binding protein
DAZ-associated protein 2
Lariat debranching enzyme B
Lariat debranching enzyme A
Defective in cullin neddylation protein 1
Putative DNA-binding protein At1g48610
DASH complex subunit dad2
m7GpppN-mRNA hydrolase
m7GpppX diphosphatase
DDRGK domain-containing protein 1
Putative DEAD-box RNA helicase HEL64
Probable ATP-dependent RNA helicase ddx42
Probable ATP-dependent RNA helicase DDX59
RNA polymerase II degradation factor 1
Lariat debranching enzyme
mRNA-decapping enzyme 1B
Putative ATP-dependent RNA helicase DDX12
Probable ATP-dependent RNA helicase ddx20
Deoxyribose-phosphate aldolase
DDB1- and CUL4-associated factor 8
Protein artemis
mRNA-decapping enzyme subunit 1
Dapper 1-B
ATP-dependent RNA helicase DDX3Y
ATP-dependent RNA helicase DDX42
Dihydropyrimidinase 1
Putative pre-mRNA-splicing factor ATP-dependent RNA helicase PRP1
Protein DEHYDRATION-INDUCED 19 homolog 2
DET1 homolog
Broad-range acid phosphatase DET1
Protein DGCR14 homolog
Protein DEHYDRATION-INDUCED 19
Protein DEHYDRATION-INDUCED 19 homolog 5
Damage-regulated import facilitator 1
Disco-interacting protein 2
Homeobox protein DLX-2
Homeobox protein DLX-4
ES2 similar protein 2
Protein DGCR6L
Putative pre-mRNA-splicing factor ATP-dependent RNA helicase DHX16
ATP-dependent RNA helicase A-like protein
Digestive organ expansion factor homolog
DnaJ homolog subfamily C member 27
Probable ATP-dependent RNA helicase DDX53
DNA fragmentation factor subunit beta
Protein DGCR14
NADP-specific glutamate dehydrogenase 1
Disco-interacting protein 2 homolog B-A
Disco-interacting protein 2 homolog B
Phosphoprotein p93
Dead end protein homolog 1
DNA ligase 1
Protein DIA2
DnaJ homolog subfamily C member 7
DNA ligase 3
Putative DNA ligase 4
DNA polymerase epsilon subunit B
DNA polymerase epsilon subunit C
DNA polymerase epsilon subunit D
NADP-specific glutamate dehydrogenase
Protein DEHYDRATION-INDUCED 19 homolog 6
DNA damage-inducible protein DIN7
13 kDa deflagellation-inducible protein
Disco-interacting protein 2 homolog C
Meiotic recombination protein DMC1 homolog
DNA ligase 4
Deoxyribonuclease gamma
Protein downstream neighbor of Son
DNA polymerase alpha catalytic subunit
DNA polymerase beta
DNA polymerase lambda
DNA polymerase theta
DNA-damage-repair/toleration protein DRT111, chloroplastic
NADP-specific glutamate dehydrogenase 2
Deoxyribonuclease-1-like 1
Deoxyribonuclease-1-like 2
Docking protein 1
DNA polymerase IV
DNA polymerase alpha subunit B
DNA polymerase delta catalytic subunit
Fe-S cluster assembly protein dre2
Putative pre-mRNA-splicing factor ATP-dependent RNA helicase DHX32
Glutathione-independent glyoxalase DJ-1
Homeobox protein DLX-1
Deoxyribonuclease-1
Putative dipeptidase NECHADRAFT_87110
DNA polymerase delta subunit 2
DNA polymerase delta subunit 3
DNA
Probable deoxyuridine 5'-triphosphate nucleotidohydrolase
Chaperone protein dnaJ 6
2'-deoxynucleoside 5'-phosphate N-hydrolase 1
Protein downstream neighbor of son homolog
DNA polymerase type-X family protein pol4
Fe-S cluster assembly protein DRE2
D-serine dehydratase
WW domain-containing protein A
Decapping nuclease DXO homolog
Putative 2'-deoxynucleoside 5'-phosphate N-hydrolase 1
DCC-interacting protein 13-beta
DNA polymerase delta small subunit
Putative double homeobox protein 3
Dynein light chain 1, cytoplasmic
Protein EBS1
DNA polymerase epsilon subunit 3
D-tyrosyl-tRNA(Tyr) deacylase
Decapping and exoribonuclease protein
Glucan endo-1,3-beta-glucosidase 14
Probable DNA polymerase delta small subunit
DNA polymerase delta subunit 4
Decapping and exoribonuclease protein 1
Extender of the chronological lifespan protein 2
N-acetyltransferase ECO1
DNA polymerase epsilon subunit 4
DNA polymerase nu
Pre-mRNA-splicing factor dre4
Extender of the chronological lifespan protein ecl3
UPF0045 protein ECM15
Enhancer of mRNA-decapping protein 4
Protein EDS1L
Down syndrome critical region protein 3 homolog
Kinetochore-associated protein DSN1 homolog
Extender of the chronological lifespan protein 1
Ergothioneine biosynthesis protein 1
Sperm protein EM1
ER membrane protein complex subunit 2-B
Crossover junction endonuclease EME1
Protein EMSY-LIKE 4
ER membrane protein complex subunit 2-A
Poly(U)-specific endoribonuclease-B
Enolase-phosphatase E1
Protein EDS1B
cGMP-dependent protein kinase egl-4
ER membrane protein complex subunit 2
Probable crossover junction endonuclease EME2
Poly(U)-specific endoribonuclease
Epidermal growth factor receptor substrate 15-like 1
DNA excision repair protein ERCC-6-like 2
EF-hand calcium-binding domain-containing protein 13
ER membrane protein complex subunit 8
Protein EMSY-LIKE 3
Protein EMB-1
Escargot/snail protein homolog
Cyclin-dependent protein kinase inhibitor EL2
Crossover junction endonuclease EME1B
Essential for maintenance of the cell wall protein 1
Telomere replication protein EST3
Glucan 1,3-beta-glucosidase 3
Protein FAM107A
Protein FRA10AC1
Fructose-1,6-bisphosphatase isozyme 2
Protein FAM188A
Protein Simiate
Protein FAM208B
Protein FAM50A-A
Protein FAM71F1
Factor VIII intron 22 protein
Crossover junction endonuclease EME1A
Embryonic stem cell-related gene protein
Glucan endo-1,6-beta-glucosidase B
Exonuclease 1
Protein FAM192A
Protein FAM205A
Protein FAM209B
Protein FAM220A
Protein FAM53A
Protein FAM64A
Protein FAM71A
Protein FAM76B
Endoplasmic reticulum-Golgi intermediate compartment protein 2
Protein FAM193B
Protein FAM32A
Protein FAM81B
Protein FAM83G
Protein FAM50 homolog
Protein FAM166A
Protein FAM209A
Protein FAM214B
Protein FAM50A-B
Protein FAM63A
Protein FAM71B
Probable F-box protein At3g61730
Exonuclease 3'-5' domain-containing protein 2
Protein FRA10AC1 homolog
Protein FAM71F2
Protein FAM32A-like
Protein FAM71C
MIP18 family protein FAM96A
Fanconi anemia group D2 protein homolog
Fanconi anemia group E protein
Fibronectin type 3 and ankyrin repeat domains 1 protein
Protein FATTY ACID EXPORT 6
F-box/kelch-repeat protein At1g74510
F-box/kelch-repeat protein At3g23880
Flowering time control protein FCA
Flap endonuclease 1-B
Protein FAM71E1
Protein FAM71E2
Protein FAM50A
Protein FAM50B
ATP-dependent helicase fft2
Fibroblast growth factor 18
Fructose-1,6-bisphosphatase
F-box only protein 38
Acidic fibroblast growth factor intracellular-binding protein
Fidgetin-like protein 1
Filamin A-interacting protein 1-like
Pre-mRNA 3'-end-processing factor FIP1
Protein FAM111A
FAM50 family protein C1020.12c
FBD-associated F-box protein At3g49020
F-box/kelch-repeat protein At3g27150
FIP1)
Flap endonuclease 1-A
Pre-mRNA polyadenylation factor fip1
Pre-mRNA polyadenylation factor FIP1
Formin
Probable FAD synthase
Fibronectin type 3 and ankyrin repeat domains protein 1
F-box/LRR-repeat protein 4
Flap endonuclease 1
Protein flightless-1 homolog
Fibronectin type III domain-containing protein 8
Formin-homology and zinc finger domains protein 1
Fibronectin type III and SPRY domain-containing protein 1
Kinetochore protein fta2
Acidic fibroblast growth factor intracellular-binding protein B
F-box/kelch-repeat protein At5g60570
LisH domain-containing protein FOPNL
Ferritin heavy chain
Free methionine-R-sulfoxide reductase
Kinetochore protein fta6
ATP-dependent helicase fft1
Fibroblast growth factor 11
Filamentous growth regulator 15
FHA domain-containing protein FHA1
Fragile X mental retardation protein 1 homolog B
Farnesyl pyrophosphate synthase
Kinetochore protein fta3
FUN14 domain-containing protein 2
Fragile X mental retardation syndrome-related protein 1 homolog A
Protein fyv10
Protein FYV10
Protein FYV6
Putative formamidase C869.04
NAD(P)H-dependent FMN reductase C4B3.06c
Fibrinogen silencer-binding protein
Family of serine hydrolases 1
Far upstream element-binding protein 2
Fragile X mental retardation syndrome-related protein 1 homolog B
Growth arrest and DNA damage-inducible proteins-interacting protein 1
Fragile X mental retardation protein 1 homolog A
Fe repressor of activation 2
Protein fyv-10
Growth arrest and DNA damage-inducible protein GADD45 alpha
G-protein coupled receptor-associated sorting protein 1
Protein FRG2
ATP-dependent helicase FUN30
Protein FRG2-like-1
Inactive protein FRIGIDA
Guanidinoacetate N-methyltransferase
Protein FRG2-like-2
Kinetochore protein fta7
Fuctinin-3
Geminin coiled-coil domain-containing protein 1
Fragile X mental retardation syndrome-related protein 1 homolog
rRNA-processing protein fyv7
Flowering time control protein FY
Glucose-induced degradation protein 8 homolog
Flap endonuclease GEN-like 1
Flap endonuclease GEN-like 2
D-aminoacyl-tRNA deacylase
Glutamine synthetase
G-protein coupled receptor-associated sorting protein 2
GTP cyclohydrolase 1 feedback regulatory protein
Protein GIS3
Actin-depolymerizing factor gmf1
Guanylate kinase 1
Glucosamine-6-phosphate isomerase 2
Probable gluconokinase
G patch domain and KOW motifs-containing protein
Glucosamine 6-phosphate N-acetyltransferase
Glycerol-3-phosphate dehydrogenase  1
Probable hydroxyacylglutathione hydrolase ECU02_0580
N-acetylglucosamine-1-phosphotransferase subunits alpha/beta
RAB6-interacting golgin
Probable hydroxyacylglutathione hydrolase C13B11.03c
Guanine nucleotide-binding protein-like 1
Glycine-rich RNA-binding protein GRP1A
GPN-loop GTPase 1
GPN-loop GTPase 3
Growth factor receptor-bound protein 2-A
Glutathione S-transferase P 1
Exonuclease GOR
Glycine-rich RNA-binding protein GRP2A
Glutathione S-transferase 1
Glutathione S-transferase P
Histone H1-I
Histone H1-II
Histone H1A
Histone H1B, sperm
Histone H1C
Histone H1-like protein EM5
Histone H2A type 1-B/E
Histone H2A type 1-K
Putative exonuclease GOR
GPN-loop GTPase 2
Growth factor receptor-bound protein 2-B
NADPH-dependent aldose reductase GRE3
Histone H1.03
Histone H1.4
Putative histone H1.6
Histone H1-beta, late embryonic
Histone H1, gonadal
Late histone H1
Histone H1
Histone H2A type 1-C
Histone H2A.1
Late histone H2A.3, gonadal
Histone H2A-beta, sperm
Late histone H2A.2.2
Probable histone H2A.5
Probable histone H2A.6
Probable histone H2A.7
Histone H2A.8
Late histone H2A.L3
Probable histone H2A variant 1
Histone H2A.V
Probable histone H2AXb
Histone H2A.Z-like
Histone H2B.10
Histone H2B type 1-B
Histone H2B type 1-C/E/F/G/I
Histone H2B.1
Histone H2B type 1
Probable histone H2B.2
Histone H2B.2
Histone H2B type 3-B
Histone H2B.3
Histone H2B.4
Histone H2B.5
Histone H2B.6
Histone H2B 7
Histone H2B 8
Histone H2B.9
Late histone H2B.L1
Late histone H2B.L4
Histone H2B.2, sperm
Histone H2B, sperm
Histone H3.2
Putative histone H3.3-like type 3
Histone H3.3
Histone H3.3C
Histone H3-like 1
Histone H3-like 4
Histone H4, major
Histone H4.3
Histone H5
Growth factor receptor-bound protein 2
Glutathione S-transferase 2
Glutathione S-transferase omega-like 2
Interferon-induced very large GTPase 1
Histone H1.1
Histone H1.2, embryonic
Histone H1.3
Histone H1.5
Histone H1.M6.1
Histone H1B
Histone H2A type 1
Probable histone H2A.1
Histone H2A.2
Probable histone H2A.3
Protein H2A.5
Protein H2A.7
Probable histone H2A.8
Probable histone H2A variant 2
Histone H2A.Z
Histone H2B 5
Histone H2B.8
Late histone H2B.L3
Histone H2B, gonadal
Histone H3.3 type 2
Histone H3-4
Histone H3-7
Histone H3-like 3
Histone H3-like 5
Histone H3, embryonic
Histone H4.1
Histone H4.2
Non-histone chromosomal protein H6
Putative nuclease HARBI1
GRB2-related adaptor protein 2
Glutathione S-transferase theta-2
GTPase-activating protein GYP7
Histone H1.0
Histone H1.11L
Histone H1-III
Histone H1.C8/H1.M1
Histone H1E
Histone H1-like protein EM6
Histone H1, orphon
Histone H2A type 1-A
Histone H2A type 1-J
Histone H2A type 2-A
Histone H2A type 2-C
Histone H2A, orphon
Probable histone H2A variant 3
Histone H2AX
Histone H2A.Y
Histone H2B.11
Histone H2B type 1-K
Histone H2B type 1-M
Histone H2B type 1-O
Histone H2B 1/2
Histone H2B.1, embryonic
Late histone H2B.2.2
Histone H2B.1, sperm
Histone H2B.3, sperm
Histone H2B.v3
Histone H3.1/H3.2
Histone H3.3 type 1
Histone H3.3b
Histone H3.3-like type 2
Histone H3-3
Histone H3-6
Histone H3-like 2
Histone H4, minor
Histone H4 type VIII
Histone acetyltransferase type B subunit 2
Homeobox protein 13
Highly divergent homeobox
Histone H1.10
Histone H1-gamma, late
Histone H1, sperm
Histone H2A type 1-D
Probable histone H2A.2
Late histone H2A.2.1
Histone H2A.2.1
Histone H2A-III
Histone H2A, sperm
Probable histone H2AXa
Histone H2A, gonadal
Histone H2B 1
Putative histone H2B type 2-C
Histone H2B type 2-E
Histone H3-2
Histone H3.3C-like
Histone acetyltransferase type B catalytic subunit DDB_G0274269
Histone acetyltransferase type B catalytic subunit
Hepatoma-derived growth factor-related protein 3
Histone H1.01
Histone H1.0-A
Histone H1.0-B
Histone H1.1, embryonic
Histone H1.2
Histone H1.3, embryonic
Histone H1.A2
Histone H1.C2
Histone H1.C6/H1.C9
Histone H1-delta
Histone H1, early embryonic
Late histone H2A.1
Histone H2A type 2-B
Histone H2A type 2
Probable histone H2A.4
Protein H2A.6
Histone H2A.J
Histone H2B 1.2
Histone H2B type 1-H
Histone H2B type 1-J
Histone H2B type 1-L
Histone H2B type 1-N
Histone H2B type 1-P
Histone H2B 1/2/3/4/6
Histone H2B.1/H2B.2
Histone H2B type 3-A
Histone H3-5
Histone H4-like protein type G
Major basic nuclear protein 1
Histone H1.M6.2
Histone H1A, sperm
Histone H1.X
Histone H1, macronuclear
Histone H2A.2.2
Histone H2B 1.1
Histone H2B type 1-D
Histone H2B type 2-F
Histone H2B.2, embryonic
Histone H3.1
Histone H3-1
Histone H3.3a
Histone H3.3-like type 1
Histone H3.4
Histone H4-1
Homeobox protein HD-10
Homeobox protein HD-6
Ferrochelatase, mitochondrial
Histidine triad nucleotide-binding protein 3
HIRA-interacting protein 3
Histone H1.11R
Histone H2A-IV
Probable histone H2B.1
Histone H2B-alpha
Putative histone H2B type 2-D
Probable histone H2B.3
Histone H2B, embryonic
Histone H3 type 1
Histone H4 variant TH091
Host cell factor 2
Histone H3-like centromeric protein cpar-1
DNA polymerase alpha-associated DNA helicase A
Huntingtin
Hemogen
Protein HGV2
Histone H2A.4
Histone H2A, embryonic
Histone H2B 3
Histone H2B.7
Late histone H2B.2.1
Histone H3 type 2
Histone H3.3 type a
Histone H3 type 3
Histone H3-8
Histone H3-like protein
Very-long-chain
Serine/threonine-protein kinase haspin homolog hrk1
Major basic nuclear protein 2
Homeobox protein HD-7
Histone-binding protein N1/N2
Imidazoleglycerol-phosphate dehydratase
Hexosaminidase D
High mobility group B protein 12
Non-histone chromosomal protein HMG-17
Silenced mating-type protein A2
Hit family protein 1
Bis(5'-adenosyl)-triphosphatase
Histone H3-like centromeric protein hcp-3
Homeobox protein HD-8
Putative high mobility group protein B1-like 1
1-(5-phosphoribosyl)-5- imidazole-4-carboxamide isomerase
Protein HMF1
Mobility group protein 1B
Hematological and neurological expressed 1-like protein
HORMA domain-containing protein 2
Hydroxymethylglutaryl-CoA synthase
High mobility group protein B
HMG1/2-like protein
Non-histone chromosomal protein HMG-14
Hematological and neurological expressed 1 protein
Heparanase
Protein HRI1
Non-histone chromosomal protein HMG-14A
Non-histone chromosomal protein HMG-14B
High mobility group nucleosome-binding domain-containing protein 4
Heterogeneous nuclear ribonucleoprotein C-like 4
Heat shock factor-binding protein 1
Mitochondrial-type heat shock protein 70
Heat shock protein beta-9
High osmolarity sensitivity protein 3
Hypoxanthine-guanine phosphoribosyltransferase
Hrp65 protein
ATP-dependent helicase HRQ1
Heat shock protein 27
Putative glutathione-independent glyoxalase hsp3105
Heat shock protein beta-8
MEC1-mediated checkpoint protein HUG1
Histidine triad nucleotide-binding protein
High mobility group protein 1 homolog
Homocitrate synthase, mitochondrial
Heterochromatin protein 1-binding protein 3
D-amino-acid N-acetyltransferase HPA3
Host cell factor C1 regulator 1
Dehydrin HIRD11
Heat shock protein homolog SSE1
Heat shock protein beta-3
Probable histidinol-phosphatase
Mobility group protein 1A
High mobility group protein C
High mobility group-T protein
Heterogeneous nuclear ribonucleoprotein C-like 3
Homologous-pairing protein 2 homolog
Protein IAL1
High mobility group protein homolog TDP-1
High mobility group protein
Transposable element Hobo transposase
Homocitrate synthase, cytosolic isozyme
Homothallic switching endonuclease
Heat shock 70 kDa protein
Hexokinase-2
Immediate early response gene 2 protein
Helicase required for RNAi-mediated heterochromatin assembly 1
Heat shock 70 kDa protein 4L
Huntingtin-interacting protein K
Interferon regulatory factor 2-binding protein-like B
Interferon-activable protein 202
Glutathione-independent glyoxalase hsp3101
Heat shock protein hsp88
Immunoglobulin-like and fibronectin type III domain-containing protein 1
Interleukin-1 receptor-associated kinase 1-binding protein 1 homolog
NF-kappa-B inhibitor-like protein 1
Glutathione-independent glyoxalase hsp3102
Heat shock 70 kDa protein cognate 4
Histone H3-like centromeric protein HTR12
Ubiquitin-like modifier HUB1
Inosine-5'-monophosphate dehydrogenase 1a
Interferon regulatory factor 2-binding protein-like A
Interferon-induced protein 75
Interleukin-37
Inosine-5'-monophosphate dehydrogenase 1
Integrator complex subunit 6-B
Integrator complex subunit 7 homolog
Integrator complex subunit 8-like protein
Inositol-pentakisphosphate 2-kinase
cAMP-dependent protein kinase inhibitor beta
Isopentenyl-diphosphate Delta-isomerase
Inosine-5'-monophosphate dehydrogenase 2
Integrator complex subunit 11 homolog
Integrator complex subunit 6-A
Inositol polyphosphate multikinase
IMP-specific 5'-nucleotidase 1
cAMP-dependent protein kinase inhibitor gamma
IQ domain-containing protein IQM5
Interferon-related developmental regulator 2
Probable importin ECU10_0620
Interferon-induced 35 kDa protein homolog
Integrator complex subunit 11
Integrator complex subunit 4
Integrator complex subunit 8
IQ domain-containing protein IQM2
IQ domain-containing protein IQM4
Inosine triphosphate pyrophosphatase
Immortalization up-regulated protein
Integrator complex subunit 10-like protein
Integrator complex subunit 1 homolog
Integrator complex subunit 5-like protein
Integrator complex subunit 7
IQ domain-containing protein IQM3
Isochorismatase domain-containing protein 2B
RNA polymerase II nuclear localization protein IWR1
J protein JJJ2
Mitochondrial outer membrane protein IML2
Implantin
IQ domain-containing protein IQM1
Junction-mediating and -regulatory protein
UPF0469 protein KIAA0907 homolog
Inosine-5'-monophosphate dehydrogenase 1b
Integrator complex subunit 6 homolog
Importin-13
IQ domain-containing protein IQM6
Isochorismatase domain-containing protein 2
Protein IQ-DOMAIN 1
Protein isd11
Izumo sperm-egg fusion protein 4
Jerky protein homolog-like
Basic helix-loop-helix domain-containing protein KIAA2018
Adenylate kinase isoenzyme 6 homolog
KAT8 regulatory NSL complex subunit 1
KAT8 regulatory NSL complex subunit 3
Kazrin
Kinetochore-binding protein 3
JmjC domain-containing protein 4
Kinesin-like protein KIF18B
Jerky protein homolog
Putative mevalonate kinase
Kelch domain-containing protein 10
UPF0469 protein KIAA0907
UMP-CMP kinase 1
Killin
DNA repair protein KRE29
Adenylate kinase
Calcium/calmodulin-dependent protein kinase type 1B
Kinesin-like protein KIF22-B
Kinesin-like protein KIF2C
Kelch domain-containing protein 2
Kleisin, abnormal closure, protein 2
Karyogamy meiotic segregation protein 2
NADPH-dependent alpha-keto amide reductase
Cyclin-dependent kinase inhibitor 6
Lamina-associated polypeptide 2, isoforms beta/gamma
UMP-CMP kinase 2
DNA/RNA-binding protein KIN17
Calcium/calmodulin-dependent protein kinase kinase 1
Cyclin-dependent kinase inhibitor 1
Cyclin-dependent kinase inhibitor 3
Cyclin-dependent kinase inhibitor 5
LOB domain-containing protein 6
Luc7-like protein 3
Protein LDOC1
Kinesin-like protein KIF22
Chromosome-associated kinesin KIF4
Cyclin-dependent kinase inhibitor 2
DNA damage checkpoint protein LCD1
L-lactate dehydrogenase A-like 6B
Kinesin-like protein KIF22-A
Putative protein KRIP1
Cyclin-dependent kinase inhibitor 4
LOB domain-containing protein 15
Galectin-7
KIN17-like protein
Kinesin-like protein 1
ATP-dependent DNA helicase II subunit 2
Protein ATC1/LIC4
Protein LIN1
LOB domain-containing protein 29
Galectin-9
LOB domain-containing protein 16
LOB domain-containing protein 3
Cytokinin riboside 5'-monophosphate phosphoribohydrolase LOG4
Lupus La protein homolog
SRY-related protein LG28
Ligase-interacting factor 1
N-alpha-acetyltransferase 38-B, NatC auxiliary subunit
Protein LOL3
Protein LOT5
Probable L-lactate dehydrogenase
SRY-related protein LG27
LIM/homeobox protein xLIM-2B
Protein LOL4
N-alpha-acetyltransferase 38-A, NatC auxiliary subunit
Cytokinin riboside 5'-monophosphate phosphoribohydrolase LOG1
Cytokinin riboside 5'-monophosphate phosphoribohydrolase LOG7
Protein LIGULELESS 1
Protein lin-36
Cytokinin riboside 5'-monophosphate phosphoribohydrolase LOG2
Putative cytokinin riboside 5'-monophosphate phosphoribohydrolase LOG9
Probable U6 snRNA-associated Sm-like protein LSm1
N-alpha-acetyltransferase 38, NatC auxiliary subunit
LYR motif-containing protein 4
Cytokinin riboside 5'-monophosphate phosphoribohydrolase LOG5
Protein LOL2
Protein LSM12
Protein LUC7
Protein LOL1
LAS seventeen-binding protein 1
U1 snRNP-associated protein usp106
Mid1-interacting protein 1-like
Spindle assembly checkpoint component MAD1
Protein maelstrom homolog
Cytokinin riboside 5'-monophosphate phosphoribohydrolase LOG3
U6 snRNA-associated Sm-like protein LSm1
Mid1-interacting protein 1A
Mid1-interacting protein 1-B
Mitotic spindle checkpoint protein MAD2
Melanoma-associated antigen 11
Protein LSM12 homolog A
Melanoma-associated antigen 10
Chromosome segregation protein mal2
mRNA cap guanine-N7 methyltransferase
DNA replication licensing factor MCM2
Putative RNA-binding protein Luc7-like 1
Protein mab-21-like 2-B
Mating-type M-specific polypeptide Mi
Methyl-CpG-binding domain protein 6
MAP3K12-binding inhibitory protein 1
Muscleblind-like protein 3
Metacaspase-1
mRNA cap guanine-N7 methyltransferase 2
DNA replication licensing factor MCM3 homolog 3
DNA replication licensing factor MCM5
DNA replication licensing factor MCM6
DNA replication licensing factor mcm7
DNA helicase MCM8
DNA helicase MCM9
Leucine zipper protein 1
MAP3K7 C-terminal-like protein
Probable DNA-3-methyladenine glycosylase 2
Putative methyl-CpG-binding domain protein 3-like 5
Muscleblind-like protein
mRNA cap guanine-N7 methyltransferase 1
DNA replication licensing factor MCM3 homolog 2
DNA replication licensing factor mcm5
DNA replication licensing factor Mcm6
Probable DNA helicase MCM9
Putative metaphase chromosome protein 1
Mitotic spindle assembly checkpoint protein MAD2B
Mediator of DNA damage checkpoint protein 1
Monopolin complex subunit mde4
Luc7-like protein
Lysozyme-like protein 4
Protein mab-21
MARVEL domain-containing protein 1
Protein mab-21-like 2
Methyl-CpG-binding domain protein 4-like protein
Muscleblind-like protein 1
DNA replication licensing factor MCM3
DNA replication licensing factor mcm-6
Mini-chromosome maintenance complex-binding protein
Mei4-dependent protein 2
Putative mating-type protein A2
Protein mab-21-like 1
Muscleblind-like protein 2a
DNA replication licensing factor Mcm3
Meiosis expressed gene 1 protein homolog
Central kinetochore subunit MCM21
DNA replication licensing factor Mcm2
Nuclear protein MDM1
Methylated-DNA--protein-cysteine methyltransferase
Mitogen-activated protein kinase
Methyl-CpG-binding domain protein 3-like 2
mRNA-capping enzyme subunit alpha
DNA replication licensing factor MCM3 homolog 1
DNA replication licensing factor mcm3
DNA replication licensing factor MCM4
DNA replication licensing factor mcm-5
Zygotic DNA replication licensing factor mcm6
DNA replication licensing factor mcm6
DNA replication licensing factor Mcm7
Methyltransferase-like protein 22
Meiotic expression up-regulated protein 6
mRNA export factor MEX67
Myb-related protein 3R-1
Protein MCM10 homolog
Methylosome protein 50
Methyltransferase-like protein 8
Putative ATP-dependent DNA helicase fml2
SRY-related protein MG43
Kinetochore protein mis15
SRY-related protein MG44
Mitochondrial distribution and morphology protein 35
Maternal effect lethal protein 47
Protein mago nashi homolog
Zinc finger BED domain-containing protein 39
Micronuclear linker histone polyprotein
Methyltransferase-like protein 14 homolog
Protein mmf2, mitochondrial
YTH domain-containing protein mmi1
Meiotic nuclear division protein 1 homolog
Meiosis-specific nuclear structural protein 1
Meiotic expression up-regulated protein 26
Kinetochore protein mis14
Putative MutL protein homolog 1
Monopolar attachment protein 1
Molybdopterin synthase sulfur carrier subunit
MORN repeat-containing protein 3
ATP-dependent DNA helicase mph1
SRY-related protein MG42
MICOS complex subunit mic19
Midnolin
Mirror-image polydactyly gene 1 protein homolog
Kinetochore protein mis17
Myeloid leukemia factor 2
DNA mismatch repair protein Mlh1
Myosin regulatory light chain 1
MMS19 nucleotide excision repair protein homolog
Gamma-tubulin complex subunit mod21
Mariner Mos1 transposase
ATP-dependent DNA helicase MPH1
Protein MIS12 homolog
Transcriptional regulator MIT1
Mitochondrial intermembrane space cysteine motif-containing protein MIX14
MOB kinase activator-like 2A
M-phase phosphoprotein 6
Double-strand break repair protein MRE11A
Protein Mis18-beta
DNA mismatch repair protein MSH3
DNA-binding protein MNB1B
Protein Mo25
Molybdopterin synthase catalytic subunit
Protein MOS2
M-phase-specific PLK1-interacting protein
Double-strand break repair protein MRE11
Protein POLLENLESS 3
Myb/SANT-like DNA-binding domain-containing protein 4
Beta-microseminoprotein
Mirror-image polydactyly gene 1 protein
Kinetochore protein mis13
Protein MKS1
Mitogen-activated protein kinase 12
Mitogen-activated protein kinase 9
Protein Mis18-alpha
Metallothionein type 2b
Methylthioribose-1-phosphate isomerase
MOB kinase activator-like 2
Protein mos-2 homolog
Protein POLLENLESS 3-LIKE 1
DNA mismatch repair protein msh3
1,2-dihydroxy-3-keto-5-methylthiopentene dioxygenase 1
1,2-dihydroxy-3-keto-5-methylthiopentene dioxygenase homolog 2
1,2-dihydroxy-3-keto-5-methylthiopentene dioxygenase 4
Meiotically up-regulated gene 125 protein
Meiotically up-regulated gene 146 protein
Mitotic apparatus protein p62
Protein POLLENLESS 3-LIKE 2
DNA mismatch repair protein msh-2
Protein maestro
1,2-dihydroxy-3-keto-5-methylthiopentene dioxygenase 2
Protein matrimony
Meiotically up-regulated gene 147 protein
Meiotically up-regulated gene 176 protein
Mucin-1
Meiotically up-regulated gene 14 protein
DNA mismatch repair protein MSH2
Protein male-specific 40
Methylthioribose-1-phosphate isomerase 2
1,2-dihydroxy-3-keto-5-methylthiopentene dioxygenase 3
Meiotically up-regulated gene 168 protein
Meiotically up-regulated gene 183 protein
Meiotically up-regulated gene 2 protein
Meiotically up-regulated gene 60 protein
Multidrug resistance-associated protein 6
N6-adenosine-methyltransferase MT-A70-like
Silenced mating-type M-specific polypeptide Mi
1,2-dihydroxy-3-keto-5-methylthiopentene dioxygenase homolog 1
1,2-dihydroxy-3-keto-5-methylthiopentene dioxygenase homolog 3
Myotrophin homolog
Inactive cap-specific mRNA
MYND-type zinc finger protein C31F10.10c
Meiotically up-regulated gene 15 protein
Meiotically up-regulated gene 20 protein
Adenine DNA glycosylase
WD-40 repeat-containing protein MSI1
Putative N6-adenosine-methyltransferase MT-A70-like
Meiotically up-regulated gene 108 protein
Meiotically up-regulated gene 115 protein
Meiotically up-regulated gene 166 protein
Meiotically up-regulated gene 70 protein
Meiotically up-regulated gene 94 protein
PWWP domain-containing protein MUM1
Interferon-induced GTP-binding protein Mx
Myc target protein 1 homolog
UPF0160 protein MYG1, mitochondrial
Chromatin assembly factor 1 subunit p50
Meiotically up-regulated gene 144 protein
Meiotically up-regulated gene 160 protein
Crossover junction endonuclease MUS81
Protein Mut11
Interferon-induced GTP-binding protein Mx2
Myosin type-2 heavy chain 1
Myomegalin
N-alpha-acetyltransferase 15, NatA auxiliary subunit
Methylthioribose-1-phosphate isomerase 1
Meiotically up-regulated gene 135 protein
Meiotically up-regulated gene 170 protein
Meiotically up-regulated gene 191 protein
NEDD4-binding protein 2-like 2
NEDD4-binding protein 1
N-alpha-acetyltransferase, 35 NatC auxiliary subunit
Glutamine-dependent NAD(+) synthetase
Meiotically up-regulated gene 137 protein
CWF19-like protein mug161
Meiotically up-regulated gene 165 protein
Meiotically up-regulated gene 11 protein
Myc target protein 1
N-terminal acetyltransferase B complex subunit NAA25 homolog
Putative N-acetylglucosamine-6-phosphate deacetylase
Nucleosome assembly protein 1;3
Cytosolic Fe-S cluster assembly factor nar1
Cytosolic Fe-S cluster assembly factor NAR1
Myb-like DNA-binding protein myb-1
Mitotic-spindle organizing protein 1
Nucleus accumbens-associated protein 2
Nucleosome assembly protein 1;1
Probable nucleosome assembly protein
Cytosolic Fe-S cluster assembly factor NAR1 homolog
Nuclear autoantigenic sperm protein
Putative neurobeachin homolog
Cytosolic Fe-S cluster assembly factor NBP35
Cytosolic Fe-S cluster assembly factor nbp35
Nuclear cap-binding protein subunit 2B
Nuclear cap-binding protein subunit 1
Nuclear cap-binding protein subunit 2
Probable kinetochore protein NDC80
Probable crossover junction endonuclease mus81
Exonuclease mut-7 homolog
Myb-like protein F
Myb-like protein X
NANOG neighbor homeobox
Cytosolic Fe-S cluster assembly factor nar-1
Nuclear prelamin A recognition factor
NADH-cytochrome b5 reductase-like
Nuclear cap-binding protein subunit 3
Kinetochore protein NDC80 homolog
Nucleoside diphosphate kinase
Diphosphomevalonate decarboxylase
Myb-like protein P
Nucleosome assembly protein 1;2
Nucleosome assembly protein 1;4
NADH dehydrogenase  1 alpha subcomplex assembly factor 3
Putative glutamine-dependent NAD(+) synthetase
Nucleosome assembly protein 1-like 4
Neuron navigator 3
Putative nucleoside diphosphate kinase
Nucleoside diphosphate kinase A
Nuclear export mediator factor Nemf
Protein NEN1
Putative N-acylneuraminate cytidylyltransferase
NFU1 iron-sulfur cluster scaffold homolog, mitochondrial
Nuclear cap-binding protein subunit 2-A
Protein NEN2
Nicolin-1
RNA cytidine acetyltransferase
Nuclear distribution protein nudE homolog 1
Protein NEN4
Neugrin
Non-homologous end-joining factor 1
Central kinetochore subunit NKP2
Serine/threonine kinase NLK
Normal mucosa of esophagus-specific gene 1 protein
NAD(P)H-hydrate epimerase
Protein NASP homolog
N-acetyltransferase 9-like protein
Protein NETWORKED 1B
Protein NIM1-INTERACTING 2
Nicotinamide/nicotinic acid mononucleotide adenylyltransferase 1
Nucleolar complex protein 2 homolog
Nucleolar complex protein 3 homolog
120.7 kDa protein in NOF-FB transposable element
Nucleolar protein 4
Nucleosome assembly protein 1-like 3
Nucleosome assembly protein 1-like 5
Endogenous retrovirus group K member 5 Np9 protein
Non-homologous end-joining protein 1
NFATC2-interacting protein
Nitrilase homolog 1
Ninja-family protein Os05g0558800
Protein rad9
Protein NipSnap homolog 3A
Nuclear receptor 2C2-associated protein
Nuclear export mediator factor NEMF
N-acylneuraminate cytidylyltransferase
Nucleosome assembly protein 1-like 1
Nucleoplasmin ATPase
Nurim
NAP1-related protein 2
Kinetochore protein nnf1
RNA-binding protein NOB1
Probable hydrolase nit2
Nucleolar protein 19
Endogenous retrovirus group K member 10 Np9 protein
Endogenous retrovirus group K member 24 Np9 protein
Influenza virus NS1A-binding protein homolog
Alpha N-terminal protein methyltransferase 1B
Endogenous retrovirus group K member 7 Np9 protein
Putative NPIP-like protein LOC729978
Protein NipSnap homolog 3B
Probable nicotinate phosphoribosyltransferase
Nuclear RNAi defective-2 protein
Non-structural maintenance of chromosome element 3
Non-structural maintenance of chromosome element 5
Kinetochore protein nsk1
Endonuclease III homolog
NudC domain-containing protein 1
Nucleoside diphosphate-linked moiety X motif 6
Kinetochore protein Nuf2-A
Probable kinetochore protein NUF2
High mobility group protein homolog NHP1
Protein NIF3 homolog
Central kinetochore subunit NKP1
Non-structural maintenance of chromosomes element 4 homolog A
Non-structural maintenance of chromosome element 4
Nuclear movement protein nudc
Kinetochore protein Nuf2
Pseudocleavage protein nop-1
RNA-binding protein Nova-1
Putative nucleosome assembly protein 1-like 6
Kinetochore-associated protein NSL1 homolog
Alpha N-terminal protein methyltransferase 1
Probable NADH pyrophosphatase
NAP1-related protein 1
Influenza virus NS1A-binding protein homolog A
Non-structural maintenance of chromosomes element 4 homolog B
Deoxyribonuclease-2
Protein OBERON 3
Influenza virus NS1A-binding protein homolog B
Probable acetyltransferase NSI
RNA cytidine acetyltransferase 1
Cytosolic Fe-S cluster assembly factor NUBP1
Kinetochore protein Nuf2-B
Nuclear speckle splicing regulatory protein 1 homolog
RNA cytidine acetyltransferase 2
Nuclear migration protein nudC
Nuclear protein 1
Nucleoside-triphosphatase
Origin recognition complex subunit 1
Origin recognition complex subunit 5
Oligoribonuclease, mitochondrial
NUT family member 1
Oxidation resistance protein 1
Protein OBERON 4
Oral-facial-digital syndrome 1 protein homolog
Tricin synthase 1
Zinc finger protein OZF
Nuclear RNA export factor 1
Initiation-specific alpha-1,6-mannosyltransferase
Origin recognition complex subunit 4
Oxysterol-binding protein-related protein 1
Serine/threonine-protein phosphatase 2A regulatory subunit B'' subunit gamma
Protein PAIR1
Origin recognition complex subunit 2
PCNA-interacting partner
Protein PAT1 homolog 2
Zinc finger protein odd-1
Origin recognition complex subunit 6
Putative 3-oxoacyl- synthase, mitochondrial
Serine/threonine-protein phosphatase 4 regulatory subunit 3A
Pre-B-cell leukemia transcription factor-interacting protein 1
52 kDa repressor of the inhibitor of the protein kinase
pH-response transcription factor pacC/RIM101
Protocadherin alpha-2
Purkinje cell protein 4
Sister chromatid cohesion protein PDS5 homolog B-A
Prostate and breast cancer overexpressed gene 1 protein
Protein PBP4
Monopolin complex subunit pcs1
Polymerase delta-interacting protein 2
Sister chromatid cohesion protein PDS5 homolog B
Protein pelota homolog
Sister chromatid cohesion protein PDS5 homolog A-B
Probable aminopeptidase NPEPL1
Protein PES4
PAXIP1-associated glutamate-rich protein 1
Sister chromatid cohesion protein PDS5 homolog A
PDZ domain-containing protein 2
Polyadenylation and cleavage factor homolog 1
Sister chromatid cohesion protein PDS5 homolog A-A
Sister chromatid cohesion protein PDS5 homolog B-B
PWWP domain-containing protein 3
Polyadenylation and cleavage factor homolog 5
Plant cysteine oxidase 4
Programmed cell death protein 4
Protein PELOTA 1
Polyadenylation factor subunit 2
Protein PELOTA 2
Patterned expression site protein 10
 inducibility protein 3
PDZ domain-containing protein 7
Periplakin
Inner centromere protein-related protein pic1
Pleckstrin homology domain-containing family O member 1-A
Thioredoxin domain-containing protein PLP3A
Probable phosphoglycerate mutase PMU1
Poly(A)-specific ribonuclease PARN-like domain-containing protein 1
PAXIP1-associated glutamate-rich protein 1A
Probable phosphoketolase
PITH domain-containing protein P35G2.02
Pleckstrin homology domain-containing family O member 1
Protein panoramix
Phosphatidylinositol 4-phosphate 5-kinase 9
PITH domain-containing protein 1
Mismatch repair endonuclease pms1
DNA mismatch repair protein pms1
Protein pop-1
21U-RNA biogenesis factor pid-1
Pirin-like protein
Thioredoxin domain-containing protein PLP3B
Protein phosphatase 1 regulatory subunit 7
Protein phosphatase 1 regulatory subunit pprA
Serine/threonine-protein phosphatase 4 regulatory subunit 2
Putative RNA exonuclease pqe-1
Putative protein PRCA2
DNA polymerase kappa
Pentatricopeptide repeat-containing protein At1g19720
4-nitrophenylphosphatase
Putative nicotinamide mononucleotide adenylyltransferase
Protein PRD1
Protein painting of fourth
Pogo transposable element with ZNF domain
Small nuclear protein PRAC1
Proline-rich protein PRCC
Pre-mRNA-splicing ATP-dependent RNA helicase PRP28
Pre-mRNA-splicing ATP-dependent RNA helicase prp28
Pre-mRNA-processing ATP-dependent RNA helicase prp5
Pre-mRNA-processing ATP-dependent RNA helicase PRP5
Protein prune homolog
Pentatricopeptide repeat-containing protein At4g30825, chloroplastic
Serine/threonine-protein phosphatase 4 regulatory subunit 3
Protein PRRC2A
Protamine
Pirin-like protein At1g50590
Pre-mRNA-processing protein prp40
DNA replication complex GINS protein psf1
DNA replication complex GINS protein PSF3
DNA replication complex GINS protein psf3
Putative pirin-like protein At3g59260
Pre-mRNA-splicing ATP-dependent RNA helicase prp-28
Pre-mRNA-processing factor 39
DNA replication complex GINS protein PSF1
Probable DNA replication complex GINS protein PSF2
Prothymosin alpha
Pre-mRNA-processing protein PRP40
DNA replication complex GINS protein PSF2
Putative pituitary tumor-transforming gene 3 protein
Prothymosin alpha-A
Securin
Proteasome assembly chaperone 2
Mitochondrial protein pet191 homolog
Pyruvylated Gal-beta-1,3-epitope synthesis protein 2
Dihydroorotase
Probable DNA replication complex GINS protein PSF1
Pdp3-interacting factor 2
Prothymosin alpha-B
Parathymosin
KH domain-containing protein At2g38610
KH domain-containing protein At5g56140
DNA repair protein rad16
DNA repair protein RAD51 homolog 3
Ras-related protein Rab-2A
DNA repair protein rad9
mRNA export factor
Ran-binding protein 9
Pyrin domain-containing protein 2
R3H domain-containing protein 4
Ras-related protein RABA3
DNA repair protein RAD59
Protein RAD61
Probable RNA-binding protein 23
RNA-binding protein 42
Ran-binding protein 10
KH domain-containing protein At4g26480
DNA repair and recombination protein RAD54B
DNA repair protein rad14
DNA repair and recombination protein RAD52
Protein RCC1
Double-strand-break repair protein rad21-like protein 1
Meiotic recombination protein REC102
KH domain-containing protein At3g08620
R3H domain-containing protein 2
RNA-binding protein 12
RNA-binding suppressor of PAS kinase protein 1
DNA repair exonuclease REC1
Putative ATP-dependent DNA helicase Q1
ATP-dependent DNA helicase Q5
KH domain-containing protein At1g09660/At1g09670
Checkpoint protein rad17
DNA repair protein rad26
DNA repair protein RAD52 homolog
Ankycorbin
RNA-binding motif protein, Y chromosome, family 1 member E
Meiotic recombination protein rec11
Protein Red
Cell cycle checkpoint protein RAD17
Cohesin subunit rad21
Radiation-sensitive protein 28
DNA repair and recombination protein rhm52
DNA repair and recombination protein mus-11
DNA repair and recombination protein RAD54-like
DNA repair protein rhp7
Ribonucleoprotein PTB-binding 1
RNA-binding protein 38
RNA-binding protein 40
RNA-binding protein 47
Double-stranded RNA-specific editase B2
Replication protein A 32 kDa subunit A
DNA repair protein RAD33
RNA-binding motif protein, Y chromosome, family 1 member A1
DNA repair and recombination protein RDH54
RNA exonuclease 3
Replication protein A 14 kDa subunit B
Replication factor C subunit 2
Replication factor C subunit 3
Replication factor C subunit 4
RNA-binding protein 45
RNA-binding motif protein, Y chromosome, family 1 member C
Regulator of chromosome condensation
Partitioning protein REP1
Replication protein A 70 kDa DNA-binding subunit D
Replication protein A 14 kDa subunit
Replication factor C subunit 1
Ral GTPase-activating protein subunit alpha-1
DEAD-box ATP-dependent RNA helicase 21
DEAD-box ATP-dependent RNA helicase 29
DEAD-box ATP-dependent RNA helicase 56
RNA-binding motif protein, Y chromosome, family 1 member D
ATP-dependent DNA helicase Q1
DNA repair protein REV1
Replication protein A 32 kDa subunit B
Replication factor C subunit 5
RIB43A-like with coiled-coils protein 2
Protein RIK
RNA-binding motif protein, Y chromosome, family 1 member B
Replication protein A 32 kDa subunit C
Replication protein A 14 kDa subunit A
Probable replication factor C subunit 5
RAD9, HUS1, RAD1-interacting nuclear orphan protein 1
Homeobox protein Rhox5
RPA-interacting protein A
Regulator of nonsense transcripts 3A
Protein rgg8
Regulator of G-protein signaling 4
DEAD-box ATP-dependent RNA helicase 7
RPA-interacting protein
RNA exonuclease 4
Probable replication factor C subunit 2
Probable replication factor C subunit 3
Probable replication factor C subunit 4
Ran GTPase-activating protein 2
RNA exonuclease 1 homolog
RAD51-like protein 1
Regulator of G-protein signaling 10
RPA-interacting protein B
Putative DEAD-box ATP-dependent RNA helicase 29
GTPase-binding protein rid1
Putative ribosome biogenesis protein C8F11.04
RecQ-mediated genome instability protein 1
Protein arginine N-methyltransferase 2
RecQ-mediated genome instability protein 2
mRNA 3'-end-processing protein RNA14
Ribonuclease H
Chromatin assembly factor 1 subunit rlf2
Zinc phosphodiesterase ELAC protein 2
mRNA 3'-end-processing protein rna-14
Chromatin assembly factor 1 subunit p90
mRNA 3'-end-processing protein rna14
DNA-directed RNA polymerase I subunit RPA49
 prion protein RNQ1
DNA-directed RNA polymerase subunit 7-like protein
Required for respiratory growth protein 9, mitochondrial
Recombination repair protein 1
Putative lipase ROG1
ATP-dependent DNA helicase Q-like 4B
RRP12-like protein
RRP15-like protein
ATP-dependent DNA helicase Q-like 1
ATP-dependent DNA helicase Q-like 5
ATP-dependent DNA helicase Q-like SIM
Exosome complex exonuclease rrp6
ATP-dependent DNA helicase Q-like 3
Round spermatid basic protein 1-like
Round spermatid basic protein 1-like protein
Restriction of telomere capping protein 4
Protein phosphatase type 2A regulatory subunit RTS3
Radial spoke head 1 homolog
Restriction of telomere capping protein 5
Reticulon-1-B
Round spermatid basic protein 1
Regulator of Ty1 transposition protein 107
S100P-binding protein
Probable splicing factor, arginine/serine-rich 4
Replication termination factor 2
Reticulon-1-A
Zinc finger protein RTS2
Ubiquitin-NEDD8-like protein RUB1
Ubiquitin-like protein-NEDD8-like protein RUB3
RUN and FYVE domain-containing protein 2
Cyclin-dependent kinase inhibitor rum1
Mitochondrial coenzyme A transporter SLC25A42
Reticulon-1
Probable U2 small nuclear ribonucleoprotein A'
RWD domain-containing protein 3
Protein saf1
Suppressor APC domain-containing protein 2
Probable RNA 3'-terminal phosphate cyclase
Sterile alpha motif domain-containing protein 11
MAU2 chromatid cohesion factor homolog
Probable splicing factor, arginine/serine-rich 3
Serine/Arginine-related protein 53
Ubiquitin-NEDD8-like protein RUB2
Homocysteine S-methyltransferase 2
Secernin-1
Set1 complex component sdc1
RNA 3'-terminal phosphate cyclase
Sarcoma antigen 1
Spliceosome-associated protein 49
Protein SDE2 homolog
Protein SULFUR DEFICIENCY-INDUCED 2
Small RNA degrading nuclease 1
S phase cyclin A-associated protein in the endoplasmic reticulum
Cohesin subunit psc3
Sodium channel modifier 1
Small RNA degrading nuclease 5
Sister chromatid cohesion 1 protein 2
Sister-chromatid cohesion protein 3
SDO1-like protein C21C3.19
Protein sel-1 homolog 3
Sentrin-specific protease 7
Protein set homolog
Protein phosphatase 1 regulatory subunit SDS22 homolog
Exocyst complex component sec6
Small EDRK-rich factor 2
Potential protein lysine methyltransferase SET5
SET domain and MYND-type zinc finger protein 6
Probable splicing factor ECU05_1440
Protein SGT1 homolog
Cohesin subunit scc-3
Telomere maintenance protein SDE2
Protein sfi1
Shugoshin
Shugoshin-1
Endophilin-B2
Suppressor of hydroxyurea sensitivity protein 2
Cut9-interacting protein scn1
Putative small RNA degrading nuclease 4
Histone-lysine N-methyltransferase, H3 lysine-4 specific
Histone-lysine N-methyltransferase set9
Histone-lysine N-methyltransferase SET9
Splicing factor 3B subunit 3
NAD-dependent protein deacylase SRT2
Helicase SKI2W
Histone RNA hairpin-binding protein
DNA replication regulator SLD2
Schlafen family member 5
SET-binding protein
Protein SET
Shugoshin-2
Shugoshin-like 1
SH3 domain-binding glutamic acid-rich-like protein 2
SH3 domain-binding glutamic acid-rich-like protein 2-A
Small histone ubiquitination factor 1
Set1 complex component shg1
Protein SAWADEE HOMEODOMAIN HOMOLOG 1
NAD-dependent protein deacetylase SRT1
DNA replication regulator sld2
DNA replication regulator sld3
DNA replication complex GINS protein SLD5
Structural maintenance of chromosomes protein 2
Structural maintenance of chromosomes protein 4
Small RNA degrading nuclease 2
NAD-dependent protein deacetylase sir-2.1
Structural maintenance of chromosomes protein 6
Ribonucleotide reductase inhibitor protein SML1
Homeobox protein SMOX-6
Suppressor of mec-8 and unc-52 protein homolog 1
WD40 repeat-containing protein SMU1
SET domain-containing protein 14
Superkiller protein 3
Small muscular protein
Protein snail homolog Sna
Protein SOX-19
Sad1-interacting factor 3
Kinetochore protein Spc24
Probable kinetochore protein SPC25
Kinetochore protein Spc25
Centromere protein sim4
Protein SIS2
Structural maintenance of chromosomes protein 1
SWI/SNF-related matrix-associated actin-dependent regulator of chromatin subfamily A containing DEAD/H box 1 homolog
Suppressor of mec-8 and unc-52 protein homolog 2
Single-strand selective monofunctional uracil DNA glycosylase
SNRPN upstream reading frame protein
Protein SOK1
Protein SOX-16
Epididymal sperm protein E
SH3 domain-binding glutamic acid-rich-like protein 2-B
Protein SAWADEE HOMEODOMAIN HOMOLOG 2
NAD-dependent deacetylase sir2E
NAD-dependent protein deacetylase Sirt7
Structure-specific endonuclease subunit SLX4
WD40 repeat-containing protein smu1
Sperm-associated antigen 7
Probable kinetochore protein SPC24
S-phase delaying protein 2
Spindlin-W
Sperm protein associated with the nucleus on the X chromosome C
Mitosis-specific protein spo12
SprT-like domain-containing protein Spartan
SPRY domain-containing protein 4
Spermatogenesis-associated protein 33
SPX domain-containing protein 2
Protein SQS1
Structure-specific endonuclease subunit SLX1
Structural maintenance of chromosomes protein 5
Tissue- and phase-specific nuclear protein
U11/U12 small nuclear ribonucleoprotein 25 kDa protein
U4/U6.U5 small nuclear ribonucleoprotein 27 kDa protein
Sperm-specific basic nuclear protein SP4
Spindlin-Z
Sperm protein associated with the nucleus on the X chromosome D
Protein SHI RELATED SEQUENCE 8
WD repeat-containing protein slp1
Protein SPP41
Small proline-rich protein 2A
U2 snRNP-associated SURP motif-containing protein
Probable inactive poly  polymerase SRO4
Serine/arginine-rich splicing factor 1B
Protein SHI RELATED SEQUENCE 4
Serine/arginine-rich splicing factor 1
RNA polymerase II subunit A C-terminal domain phosphatase SSU72
Putative STAG3-like protein 2
Probable kinetochore protein spc25
KH domain-containing protein SPIN1
Probable inactive poly  polymerase SRO3
Protein SHI RELATED SEQUENCE 2
Protein SHI RELATED SEQUENCE 3
Protein SHI RELATED SEQUENCE 7
SERTA domain-containing protein 4
Putative STAG3-like protein 1
Saitohin
Meiotic recombination protein SPO11-2
SRR1-like protein
ATP-dependent DNA helicase SRS2-like protein At4g25120
Serine/arginine-rich splicing factor 2
O(6)-methylguanine-induced apoptosis 2
SOSS complex subunit B homolog
Kinetochore protein spc24
Protein SHI RELATED SEQUENCE 6
STAG3-like protein 3
STAM-binding protein
Protein suppressor of underreplication
ATP-dependent RNA helicase SUV3 homolog, mitochondrial
Survival factor 1
Protein swallow
Meiotic recombination protein SPO11-1
Protein SHI RELATED SEQUENCE 1
Protein SHI RELATED SEQUENCE 5
Helicase ssl-1
Sjoegren syndrome nuclear autoantigen 1 homolog
Cohesin subunit SA-2
Protein STICHEL-like 2
Stress-induced-phosphoprotein 1
Histone-lysine N-methyltransferase SUVR3
Sex-lethal homolog
SPX domain-containing protein 1
Protein SRL2
Probable inactive poly  polymerase SRO2
Pre-mRNA-splicing factor srp1
Serine/arginine repetitive matrix protein 1
Serine/arginine-rich splicing factor 1A
Transgelin
Acetoacetyl-CoA synthetase
DExH-box ATP-dependent RNA helicase DExH18, mitochondrial
Putative inactive histone-lysine N-methyltransferase family member SUVH10
SWR1 complex subunit swc3
Protein SWT21
Synaptonemal complex protein 3
Probable glutamate--tRNA ligase, cytoplasmic
SURP and G-patch domain-containing protein 1-like protein
ATP-dependent RNA helicase SUV3L, mitochondrial
DNA repair protein SWI5 homolog
Pre-mRNA-splicing factor syf2
Protein STICHEL-like 4
Zinc finger protein STP4
Histone-lysine N-methyltransferase, H3 lysine-9 specific SUVH3
Set1 complex component swd1
Mating-type switching protein swi2
Pre-mRNA-splicing factor SYF2
Putative small ubiquitin-related modifier 7
Set1 complex component swd3
Synapse-associated protein 1
Leucine--tRNA ligase, cytoplasmic
Symplekin
Small ubiquitin-related modifier 1
Small ubiquitin-related modifier 2
Protein sumv-1
Pre-mRNA-splicing factor SYF1
Synaptopodin-2
Aspartate--tRNA ligase, cytoplasmic
Synaptopodin 2-like protein
Pre-mRNA-splicing factor syf-2
Transgelin-3
Putative deoxyribonuclease tatdn3-B
Synuclein
Putative deoxyribonuclease tatdn3-A
Putative deoxyribonuclease TATDN1
Putative deoxyribonuclease TATDN2
Putative deoxyribonuclease TATDN3
RNA-binding protein sym-2
Putative deoxyribonuclease TATDN1 homolog
Putative deoxyribonuclease tatdn3
TATA-box-binding protein 1
Transcription factor 19-like protein
Protein tesmin/TSO1-like CXC 6
Tektin-5
Testis-expressed sequence 37 protein
TBC1 domain family member 1
TATA-box-binding protein
Protein tesmin/TSO1-like CXC 2
Protein teflon
Tektin-4
Telomere length regulation protein TEL2 homolog
Testis-expressed sequence 35 protein
Teosinte glume architecture 1
TP53-target gene 5 protein
Translationally controlled tumor protein 2
DNA nucleotidylexotransferase
Tektin-1
Testis-expressed sequence 30 protein
TP53-target gene 3 protein
TATA-box-binding protein 2
Transcription factor 23
THAP domain-containing protein 5
Tubulin gamma chain
Transforming growth factor beta regulator 1
Protein THEMIS2
THO complex subunit 7 homolog
Fructose-2,6-bisphosphatase TIGAR
Tigger transposable element-derived protein 3
Translationally-controlled tumor protein homolog
Telomerase component p95
G-quartet DNA-binding protein TGP1
Trimethylguanosine synthase
Twin horsetail protein 2
Thymocyte nuclear protein 1
Tigger transposable element-derived protein 5
T-cell defective protein 2
Tigger transposable element-derived protein 4
Tigger transposable element derived 5
Fructose-2,6-bisphosphatase TIGAR B
Translation machinery-associated protein 16
Telomerase component p80
Acetyl-CoA acetyltransferase, cytosolic
TGFB1-induced anti-apoptotic factor 1
Protein TIFY 4B
Tigger transposable element-derived protein 2
Transmembrane protein 190
Transmembrane and coiled-coil domain-containing protein 2
DNA topoisomerase I, mitochondrial
DNA topoisomerase 1
DNA topoisomerase 2
Transmembrane protein 53
Topoisomerase 1-associated factor 1
TOX high mobility group box family member 4-A
Tigger transposable element-derived protein 1
Tigger transposable element-derived protein 7
Tigger transposable element-derived protein 6
Translation machinery-associated protein 7
Transmembrane protein 89
Transmembrane and ubiquitin-like domain-containing protein 1
DNA topoisomerase 6 subunit A3
Trafficking kinesin-binding protein 1
Protein TOS4
TOX high mobility group box family member 4
Multifunctional methyltransferase subunit trm112
Probable DNA topoisomerase 2
Topoisomerase 6 subunit A3
DNA topoisomerase 6 subunit A
Three-prime repair exonuclease 1
TOX high mobility group box family member 4-B
Ribosome biogenesis protein tsr3
Probable 20S rRNA accumulation protein 4
TITAN-like protein
Tetra-peptide repeat homeobox protein 1
Transport protein particle 20 kDa subunit
Pre-rRNA-processing protein TSR2 homolog
Ribosome biogenesis protein TSR3
Testis-specific protein TSX
Testis-specific Y-encoded-like protein 6
Protein king tubby 2
Testis-specific Y-encoded-like protein 1
Protein king tubby 1
Thioredoxin domain-containing protein 9
5'-tyrosyl-DNA phosphodiesterase
Splicing factor U2af large subunit A
Splicing factor U2af large subunit B
Splicing factor U2af small subunit B
Pre-rRNA-processing protein tsr2
Tumor rejection antigen P815A
UBP1-associated proteins 1B
Polyubiquitin-C
Transport protein particle subunit trs31
Pre-rRNA-processing protein TSR2
Putative testis-specific Y-encoded-like protein 3
Testis-specific Y-encoded-like protein 4
Tyrosyl-DNA phosphodiesterase 1
UPF0390 protein C24B10.18
Polyubiquitin-B
Ubinuclein-2
TEL2-interacting protein 1
TEL2-interacting protein 2
Tricarboxylate transport protein, mitochondrial
Splicing factor U2af small subunit A
UBP1-associated protein 2A
Putative upstream-binding factor 1-like protein 6
Polyubiquitin
Polyubiquitin-D
Polyubiquitin-H
Ubiquitin
UDP-glucose 6-dehydrogenase 3
Protein king tubby
Probable tyrosyl-DNA phosphodiesterase
Splicing factor U2AF 23 kDa subunit
Oligouridylate-binding protein 1A
Polyubiquitin 3
UBX domain-containing protein 6
Uracil phosphoribosyltransferase homolog
U11/U12 small nuclear ribonucleoprotein 35 kDa protein
Probable UDP-N-acetylglucosamine pyrophosphorylase
Oligouridylate-binding protein 1B
UBX domain-containing protein 2B
Ubiquitin fusion degradation protein 1 homolog
UDP-glucose 6-dehydrogenase 2
UTP--glucose-1-phosphate uridylyltransferase
Up-regulator of cell proliferation
UDP-glucose 6-dehydrogenase
U6 snRNA phosphodiesterase
Splicing factor U2AF 65 kDa subunit
UBP1-associated protein 2C
Polyubiquitin-A
Polyubiquitin-F
UBX domain-containing protein 1
Probable UTP--glucose-1-phosphate uridylyltransferase
Nonsense-mediated mRNA decay protein 3
Protein urg3
UBP1-associated proteins 1A
UBP1-associated protein 2B
Polyubiquitin-I
Oligouridylate-binding protein 1C
Vesicle-associated protein
F-box protein VBF
Polyubiquitin-G
Polyubiquitin-J
UDP-glucose 6-dehydrogenase 4
U1 snRNP-associated protein usp109
Uracil-regulated protein 1
Vigilin
Inositol hexakisphosphate and diphosphoinositol-pentakisphosphate kinase
UV-induced protein uvi31
von Willebrand factor A domain-containing protein 5A
Putative GTP cyclohydrolase URC1
VQ motif-containing protein 17
Wings apart-like protein homolog 1
WD repeat-containing protein wat1
WD repeat-containing protein 11
VQ motif-containing protein 13
VQ motif-containing protein 19
VQ motif-containing protein 22
VQ motif-containing protein 31
VQ motif-containing protein 4
WD repeat-containing protein 82
Wee1-like protein kinase 2
Werner Syndrome-like exonuclease
Variable charge X-linked protein 3
VQ motif-containing protein 29
WD repeat-containing protein 82-B
WD repeat-containing protein 74
Wee1-like protein kinase 1-B
DNA repair protein complementing XP-A cells homolog
Variable charge X-linked protein 3B
WD repeat-containing protein 82-A
WW domain-containing protein WWM1
Exportin-2
Exportin-6-B
DNA repair protein XRCC4
VQ motif-containing protein 20
VQ motif-containing protein 1
VQ motif-containing protein 5
VQ motif-containing protein 33
WD repeat-containing protein 13
Wee1-like protein kinase
Wee1-like protein kinase 2-B
XO lethal protein 1
Exportin-6
Exportin-7-A
ATPase WRNIP1
XIAP-associated factor 1
VQ motif-containing protein 11
VQ motif-containing protein 18
VQ motif-containing protein 25
VQ motif-containing protein 9
Wee1-like protein kinase 1-A
Wee1-like protein kinase 2-C
Werner syndrome ATP-dependent helicase homolog
Xrcc4-like factor 1
Exportin-6-A
Exportin-7-B
DNA repair protein xrcc4
WPP domain-containing protein 3
Probable helicase DDB_G0274399
Probable cell division protein kinase ECU11_1290
DDT domain-containing protein DDB_G0282237
KH domain-containing protein At4g18375
UPF0654 protein C22G7.11c
Protein YABBY 4
Protein YABBY 5
MEMO1 family protein C4H3.04c
UPF0654 protein C11D3.01c
Probable mannose-1-phosphate guanyltransferase
Zinc finger matrin-type protein CG9776
Putative esterase C31F10.02
RWD domain-containing protein C1393.09c
UPF0317 protein C5H10.01
HD domain-containing protein C4G3.17
Putative endonuclease C1F12.06c
Zinc finger protein YER130C
Probable cell division protein kinase ECU08_0230
Protein YABBY 3
Zinc finger CCCH domain-containing protein C337.12
UPF0665 family protein C23C4.06c
Putative uncharacterized hydrolase C7D4.05
AB hydrolase superfamily protein C1039.03
Zinc finger protein YGR067C
AFI1-like protein C776.06c
UPF0590 protein C409.17c
Putative glutamine amidotransferase PB2B2.05
UPF0742 protein PB2B2.17c
Protein YABBY 2
Protein YABBY 6
Protein DROOPING LEAF
YEATS domain-containing protein 2
ATP-dependent kinase YFH7
HMG box-containing protein C19G7.04
UPF0588 membrane protein C20F10.02c
MIP18 family protein C144.16
MEMO1 family protein YJR008W
Putative hydrolase C777.06c
Zinc finger protein C725.08
UPF0587 protein C2D10.03c
Protein YIG1
UPF0160 protein C694.04c
Coiled-coil-helix-coiled-coil-helix domain-containing protein C550.01c
UPF0653 protein C607.02c
UPF0613 protein PB24D3.06c
Zinc finger protein C19B12.07c
Putative methyltransferase YMR310C
Putative zinc finger protein R05D3.3
UPF0652 protein C16A11.03c
SERF-like protein YDL085C-A
UPF0664 stress-induced protein C29B12.11c
WW domain-containing protein C2F3.14c
HMG box-containing protein C10F6.08c
BTB/POZ domain-containing protein YLR108C
Putative zinc finger protein F44E2.7
UPF0742 protein C750.04c/C977.02
Putative aldehyde dehydrogenase-like protein C21C3
Protein yippee-like 1
Type 1 phosphatases regulator ypi1
Type 1 phosphatases regulator YPI1
Putative uncharacterized protein C13G1.15c
YDG domain-containing protein At5g47150
UPF0061 protein C20G4.05c
Putative cytochrome c1 heme lyase
UPF0047 protein C4A8.02c
Maf-like protein C3G6.03c
UPF0538 protein C2C4.04c
Probable 6-phosphofructo-2-kinase C222.13c
UPF0656 protein C926.02
UPF0659 protein C216.03
Putative nucleosome assembly protein C2D10.11C
Ankyrin repeat-containing protein C105.02c
Putative zinc finger protein C02F5.12
UPF0642 protein C32H8.05
WW domain-containing protein C11B10.08
Type 1 phosphatases regulator YPI2
Putative uncharacterized membrane protein C191.04c
Meiotically up-regulated protein C1442.13c
RNA annealing protein YRA2
Endoribonuclease YSH1
Endoribonuclease ysh1
mRNA 3'-end-processing protein YTH1
UPF0652 protein C22H10.08
YDG domain-containing protein At5g47160
UPF0654 protein C869.09
UPF0662 protein C30C2.08
Deoxyribonuclease Tat-D
UPF0655 protein C17G9.12c
Meiotic chromosome segregation protein C1539.02
UPF0662 protein YPL260W
Putative splicing factor C222.18
Mitochondrial outer membrane protein C83.16c
Putative amidase C550.07
mRNA 3'-end-processing protein yth1
Probable ribonuclease ZC3H12D
Zinc finger CCCH domain-containing protein 15
Zinc finger CCCH domain-containing protein ZFN-like
Protein ZIP2
Zinc finger protein ZFMSA12A
Putative methyltransferase SPBC8D2.16c
UPF0743 protein C215.06c
UPF0643 protein PB2B2.08
Protein PBDC1 homolog
SERF-like protein C1705.02
Hid-1 family protein P27G11.12
Type 1 phosphatases regulator ypi-1
Putative zinc finger protein C09F5.3
Zinc finger BED domain-containing protein 4
Zinc finger CCCH domain-containing protein 14
Zinc finger CCCH domain-containing protein 18
Bromodomain-containing protein C631.02
Hid-1 family protein P19A11.07c
Putative uncharacterized hydrolase YOR131C
Meiotic chromosome segregation protein P8B7.28c
WD repeat-containing protein YPL247C
UPF0649 protein C1442.02
Putative zinc finger protein F56D1.1
Zinc finger protein ZIC 5
Zinc finger protein 32
Centromere/kinetochore protein zw10
WW domain-containing protein ZK1098.1
Gastrula zinc finger protein xLCGF3.1
Zinc finger protein ZIC 4
Zinc finger protein 830
Putative zinc finger protein ZK686.5
Putative zinc finger protein B0310.2
Zinc finger transcription factor family protein 1
Zinc finger protein 609
Zinc finger transcription factor family protein 30
ZW10 interactor
