Acidic leucine-rich nuclear phosphoprotein 32 family member A
Acidic leucine-rich nuclear phosphoprotein 32 family member B
Ataxin-10
Brain-derived neurotrophic factor
Cyclin-dependent kinase 11B
COP9 signalosome complex subunit 5
COP9 signalosome complex subunit 8
Cysteine and histidine-rich protein 1
Protein DEHYDRATION-INDUCED 19 homolog 4
DnaJ homolog subfamily B member 6-A
DnaJ homolog subfamily B member 6-B
Epsin-3
Clathrin interactor 1
Guanylate-binding protein 4
Guanylate-binding protein 1
Guanylate-binding protein 3
Solute carrier family 2, facilitated glucose transporter member 10
Glutamate--cysteine ligase
GSK3-beta interaction protein
Gasdermin-A
Protein-cysteine N-palmitoyltransferase HHAT-like protein
3-hydroxymethyl-3-methylglutaryl-CoA lyase, cytoplasmic
Hornerin
Hephaestin
InaD-like protein
NF-kappa-B inhibitor epsilon
Kinesin heavy chain isoform 5A
Laminin subunit gamma-2
Protein MAL2
DNA replication licensing factor MCM3
Ensconsin
Melanophilin
MORF4 family-associated protein 1
Cation-dependent mannose-6-phosphate receptor
Myotrophin
Interferon-induced GTP-binding protein Mx1
NACHT, LRR and PYD domains-containing protein 5
Nuclear cap-binding protein subunit 1
Nuclear cap-binding protein subunit 2
NADPH-dependent diflavin oxidoreductase 1
Protein NDRG2
NmrA-like family domain-containing protein 1
Negative growth regulatory protein NGR1
Orofacial cleft 1 candidate gene 1 protein homolog
Oxysterol-binding protein 1
cAMP-specific 3',5'-cyclic phosphodiesterase 4A
Calcium-independent phospholipase A2-gamma
MOB-like protein phocein
Ras and EF-hand domain-containing protein homolog
Regulator of nonsense transcripts 2
Ras and EF-hand domain-containing protein
Protein SET
Selenoprotein M
Serotonin N-acetyltransferase
Synaptosomal-associated protein 47
Sorbin and SH3 domain-containing protein 2
Trafficking protein particle complex subunit 2-like protein
Probable trafficking protein particle complex subunit 2
Thrombospondin-3
Thiosulfate sulfurtransferase/rhodanese-like domain-containing protein 1
Twinfilin-2
Twinfilin-2-A
Protein unc-45 homolog A
Twinfilin-2-B
Ufm1-specific protease
WD repeat-containing protein 44
