ATP synthase lipid-binding protein, mitochondrial
ATP synthase subunit a 1
ATP synthase subunit a 2
ATP synthase F(0) complex subunit C1, mitochondrial
ATP synthase F(0) complex subunit C3, mitochondrial
ATP synthase subunit s, mitochondrial
ATP synthase subunit a 3
ATP synthase protein 8
ATP synthase subunit 9, mitochondrial
ATP synthase subunit a
ATP synthase subunit b 1
ATP synthase subunit b 2
ATP synthase subunit b 3
ATP synthase subunit b-delta
ATP synthase subunit b, chloroplastic
ATP synthase subunit c, chloroplastic
ATP synthase subunit C, organellar chromatophore
ATP synthase subunit a, chloroplastic
Putative ATP synthase subunit f, mitochondrial
ATP synthase subunit f, mitochondrial
ATP synthase subunit c
ATP synthase subunit b', chloroplastic
ATP synthase B' chain, cyanelle
ATP synthase protein I
ATP synthase F(0) complex subunit C2, mitochondrial
ATP synthase subunit b, organellar chromatophore
ATP synthase subunit c 2
ATP synthase subunit a-1
ATP synthase subunit b, plastid
ATP synthase subunit a-2
ATP synthase 28 kDa subunit, mitochondrial
ATP synthase 27 kDa subunit, mitochondrial
ATP synthase subunit C, cyanelle
ATP synthase 6 kDa subunit, mitochondrial
ATP synthase subunit b'
ATP synthase subunit C, plastid
ATP synthase subunit a, organellar chromatophore
ATP synthase subunit c 1
ATP synthase subunit 1
ATP synthase subunit b, cyanelle
ATP synthase subunit a, plastid
ATP synthase subunit b', organellar chromatophore
ATP synthase protein MI25
Putative ATP synthase protein YMF19
