Allene oxide synthase-lipoxygenase protein
Allene oxide synthase 4
Allene oxide synthase 2
Allene oxide synthase 3
Allene oxide synthase, chloroplastic
Jasmonate O-methyltransferase
Probable linoleate 9S-lipoxygenase 3
Linoleate 9S-lipoxygenase 6
Linoleate 9S-lipoxygenase 1
Lipoxygenase 2.3, chloroplastic
Linoleate 9S-lipoxygenase 2
Seed linoleate 9S-lipoxygenase-2
Seed linoleate 9S-lipoxygenase-3
Probable lipoxygenase 6
Linoleate 9S-lipoxygenase B
Probable linoleate 9S-lipoxygenase 5
Linoleate 9S-lipoxygenase
Linolenate 9R-lipoxygenase
Probable linoleate 9S-lipoxygenase 8
Lipoxygenase 2.2, chloroplastic
Putative linoleate 9S-lipoxygenase 3
Linoleate 9S-lipoxygenase A
Probable linoleate 9S-lipoxygenase 4
Probable linoleate 9S-lipoxygenase 7
Seed linoleate 13S-lipoxygenase-1
Linoleate 13S-lipoxygenase 3-1, chloroplastic
Linoleate 13S-lipoxygenase 2-1, chloroplastic
Linoleate 9S-lipoxygenase-4
Putative lipoxygenase 5
Probable lipoxygenase 8, chloroplastic
Seed linoleate 9S-lipoxygenase
Putative 12-oxophytodienoate reductase 11
Putative 12-oxophytodienoate reductase 2
Putative 12-oxophytodienoate reductase 5
Putative 12-oxophytodienoate reductase 8
Putative 12-oxophytodienoate reductase 13
Putative 12-oxophytodienoate reductase 6
Putative 12-oxophytodienoate reductase 9
Putative 12-oxophytodienoate reductase 10
Putative 12-oxophytodienoate reductase 4
Putative 12-oxophytodienoate reductase 12
Putative 12-oxophytodienoate reductase 3
