AAA-ATPase At3g28600
AAA-ATPase At3g50940
1-aminocyclopropane-1-carboxylate oxidase 2
6-phosphogluconate dehydrogenase, decarboxylating 3
6-phosphogluconate dehydrogenase, decarboxylating 1, chloroplastic
AAA-ATPase At2g18190
AAA-ATPase At3g28610
Aldehyde dehydrogenase family 7 member B4
Magnesium-activated aldehyde dehydrogenase, cytosolic
L-ascorbate peroxidase 1, cytosolic
ARM REPEAT PROTEIN INTERACTING WITH ABF2
Beta-glucosidase 22
Coenzyme A biosynthesis protein 3
Protein BZZ1
Protein C2-DOMAIN ABA-RELATED 4
CBS domain-containing protein CBSX3, mitochondrial
Copper transport protein CCH
Cyclin-L1-1
Calcium-dependent protein kinase 32
CBL-interacting serine/threonine-protein kinase 1
CBL-interacting serine/threonine-protein kinase 24
Protein COBRA
Phosphopantetheine adenylyltransferase 2
Calmodulin-binding receptor-like cytoplasmic kinase 1
COP9 signalosome complex subunit 1
Cyanate hydratase
Putative D-cysteine desulfhydrase 1, mitochondrial
Chaperone protein dnaJ 3
Lipid transfer protein EARLI 1
Fasciclin-like arabinogalactan protein 4
Gibberellin 2-beta-dioxygenase 7
GTPase activating protein 1
Gibberellin-regulated protein 14
Germin-like protein subfamily 1 member 8
Gamma carbonic anhydrase 2, mitochondrial
Glutamate synthase 1 , chloroplastic
Germin-like protein subfamily 1 member 11
Mannose-1-phosphate guanylyltransferase 1
Probable phospholipid hydroperoxide glutathione peroxidase 6, mitochondrial
Glutamate--cysteine ligase, chloroplastic
Phosphopantothenoylcysteine decarboxylase
Halotolerance protein HAL1
17.6 kDa class I heat shock protein 1
Type IV inositol polyphosphate 5-phosphatase 11
Serine/threonine-protein kinase AtPK2/AtPK19
Long chain acyl-CoA synthetase 7, peroxisomal
Serine/threonine-protein kinase AtPK1/AtPK6
Shaggy-related protein kinase epsilon
3-isopropylmalate dehydrogenase 3, chloroplastic
Shaggy-related protein kinase alpha
3-isopropylmalate dehydratase small subunit 3
S-adenosylmethionine synthase 4
S-adenosylmethionine synthase 1
MAP kinase-interacting serine/threonine-protein kinase 1
Protein-tyrosine-phosphatase MKP1
Peptide methionine sulfoxide reductase A4, chloroplastic
Myosin-5
Nascent polypeptide-associated complex subunit alpha-like protein 1
NADH dehydrogenase  1 alpha subcomplex subunit 9, mitochondrial
TSA1-like protein
Nascent polypeptide-associated complex subunit alpha-like protein 3
NADH-cytochrome b5 reductase-like protein
Stress response protein nst1
NO-associated protein 1, chloroplastic/mitochondrial
Stress response protein NST1
MACPF domain-containing protein NSL1
NADPH:quinone oxidoreductase
Pyrroline-5-carboxylate reductase
Osmotin-like protein OSM34
Phosphatidylinositol 4-kinase gamma 2
Protein OS-9 homolog
Phosphatidylinositol 4-kinase gamma 4
Poly(A)-specific ribonuclease PARN
Peroxidase 51
Phosphatidylinositol 3-kinase VPS34
ATPase 4, plasma membrane-type
Phosphomannomutase
Putative pentatricopeptide repeat-containing protein At1g56570
Putative pentatricopeptide repeat-containing protein At3g16890, mitochondrial
26S proteasome non-ATPase regulatory subunit 14 homolog
Phosphatidylinositol 3,4,5-trisphosphate 3-phosphatase and protein-tyrosine-phosphatase PTEN2B
Phosphatidylinositol 3,4,5-trisphosphate 3-phosphatase and protein-tyrosine-phosphatase PTEN2A
UDP-arabinopyranose mutase 2
Probable UDP-arabinopyranose mutase 5
Phosphoinositide phosphatase SAC6
Phosphopantothenoylcysteine decarboxylase subunit SIS2
Probable inactive poly  polymerase SRO1
Serine/threonine-protein kinase SRK2H
Dolichyl-diphosphooligosaccharide--protein glycosyltransferase subunit STT3A
Serine/threonine-protein kinase SRK2F
ATP-dependent RNA helicase SUV3, mitochondrial
Serine/threonine-protein kinase SRK2G
Serine/threonine-protein kinase SRK2B
Probable inactive poly  polymerase SRO5
ATP-dependent RNA helicase SUV3L, mitochondrial
Target of rapamycin complex 1 subunit TCO89
UDP-glycosyltransferase 71B6
UTP--glucose-1-phosphate uridylyltransferase 1
TPR repeat-containing thioredoxin TTL1
Universal stress protein C
Growth regulation protein
Ankyrin repeat-containing protein At3g12360
