Acyl-CoA-binding domain-containing protein 6 homolog
Acyl-CoA-binding domain-containing protein 7
Acyl-CoA-binding domain-containing protein 6
Acyl-CoA-binding domain-containing protein 4
BPI fold-containing family B member 4
BPI fold-containing family A member 3
BPI fold-containing family B member 2
BPI fold-containing family B member 1
BPI fold-containing family B member 3
BPI fold-containing family A member 5
BPI fold-containing family B member 6
BPI fold-containing family C protein
Protein DegV
DegV domain-containing protein
Erlin-1
Fatty-acid and retinol-binding protein 1
F-box/WD repeat-containing protein A-like protein
Fibrinogen
Glycolipid transfer protein
Putative BPIFA4P protein
Latherin
Cell wall mannoprotein 1
MD-2-related lipid-recognition protein
Putative phosphatidylethanolamine-binding protein
Pleckstrin homology domain-containing protein 1
Endophilin-A3
Short palate, lung and nasal epithelium carcinoma-associated protein 2B
Short palate, lung and nasal epithelium carcinoma-associated protein 2A
Steroidogenic acute regulatory-like protein 1
26 kDa secreted antigen
UPF0522 protein B
UPF0522 protein A
UPF0522 protein C
DegV domain-containing protein CPE0026
DegV domain-containing protein SP_1112
DegV domain-containing protein M6_Spy1440
DegV domain-containing protein CPE1310
DegV domain-containing protein SAS1368
DegV domain-containing protein SpyM3_1149
DegV domain-containing protein M6_Spy1246
DegV domain-containing protein SACOL1460
DegV domain-containing protein TTE1491
DegV domain-containing protein CA_C1624
DegV domain-containing protein M6_Spy1658
DegV domain-containing protein SpyM3_1667
DegV domain-containing protein SPy_1698/M5005_Spy1391
DegV domain-containing protein SPs0713
DegV domain-containing protein spr1415
DegV domain-containing protein spyM18_1511
DegV domain-containing protein TM_1608
DegV domain-containing protein UU190
DegV domain-containing protein spyM18_2003
DegV domain-containing protein MT2490
DegV domain-containing protein lin2658
Fatty acid-binding protein TM_1468
DegV domain-containing protein SPs0389
DegV domain-containing protein lmo1863
DegV domain-containing protein spr1019
DegV domain-containing protein SA1258
DegV domain-containing protein MW1315
DegV domain-containing protein SAV1425
DegV domain-containing protein SPs1668
Putative BPI/LBP family protein At3g20270
DegV domain-containing protein SpyM3_1478
DegV domain-containing protein SPy_1493/M5005_Spy1226
DegV domain-containing protein CPE2509
DegV domain-containing protein lmo2514
DegV domain-containing protein SAR1438
DegV domain-containing protein SP_1557
DegV domain-containing protein spyM18_1709
DegV domain-containing protein SPy_1936/M5005_Spy1650
DegV domain-containing protein CPE0304
DegV domain-containing protein CA_C3284
DegV domain-containing protein XCC3382
DegV domain-containing protein UU535
DegV domain-containing protein SAV0749
DegV domain-containing protein SPy_0865/M5005_Spy0672
DegV domain-containing protein DR_1903
DegV domain-containing protein lin1977
DegV domain-containing protein DR_1986
DegV domain-containing protein MG326
DegV domain-containing protein MG326 homolog
DegV domain-containing protein SpyM3_0586
DegV domain-containing protein SAS0714
DegV domain-containing protein Cgl2349/cg2579
DegV domain-containing protein Mb2440c
DegV domain-containing protein MYPU_3590
DegV domain-containing protein MG450
DegV domain-containing protein SCO2569
DegV domain-containing protein SPs1267
DegV domain-containing protein spyM18_0926
DegV domain-containing protein XAC3508
DegV domain-containing protein BH3627
DegV domain-containing protein SA0704
DegV domain-containing protein MYPU_7660
DegV domain-containing protein DR_0500
DegV domain-containing protein spr0652
DegV domain-containing protein CA_C0701
DegV domain-containing protein SAR0803
DegV domain-containing protein SACOL0812
DegV domain-containing protein YejH
DegV domain-containing protein MG450 homolog
DegV domain-containing protein M6_Spy0690
DegV domain-containing protein MW0711
DegV domain-containing protein SP_0742
DegV domain-containing protein CA_C0948
DegV domain-containing protein YitS
DegV domain-containing protein YqaC
DegV domain-containing 15.5 kDa protein
DegV domain-containing protein YteA
