Fructose-1,6-/sedoheptulose-1,7-bisphosphate aldolase
Calvin cycle protein CP12, chloroplastic
Calvin cycle protein CP12-3, chloroplastic
Fructose-1,6-bisphosphatase class 1 2
Fructose-1,6-bisphosphatase class 1 1
Fructose-1,6-bisphosphatase class 1 3
Fructose-1,6-bisphosphatase, chloroplastic
Fructose-1,6-bisphosphatase class 1
Glyceraldehyde-3-phosphate dehydrogenase A, chloroplastic
Glyceraldehyde-3-phosphate dehydrogenase, chloroplastic
Glyceraldehyde-3-phosphate dehydrogenase B, chloroplastic
Glyceraldehyde-3-phosphate dehydrogenase 2
Glyceraldehyde-3-phosphate dehydrogenase GAPA2, chloroplastic
Glyceraldehyde-3-phosphate dehydrogenase, chromosomal
Glyceraldehyde-3-phosphate dehydrogenase, plasmid
Phosphoglycolate phosphatase
Phosphoglycolate phosphatase, plasmid
Phosphoglycolate phosphatase, chromosomal
Phosphoribulokinase, 41 kDa subunit
Phosphoribulokinase, chromosomal
Phosphoribulokinase, chloroplastic
Phosphoribulokinase 1
Phosphoribulokinase, 40 kDa subunit
Phosphoribulokinase, plasmid
Phosphoribulokinase 2
Phosphoglycerate kinase, chromosomal
Phosphoglycerate kinase, chloroplastic
Phosphoglycerate kinase, plasmid
