Alpha-1-acid glycoprotein 2
ABC transporter I family member 19
ABC transporter G family member 27
ABC transporter G family member 38
ABC transporter G family member 39
ABC transporter G family member 40
ABC transporter G family member 41
ABC transporter G family member 9
ABC transporter A family member 1
ABC transporter A family member 3
ABC transporter A family member 4
ABC transporter D family member 3
ABC transporter G family member 14
ABC transporter G family member 19
Probable ATP-dependent transporter ycf16
Acyl-CoA-binding protein homolog 1
p-hydroxybenzoic acid efflux pump subunit AaeB
ABC transporter G family member 21
ATP-binding cassette sub-family A member 3
ABC transporter A family member 6
ABC transporter G family member 1
Acetyl-coenzyme A transporter 1
Acyl-CoA-binding domain-containing protein 5
Acyl-CoA-binding protein homolog 3
Acyl-CoA-binding domain-containing protein 4
Acyl-CoA-binding protein
Acyl-CoA-binding protein homolog
5-hydroxytryptamine receptor 3B
Alpha-1-acid glycoprotein
Acyl-CoA-binding domain-containing protein 5-B
Acyl-CoA-binding protein 2
Acyl-CoA-binding domain-containing protein 3
Neuronal acetylcholine receptor subunit alpha-5
Neuronal acetylcholine receptor subunit beta-3
Alpha-1-acid glycoprotein 1
Alpha-1-acid glycoprotein 3
ABC transporter G family member 37
ABC transporter G family member 42
ABC transporter G family member 43
ABC transporter G family member 45
ABC transporter G family member 47
ABC transporter G family member 5
ATP-binding cassette sub-family A member 2
ABC transporter A family member 8
ATP-binding cassette sub-family A member 8
ABC transporter A family member 11
ABC transporter protein AbcA
ATP-binding cassette sub-family B member 6, mitochondrial
ABC transporter D family member 1
ABC transporter G family member 3
ABC transporter G family member 7
ABC transporter G family member 15
ABC transporter G family member 18
Acetylcholine receptor subunit alpha
p-hydroxybenzoic acid efflux pump subunit AaeA
ATP-binding cassette sub-family A member 8-B
ABC transporter A family member 2
ABC transporter G family member 4
ABC transporter G family member 10
ABC transporter G family member 16
Putative ABC transporter ATP-binding protein
Acyl-CoA-binding protein 1
Neuronal acetylcholine receptor subunit alpha-6
ABC transporter G family member 31
ABC transporter G family member 32
ABC transporter G family member 36
ABC transporter G family member 44
ABC transporter G family member 48
ABC transporter G family member 50
Calcium-transporting ATPase 2, plasma membrane-type
Alpha-1-acid glycoprotein 8
ABC transporter I family member 20
ABC transporter G family member 30
ABC transporter G family member 52
ABC transporter A family member 5
ABC transporter A family member 7
ABC transporter A family member 10
ATP-binding cassette sub-family B member 7, mitochondrial
ABC transporter D family member 2
ABC transporter G family member 12
ABC transporter G family member 17
ABC transporter G family member 20
ABC transporter G family member 23
Acetylcholine receptor subunit delta
Auxin-induced protein 5NG4
ABC transporter G family member 34
ABC transporter G family member 35
ABC transporter G family member 46
ABC transporter G family member 49
ABC transporter G family member 51
ABC transporter G family member 53
ABC transporter G family member ARB_01379
ABC transporter G family member 2
ABC transporter G family member 6
ABC transporter G family member 8
ABC transporter G family member 11
ABC transporter H family member 2
Acyl-CoA-binding domain-containing protein 5A
Putative acyl-CoA-binding protein
ADP-ribosylation factor GTPase-activating protein AGD1
Acetylcholine receptor subunit epsilon
Acetylcholine receptor subunit gamma
Ribosome biogenesis protein ALB1
Serum albumin
Major allergen Can f 1
Arf-GAP domain and FG repeat-containing protein 1
Serum albumin 1
Serum albumin A
Putative ABC transporter permease protein AmyC
Probable anion import ATP-binding protein HVO_1886
Serum albumin 2
Dander allergen Equ c 2.0102
Putative transporter protein AmiS
Probable starch degradation products transport system permease protein AmyC
Probable starch degradation products transport system permease protein AmyD
Dander allergen Equ c 2.0101
Putative amidate substrates transporter protein
Putative ABC transporter permease protein AmyD
Probable anion ABC transporter permease protein HVO_1887
Amino-acid transporter arg-13
Putative transporter protein AmiS2
Serum albumin B
Serum albumin SDS-1
Apolipophorins
Probable 4-amino-4-deoxy-L-arabinose-phosphoundecaprenol flippase subunit ArnE
Acid-sensing ion channel 3
ATPase ASNA1 homolog
Low density lipoprotein receptor adapter protein 1
Acid-sensing ion channel 4
ATPase ASNA1
ATPase asna1
ATPase Asna1
Putative autolysin regulatory protein ArpU
Sodium/potassium-transporting ATPase subunit beta-3
Probable 4-amino-4-deoxy-L-arabinose-phosphoundecaprenol flippase subunit ArnF
Acid-sensing ion channel 1
Protein ATP1B4
Sarcoplasmic/endoplasmic reticulum calcium ATPase 3
Plasma membrane calcium-transporting ATPase 1
Caytaxin
ATPase ASNA1 homolog 2
Plasma membrane calcium-transporting ATPase 3
Potassium-transporting ATPase alpha chain 1
ATPase asna-1
ATPase ASNA1 homolog 1
Plasma membrane calcium-transporting ATPase 2
Short-chain fatty acids transporter
Sodium/potassium-transporting ATPase subunit beta-2
Anion exchange protein 3
Probable sodium/metabolite cotransporter BASS1, chloroplastic
Probable sodium/metabolite cotransporter BASS3, chloroplastic
Bacitracin export permease protein BceB
Bacitracin export ATP-binding protein BceA
Probable sodium/metabolite cotransporter BASS4, chloroplastic
Probable sodium/metabolite cotransporter BASS5, chloroplastic
Bacitracin transport permease protein BcrC
Heme transporter BhuA
Probable sodium/metabolite cotransporter BASS6, chloroplastic
Biotin transport ATP-binding protein BioM
Biogenesis of lysosome-related organelles complex 1 subunit BLS1
Biogenesis of lysosome-related organelles complex 1 subunit BLI1
Biogenesis of lysosome-related organelles complex 1 subunit CNL1
UBP3-associated protein BRE5
Cobalamin-binding protein
Protein brown
Bacitracin transport permease protein BCRB
Energy-coupling factor transporter transmembrane protein BioN
Carnitine O-acetyltransferase, mitochondrial
Bacitracin transport ATP-binding protein BcrA
Carnitine O-acetyltransferase
Bypass of stop codon protein 6
Vitamin B12-binding protein
Putative mitochondrial carnitine O-acetyltransferase
Corticosteroid-binding globulin
Heme exporter protein C
Cytochrome c biogenesis CcmF C-terminal-like mitochondrial protein
Cyclin-Y
ABC transporter ced-7
Cysteine-rich hydrophobic domain-containing protein 1
Calcium-activated chloride channel regulator 4
Protein CLT1, chloroplastic
Calcium-activated chloride channel regulator 1
Magnesium and cobalt efflux protein CorC
ATP-binding protein ChvD
Calcium-activated chloride channel regulator 2
Competence protein ComA
ComE operon protein 3
ComG operon protein 5
ComG operon protein 1
ComG operon protein 7
Carnitine O-palmitoyltransferase 2, mitochondrial
Putative fluoride ion transporter CrcB 1
ComG operon protein 1 homolog
Carnitine O-palmitoyltransferase 1, muscle isoform
Putative fluoride ion transporter CrcB
Crustacyanin-A1 subunit
Choline transporter-like protein 1
ComG operon protein 3
Cationic amino acid transporter 4
Carnitine O-palmitoyltransferase 1, liver isoform
Crustacyanin-A2 subunit
Crustacyanin-C1 subunit
CREB3 regulatory factor
Choline transporter-like protein 2
Gap junction beta-2 protein
Cystinosin homolog
Probable Ni/Fe-hydrogenase B-type cytochrome subunit
Probable Ni/Fe-hydrogenase 1 B-type cytochrome subunit
Quinone-reactive Ni/Fe-hydrogenase B-type cytochrome subunit
Cationic amino acid transporter 2
Gap junction beta-1 protein
High affinity cationic amino acid transporter 1
Gap junction alpha-4 protein
Diazepam-binding inhibitor-like 5
Cytoplasmic dynein 1 light intermediate chain 2
Cobalt-zinc-cadmium resistance protein CzcN
Cytoplasmic dynein 1 light intermediate chain 1
Disrupted in renal carcinoma protein 2
Putative dicarboxylate transporter subunit
Disrupted in renal carcinoma protein 2 homolog
Protein DltB
Sn1-specific diacylglycerol lipase beta
Dynein light chain roadblock-type 2
Dynein light chain roadblock-type 1
Daunorubicin/doxorubicin resistance ABC transporter permease protein DrrB
Protein DETOXIFICATION 48
Dynein light chain Tctex-type 3
Dynein light chain 1, cytoplasmic
Dynein light chain 2, cytoplasmic
Multidrug resistance protein EbrA
Multidrug resistance protein EbrB
ESX-5 secretion system protein EccB5
ESX-5 secretion system protein EccC5
ESX-3 secretion system protein EccD3
ESX-5 secretion system protein EccE5
Energy-coupling factor transporter ATP-binding protein EcfA1
Energy-coupling factor transporter ATP-binding protein EcfA2
Energy-coupling factor transporter ATP-binding protein EcfA3
Protein EcsB
Cytoplasmic dynein 1 heavy chain 1
Probable outer membrane usher protein EcpC
Dynein light chain Tctex-type 1
Putative ethidium bromide resistance protein
ESX-3 secretion system protein EccB3
ESX-3 secretion system protein EccC3
ESX-5 secretion system protein EccD5
ESX-3 secretion system protein EccE3
ESX-1 secretion system protein EccB1
ESX-1 secretion system protein EccD1
ESX-1 secretion system protein EccCa1
ESX-1 secretion system protein EccE1
ABC-type transporter ATP-binding protein EcsA
Alpha-endosulfine
Electron transport complex subunit D
Epididymal secretory protein 4
Fatty acid-binding protein, smooth muscle
Fatty acid-binding protein, liver
Alpha-fetoprotein
Fasciculation and elongation protein zeta-1
Fatty acid-binding protein, intestinal
Probable folate-biopterin transporter 5
Probable folate-biopterin transporter 7
Probable folate-biopterin transporter 9, chloroplastic
Probable folate-biopterin transporter 4
Probable folate-biopterin transporter 6
Probable folate-biopterin transporter 8, chloroplastic
Probable folate-biopterin transporter 2
Sulfurtransferase FdhD
Probable folate-biopterin transporter 3
Fluoroquinolones export permease protein MT2761
Folate transporter 1, chloroplastic
Putative lipid II flippase FtsW
Folate transporter FolT
Fusaric acid resistance protein FusD
Fluoroquinolones export permease protein MT2760
Fluoroquinolones export ATP-binding protein MT2762
Cell division ATP-binding protein FtsE
Fusaric acid resistance protein FusC
Ras GTPase-activating protein-binding protein 1
Gamma-aminobutyric acid receptor subunit alpha-4
Gamma-aminobutyric acid receptor subunit beta-3
Gamma-aminobutyric acid receptor subunit alpha-1
Gamma-aminobutyric acid receptor subunit alpha-3
Gamma-aminobutyric acid receptor subunit alpha-6
Gamma-aminobutyric acid receptor subunit epsilon
Golgi resident protein GCP60
Protein GET1
Protein get1
ATPase GET3
ATPase get3
Golgi to ER traffic protein 4 homolog
Fusaric acid resistance protein FusB
Spore germination protein GerLB
Golgi to ER traffic protein 4 homolog A
Gamma-aminobutyric acid receptor subunit beta-1
Gamma-aminobutyric acid receptor subunit delta
Gamma-aminobutyric acid receptor subunit beta-2
Gamma-aminobutyric acid receptor subunit gamma-2
Protein get-1
Anaerobic glycerol-3-phosphate dehydrogenase subunit C
Gamma-aminobutyric acid receptor subunit rho-1
Spore germination protein GerQB
Spore germination protein KB
Golgi to ER traffic protein 4 homolog B
Protein GMH1
General odorant-binding protein 2
Golgi integral membrane protein 4
Glutamate receptor 3
Glutathione transport system permease protein GsiC
Glutathione transport system permease protein GsiD
General secretion pathway protein B
Cell wall teichoic acid glycosylation protein GtcA
Bactoprenol-linked glucose translocase
General odorant-binding protein 1
General secretion pathway protein A
Glutamate receptor ionotropic, kainate 2
Putative general secretion pathway protein A
Glutamate receptor 4
Glutamate receptor ionotropic, delta-2
Glutamate receptor ionotropic, kainate 4
Gluconate transport inducer 1
Bactoprenol-linked glucose translocase homolog from prophage CPS-53
Holdfast attachment protein C
HD protein homolog
Probable hemoglobin and hemoglobin-haptoglobin-binding protein 1
Hemopexin
Probable hemoglobin and hemoglobin-haptoglobin-binding protein 3
Hemoglobin and hemoglobin-haptoglobin-binding protein C
Putative hemin import ATP-binding protein HrtA
Putative hemin transport system permease protein HrtB
Putative DNA transport protein HofQ
Thiamine precursor transporter HmpT
Heme/hemopexin-binding protein
Protein transport protein HofB homolog
Probable poly-beta-1,6-N-acetyl-D-glucosamine export protein
Putative phosphite transport system permease protein HtxE
Importin-8
Iota-crystallin
Cysteine desulfurase IscS
Kinesin-related protein 11
Kinesin-related protein 13
2-keto-3-deoxygluconate permease
Kinesin-related protein 4
Biogenesis of lysosome-related organelles complex 1 subunit KXD1
Polysialic acid transport protein KpsM
Polysialic acid transport ATP-binding protein KpsT
Beta-lactoglobulin-1
Large neutral amino acids transporter small subunit 2
Kinesin-related protein 10
Kinesin-related protein 8
Lysosomal-associated transmembrane protein 4A
Lysosomal-associated transmembrane protein 5
Kinesin-related protein 2
Kinesin-related protein 6
Beta-lactoglobulin-2
Lysosomal-associated transmembrane protein 4B
Beta-lactoglobulin
Epididymal-specific lipocalin-10
Beta-lactoglobulin-1/B
Nuclear distribution protein PAC1-1
Nuclear distribution protein PAC1-2
Nuclear distribution protein nudF 2
Lissencephaly-1 homolog B
Nuclear distribution protein PAC1
Nuclear distribution protein nudF
Lissencephaly-1 homolog
Platelet-activating factor acetylhydrolase IB subunit alpha
Beta-lactoglobulin-3
Beta-lactoglobulin-1A/1C
Epididymal-specific lipocalin-8
Probable lysosomal cobalamin transporter
Type 4 prepilin-like proteins leader peptide-processing enzyme
Nuclear distribution protein nudF 1
Late lactation protein B
Protein LplC
Lipoprotein LpqH
Lipopolysaccharide export system ATP-binding protein LptB
Lipocalin-1
Putative type 4 prepilin-like proteins leader peptide-processing enzyme
Lissencephaly-1 homolog 1
Lipoprotein-releasing system transmembrane protein LolC
Lipoprotein-releasing system ATP-binding protein LolD
Leucine-rich PPR motif-containing protein, mitochondrial
Lissencephaly-1 homolog A
Protein lin-10
Nuclear distribution protein nudF-2
Nuclear distribution protein nudF-1
Lymphatic vessel endothelial hyaluronic acid receptor 1
Lissencephaly-1 homolog 2
Late lactation protein A
Magnesium transporter protein 1
Protein LplB
Mitochondrial 2-oxoglutarate/malate carrier protein
Microtubule-associated protein 6
Mitochondrial substrate carrier family protein W
Multidrug resistance efflux pump SepA
Protein McbF
Microtubule-associated protein 6 homolog
Mitochondrial substrate carrier family protein G
Mitochondrial substrate carrier family protein S
Multidrug resistance protein MdtO
Mercuric transport protein
Mitochondrial carrier-like protein L276
Mitochondrial carnitine/acylcarnitine carrier protein
Mitochondrial substrate carrier family protein U
Major facilitator superfamily domain-containing protein 3
Protein McbE
Mitochondrial substrate carrier family protein M
Multidrug resistance protein 3
Multidrug resistance protein 4
Mercuric resistance protein MerC
Mitochondrial substrate carrier family protein Y
Multidrug resistance protein 1
Methionine import ATP-binding protein MetN 2
Maltose excess protein 1-like, chloroplastic
Major facilitator superfamily domain-containing protein 2B
Probable D-methionine transport system permease protein MetI
Major facilitator superfamily domain-containing protein 12
Mitochondrial folate transporter/carrier
Siderophore exporter MmpL4
Probable transport protein MmpL10
Heme uptake protein MmpL11
Probable transport protein MmpL12
Multidrug resistance protein mmr
MIT domain-containing protein 1
Probable phospholipid ABC transporter-binding protein MlaB
Probable phospholipid ABC transporter permease protein MlaE
Probable transport protein MmpL2
Probable transport protein MmpL4
Probable transport protein MmpL6
Probable transport protein MmpL11
Major facilitator superfamily domain-containing protein 10
Probable transport protein MmpL1
Methionine import ATP-binding protein MetN 3
Myo-inositol-binding protein
Probable ribonucleotide transport ATP-binding protein mkl
Siderophore exporter MmpL5
Manganese transport system ATP-binding protein MntA
Manganese transport system ATP-binding protein MntB
Putative molybdenum transport ATP-binding protein ModF
Membrane magnesium transporter 1
Probable transport protein MmpL7
Probable transport protein MmpL9
Macronuclear solute carrier homolog CR-MSC
Molybdenum-pterin-binding protein 1
Multidrug resistance protein Mmr
Protein MON2
Canalicular multispecific organic anion transporter 2
Multidrug resistance-associated protein 5
Putative rhizopine-binding protein
Molybdenum-pterin-binding protein 2
Mitochondrial phosphate carrier protein 2, mitochondrial
Phosphate carrier protein, mitochondrial
Mannose-P-dolichol utilization defect 1 protein homolog 1
Probable molybdenum ABC transporter permease protein HVO_B0370
Mitochondrial phosphate carrier protein 1, mitochondrial
Mannose-P-dolichol utilization defect 1 protein homolog
Mannose-P-dolichol utilization defect 1 protein
Large-conductance mechanosensitive channel
Mitochondrial carrier homolog 1
Molybdenum-pterin-binding protein 3
Probable molybdenum-pterin-binding protein
Canalicular multispecific organic anion transporter 1
Mannose-P-dolichol utilization defect 1 protein homolog 2
Putative lipid II flippase MurJ
Mitochondrial carrier homolog 2
mRNA transport regulator MTR2
Protein GMH1 homolog
Major urinary protein
Major urinary protein 2
Transcriptional regulator MxiE
Bifunctional NAD biosynthesis protein NadR
Nascent polypeptide-associated complex subunit alpha, muscle-specific form
Trifunctional NAD biosynthesis/regulator protein NadR
Nuclear distribution protein nudE homolog 1
NAD(P)H-quinone oxidoreductase subunit H 1
NAD(P)H-quinone oxidoreductase subunit H, chloroplastic
NAD(P)H-quinone oxidoreductase subunit H 2
NAD(P)H-quinone oxidoreductase subunit J, chloroplastic
NAD(P)H-quinone oxidoreductase subunit K 1
NAD(P)H-quinone oxidoreductase subunit K, chloroplastic
NAD(P)H-quinone oxidoreductase subunit L
NAD(P)H-quinone oxidoreductase subunit M
NAD(P)H-quinone oxidoreductase subunit N
NAD(P)H-quinone oxidoreductase subunit O
NAD(P)H-quinone oxidoreductase subunit S, chloroplastic
Unconventional myosin-Ic
Nickel-cobalt-cadmium resistance protein NccN
NAD(P)H-quinone oxidoreductase subunit K 2
NAD(P)H-quinone oxidoreductase subunit M, chloroplastic
NAD(P)H-quinone oxidoreductase subunit N, chloroplastic
Nuclear distribution protein nudE-like 1
NAD(P)H-quinone oxidoreductase subunit H, organellar chromatophore
NAD(P)H-quinone oxidoreductase subunit K
NAD(P)H-quinone oxidoreductase subunit L, chloroplastic
NAD(P)H-quinone oxidoreductase subunit U, chloroplastic
Nuclear distribution protein nudE-like 1-B
Na(+)/H(+) exchange regulatory cofactor NHE-RF3
NAD(P)H-quinone oxidoreductase subunit K, organellar chromatophore
Nicotine metabolites export pump subunit NepA
Protein NUCLEAR FUSION DEFECTIVE 4
ABC transporter NFT1
Non-specific lipid-transfer protein
NAD(P)H-quinone oxidoreductase subunit J, organellar chromatophore
NAD(P)H-quinone oxidoreductase subunit T, chloroplastic
Nicotine metabolites export pump subunit NepB
Bacteriophage N4 adsorption protein B
Non-specific lipid-transfer protein 2
NAD(P)H-quinone oxidoreductase subunit J
NAD(P)H-quinone oxidoreductase subunit O, chloroplastic
Nuclear distribution protein nudE-like 1-A
NAD(P)H-quinone oxidoreductase subunit H
Non-specific lipid-transfer protein-like 1
Non-specific lipid-transfer protein 1
Non-specific lipid-transfer protein P4
Non-specific lipid-transfer protein 15
Nitrate transport protein NrtA
Nisin biosynthesis protein NisB
Putative outer membrane porin protein NmpC
NADH-quinone oxidoreductase subunit 11
NADH-quinone oxidoreductase subunit 14
NADH-quinone oxidoreductase subunit 4
NADH-quinone oxidoreductase subunit 5
NADH-quinone oxidoreductase subunit 7
Probable non-specific lipid-transfer protein
Non-specific lipid-transfer protein 13
Neuronatin
NAD(P)H-quinone oxidoreductase subunit 2 A, chloroplastic
NAD(P)H-quinone oxidoreductase subunit 2 B, chloroplastic
NAD(P)H-quinone oxidoreductase subunit 2, chloroplastic
NAD(P)H-quinone oxidoreductase subunit 3, chloroplastic
NAD(P)H-quinone oxidoreductase subunit 4L, chloroplastic
NAD(P)H-quinone oxidoreductase subunit 4L, organellar chromatophore
Probable non-specific lipid-transfer protein AKCS9
NAD(P)H-quinone oxidoreductase subunit 5, chloroplastic
NAD(P)H-quinone oxidoreductase subunit 6, chloroplastic
NADH-quinone oxidoreductase subunit A 2
Nod factor export ATP-binding protein I
NADH-quinone oxidoreductase chain 5
NAD(P)H-quinone oxidoreductase subunit 6, organellar chromatophore
NADH-quinone oxidoreductase subunit B/C/D
NADH-quinone oxidoreductase subunit A 1
NADH-quinone oxidoreductase subunit B 1
NADH-quinone oxidoreductase subunit B 2
NADH-quinone oxidoreductase subunit C
NADH-quinone oxidoreductase subunit D 1
NADH-quinone oxidoreductase subunit D 2
Putative nitrate transport ATP-binding protein NrtD
Ileal sodium/bile acid cotransporter
NAD(P)H-quinone oxidoreductase subunit 5, organellar chromatophore 2
NADH-quinone oxidoreductase subunit A
NADH-quinone oxidoreductase subunit C/D
NADH-quinone oxidoreductase subunit K
NADH-quinone oxidoreductase subunit N 1
NADH-quinone oxidoreductase subunit N 2
NADH-quinone oxidoreductase subunit N 3
NADH-quinone oxidoreductase subunit C 2
NADH-quinone oxidoreductase subunit K 1
NADH-quinone oxidoreductase subunit K 2
General odorant-binding protein 57a
NAD(P)H-quinone oxidoreductase subunit 3
NAD(P)H-quinone oxidoreductase subunit 3, organellar chromatophore
NAD(P)H-quinone oxidoreductase subunit 5, organellar chromatophore 1
NADH-quinone oxidoreductase subunit C/D 1
Protein oar
Ornithine decarboxylase antizyme 1
General odorant-binding protein 57d
General odorant-binding protein lush
General odorant-binding protein 99a
Odorant-binding protein 1
General odorant-binding protein 69
NADH-quinone oxidoreductase subunit C 1
NADH-quinone oxidoreductase subunit N
General odorant-binding protein 57c
Odorant-binding protein 3
General odorant-binding protein 66
General odorant-binding protein 71
NADH-quinone oxidoreductase subunit B 3
General odorant-binding protein 56d
General odorant-binding protein 57e
General odorant-binding protein 72
Orange carotenoid-binding protein
Carnitine transport permease protein OpuCB
NADH-quinone oxidoreductase subunit C/D 2
General odorant-binding protein 19a
General odorant-binding protein 56a
Odorant-binding protein 2
General odorant-binding protein 70
Peroxisomal carnitine O-octanoyltransferase
Carnitine transport permease protein OpuCD
Osmoprotectant import permease protein OsmY
General odorant-binding protein 57b
Odorant-binding protein 2a
Odorant-binding protein 2b
General odorant-binding protein 68
Antennal odorant-binding protein
General odorant-binding protein
Mitochondrial 2-oxodicarboxylate carrier
Protein OSCP1
Probable ABC transporter ATP-binding protein p29
Putative NADH-quinone oxidoreductase subunit B 2
General odorant-binding protein 67
Mitochondrial ornithine transporter 1
General odorant-binding protein 56h
General odorant-binding protein 99b
General odorant-binding protein 45
P2X purinoceptor 6
P2X purinoceptor 5
Patellin-6
Pheromone-binding protein Gp-9
ABC transport system permease protein p69
Pheromone-binding protein 2
Glycodelin
Pantothenate precursors transporter PanS
Poly  polymerase 4
Patellin-5
Pheromone-binding protein 1
Osmoprotectant import permease protein OsmW
Putative beta-carotene-binding protein
Pleiotropic drug resistance protein 1
Pleiotropic drug resistance protein 3
Patellin-3
Putative permease PerM
Pleiotropic drug resistance protein 2
Putative permease PerM homolog
Putative 2-aminoethylphosphonate transport system permease protein PhnV
Poly-beta-1,6-N-acetyl-D-glucosamine export protein
Putative 2-aminoethylphosphonate-binding periplasmic protein
MOB-like protein phocein
Phosphatidylinositol transfer protein alpha isoform
Phosphatidylinositol transfer protein 4
Protein PecM
Membrane-associated phosphatidylinositol transfer protein 2
Perilipin-3
Putative phosphonates utilization ATP-binding protein PhnK
Phosphatidylinositol transfer protein 1
Mitochondrial substrate carrier family protein Q
Peroxisomal membrane protein PMP47A
Protein PNS1
Photosynthetic NDH subunit of subcomplex B 1, chloroplastic
Photosynthetic NDH subunit of lumenal location 2, chloroplastic
Twitching motility protein
Phosphatidylinositol transfer protein beta isoform
Phosphatidylinositol transfer protein 2
Photosynthetic NDH subunit of subcomplex B 3, chloroplastic
Photosynthetic NDH subunit of lumenal location 4, chloroplastic
Membrane-associated phosphatidylinositol transfer protein 3
Photosynthetic NDH subunit of lumenal location 5, chloroplastic
Spermidine/putrescine transport system permease protein PotB
Spermidine/putrescine transport system permease protein PotC
Spermidine/putrescine transport system permease protein PotC homolog
Phosphatidylinositol transfer protein 3
Photosynthetic NDH subunit of subcomplex B 2, chloroplastic
Photosynthetic NDH subunit of lumenal location 1, chloroplastic
Spermidine/putrescine transport system permease protein PotB homolog
16 kDa phloem protein 1
Coenzyme PQQ synthesis protein B
Protein pns1
Photosynthetic NDH subunit of subcomplex B 4, chloroplastic
Photosynthetic NDH subunit of lumenal location 3, chloroplastic
Photosynthetic NDH subunit of subcomplex B 5, chloroplastic
16 kDa phloem protein 2
Peroxisomal membrane protein PMP47B
Putrescine transport system permease protein PotI
Type IV secretion system protein PtlB
Type IV secretion system protein PtlH homolog
Type IV secretion system protein PtlA
Type IV secretion system protein PtlG
Pumilio homology domain family member 6
Type IV secretion system protein PtlC
Type IV secretion system protein PtlF
Type IV secretion system protein PtlI
Quaternary ammonium compound-resistance protein QacC
Quaternary ammonium compound-resistance protein QacE
Quaternary ammonium compound-resistance protein QacG
RalA-binding protein 1
Quaternary ammonium compound-resistance protein QacF
Queuosine precursor transporter QueT
Riboflavin-binding protein
Quaternary ammonium compound-resistance protein QacH
Recombination protein 2
Ribosome-associated ATPase
Retinol-binding protein 3
Putative O-antigen transporter
Putative O-antigen export protein
Remorin
Protein real-time
Riboflavin transporter 2
Rab11 family-interacting protein 4
Riboflavin transporter
Translation initiation factor rli1
Electron transport complex subunit RnfD
Regulator of rDNA transcription protein 6
Electron transport complex subunit RsxD
Solute carrier family 12 member 4
Solute carrier family 12 member 1
Solute carrier family 12 member 2
Solute carrier family 25 member 34
Solute carrier family 25 member 35
Solute carrier family 25 member 39
Solute carrier family 25 member 51
Solute carrier family 35 member B1
Solute carrier family 35 member F1
Solute carrier family 35 member F4
Solute carrier family 35 member F6
Solute carrier family 52, riboflavin transporter, member 3-B
Solute carrier family 25 member 46-A
Solute carrier family 25 member 46
Solute carrier family 25 member 48
Solute carrier family 25 member 52
Solute carrier family 52, riboflavin transporter, member 3
Regulatory solute carrier protein family 1 member 1
Solute carrier family 12 member 5
Solute carrier family 13 member 2
Solute carrier family 35 member F2
Solute carrier family 35 member F5
Solute carrier family 45 member 4
Electrogenic sodium bicarbonate cotransporter 1
Sodium/glucose cotransporter 2
Sodium- and chloride-dependent taurine transporter
Sodium- and chloride-dependent glycine transporter 1
Sodium-dependent phosphate transporter 1
UDP-galactose translocator
Sodium- and chloride-dependent betaine transporter
S-adenosylmethionine/S-adenosylhomocysteine transporter
Sodium- and chloride-dependent GABA transporter 1
Sodium- and chloride-dependent creatine transporter 1
Sodium-dependent noradrenaline transporter
Sodium- and chloride-dependent glycine transporter 2
SEC14-like protein 1
SEC14-like protein 5
Solute carrier family 15 member 1
Solute carrier family 15 member 2
Solute carrier family 25 member 53
Solute carrier family 12 member 7
Solute carrier family 52, riboflavin transporter, member 3-A
Solute carrier family 25 member 46-B
Sodium/myo-inositol cotransporter
Sodium/iodide cotransporter
Sodium-dependent proline transporter
Fatty acid-binding protein
Sodium/hydrogen exchanger 6
Biogenesis of lysosome-related organelles complex 1 subunit SNN1
Sodium/hydrogen exchanger 5
Subtilin biosynthesis protein SpaB
Sulfite efflux pump SSU1
Putative aliphatic sulfonates-binding protein
Sorcin
Double-stranded RNA-binding protein Staufen homolog 2
Quaternary ammonium compound-resistance protein SugE
Sortilin
Protein SphX
Vegetative protein 296
Cysteine desulfuration protein SufE
Putative aliphatic sulfonates transport permease protein SsuC
Probable ATP-dependent transporter SufC
Trehalose transport system permease protein SugB
TonB-dependent receptor SusC
Transmembrane protein 106B
TRPM8 channel-associated factor 1
Serine protease/ABC transporter B family protein tagA
TRPM8 channel-associated factor 2
T-complex protein 1 subunit theta-like 2
Ectoine-binding periplasmic protein TeaA
Serine protease/ABC transporter B family protein tagD
Treacle protein
Ectoine TRAP transporter large permease protein TeaC
Transitional endoplasmic reticulum ATPase
Serine protease/ABC transporter B family protein tagB
Serine protease/ABC transporter B family protein tagC
Tctex1 domain-containing protein 3
Formylaminopyrimidine-binding protein
Ectoine TRAP transporter small permease protein TeaB
Formylaminopyrimidine transport permease protein ThiX
Transmembrane emp24 domain-containing protein 11
Transmembrane emp24 domain-containing protein eca
Transmembrane protein 9
Protein TMED8
Transmembrane emp24 domain-containing protein bai
Formylaminopyrimidine import ATP-binding protein ThiZ
Transmembrane emp24 domain-containing protein 6
Membrane lipoprotein TmpC
AI-2 transport protein TqsA
Probable conjugal transfer protein TrbB
Transmembrane 9 superfamily member 2
Protein TolB
Tylosin resistance ATP-binding protein TlrC
Periplasmic protein TorT
Putative HC-toxin efflux carrier TOXA
Protein TonB
Trafficking protein particle complex II-specific subunit 120 homolog
Trafficking protein particle complex II-specific subunit 130 homolog
Conjugal transfer protein TrbB
Transient receptor potential cation channel subfamily V member 1
Group 3 truncated hemoglobin ctb
Transient receptor potential cation channel subfamily V member 2
Transthyretin
Translocator protein homolog
Protein TsgA
Tryptophan-rich protein TspO
Ubiquitin-like protein 4A-A
Probable inner membrane transporter protein TsaS
Translocator protein 2
Ubiquitin-like protein 4A
Brain mitochondrial carrier protein 1
Mitochondrial uncoupling protein 2
Sulfurtransferase TusA
sn-glycerol-3-phosphate transport system permease protein UgpA
Protein unc-50
Tryptophan-rich sensory protein
Pleiotropic drug resistance protein TUR2
Sulfurtransferase TusE
Ectoine/5-hydroxyectoine-binding periplasmic protein UehA
Sulfurtransferase TusD
Putative tricarboxylate transport protein, mitochondrial
Ubiquitin-like protein 4A-B
Protein unc-50 homolog
ABC transporter ATP-binding protein uup-1
Urease accessory protein UreH
Acid-activated urea channel
ABC transporter ATP-binding protein uup-2
V-type proton ATPase catalytic subunit A
ABC transporter ATP-binding protein uup
Von Ebner gland protein 1
Type IV secretion system protein virB4
Type IV secretion system protein VirB11
Vomeromodulin
Lipid transfer-like protein VAS
Von Ebner gland protein 2
Vacuolar protein sorting-associated protein 73
Type IV secretion system protein virB2
Protein white
Type IV secretion system protein virB3
Type IV secretion system protein virB10
Protein VirB11
WAT1-related protein At2g39510
WAT1-related protein At3g28050
WAT1-related protein At3g28080
WAT1-related protein At3g30340
WAT1-related protein At4g16620
WAT1-related protein At5g40210
Lipid III flippase
Exportin-T
Type IV secretion system protein virB9
Molybdate/tungstate transport system permease protein WtpB
Molybdate/tungstate import ATP-binding protein WtpC
WAT1-related protein At2g37450
WAT1-related protein At2g40900
WAT1-related protein At1g01070
WAT1-related protein At3g45870
WAT1-related protein At4g01450
WAT1-related protein At4g30420
Vomeronasal secretory protein 1
Cytolysin secretion protein
WAT1-related protein At1g70260
WAT1-related protein At3g28060
WAT1-related protein At3g28070
WAT1-related protein At3g53210
WAT1-related protein At4g01440
WAT1-related protein At5g07050
WAT1-related protein At5g45370
WAT1-related protein At1g11460
WAT1-related protein At1g60050
Probable ABC transporter permease protein RT0041
Probable metal transport system ATP-binding protein CT_068
Putative ABC transporter ATP-binding protein lp_0100
Putative peptide transport system permease protein BRA1093/BS1330_II1085
Vomeronasal secretory protein 2
Putative white-brown complex homolog protein 30
WAT1-related protein At3g56620
WAT1-related protein At1g09380
WAT1-related protein At4g28040
WAT1-related protein At5g64700
Lipopolysaccharide biosynthesis protein WzxC
Putative ABC transporter ATP-binding protein PF0068
Probable ABC transporter permease protein RP096
WAT1-related protein At1g11450
Probable metal transport system ATP-binding protein TP_0035
Probable ATP-dependent transporter slr0075
Probable ABC transporter permease protein slr1045
Putative peptide transport system permease protein BAB2_1051
Probable ABC transporter permease protein HI_1086
Probable TonB-dependent receptor NMB1497
WAT1-related protein At5g40230
WAT1-related protein At5g47470
WAT1-related protein At1g25270
UPF0678 fatty acid-binding protein-like protein ML1006
Putative ABC transporter ATP-binding protein DVU_1056
Probable TonB-dependent receptor HI_1217
Probable metal transport system ATP-binding protein TM_0124
Probable ABC transporter permease protein MG188 homolog
Putative uncharacterized protein HI_1475
UPF0678 fatty acid-binding protein-like protein Mflv_1642
UPF0678 fatty acid-binding protein-like protein Mlut_17400
Probable ABC transporter permease protein MG189
UPF0678 fatty acid-binding protein-like protein DIP1915
Putative ABC transporter ATP-binding protein SSO2030
WAT1-related protein At1g68170
WAT1-related protein At2g37460
WAT1-related protein At3g28130
WAT1-related protein At4g01430
WAT1-related protein At4g15540
WAT1-related protein At5g13670
WAT1-related protein At1g43650
Putative TRAP transporter small permease protein HI_0051
Putative TRAP transporter large permease protein HI_1029
Putative ABC transporter ATP-binding protein MM_1038
Probable ABC transporter permease protein PH1215
Probable ABC transporter permease protein RBE_1340
Probable ABC transporter permease protein MG189 homolog
Putative ABC transporter ATP-binding protein SSO1893
Putative ABC transporter ATP-binding protein TTE0246
General secretion pathway protein N
Putative ABC transporter ATP-binding protein BL0043
Putative ABC transporter ATP-binding protein MG065
Putative TRAP transporter small permease protein HI_1030
DUF21 domain-containing protein At1g55930, chloroplastic
Putative ABC transporter ATP-binding protein MJ1572
UPF0678 fatty acid-binding protein-like protein cu1611
Putative ABC transporter ATP-binding protein MG187
UPF0678 fatty acid-binding protein-like protein MMAR_1995
Putative ABC transporter ATP-binding protein TDE_2132
Putative ABC transporter ATP-binding protein DR_2469
UPF0678 fatty acid-binding protein-like protein CMM_2499
UPF0678 fatty acid-binding protein-like protein Cgl2579/cg2850
Probable ABC transporter ATP-binding protein spyM18_0273
UPF0678 fatty acid-binding protein-like protein Tfu_2872
UPF0678 fatty acid-binding protein-like protein Arth_3010
Putative ABC transporter ATP-binding protein BT9727_3105
Putative binding protein BMEII0109
Putative ABC transporter ATP-binding protein MG065 homolog
Putative peptide transport system permease protein BruAb2_1031
Putative peptide transport system permease protein BRA1092/BS1330_II1084
Putative ABC transporter ATP-binding protein STK_11360
Probable ABC transporter permease protein PH1216
Putative ABC transporter ATP-binding protein BR1368/BS1330_I1363
Putative ABC transporter ATP-binding protein MA_1418
Putative ABC transporter ATP-binding protein MM_1996
Putative peptide transport system permease protein BMEII0207/BMEII0208
Putative ABC transporter ATP-binding protein SCO2324
Putative ABC transporter ATP-binding protein MM_2387
UPF0678 fatty acid-binding protein-like protein Achl_2721
Putative ABC transporter ATP-binding protein BH02760
Probable ABC transporter permease protein BMEII0107
UPF0678 fatty acid-binding protein-like protein Bcav_3416
Putative ATP-binding protein BruAb2_1123
Putative ABC transporter ATP-binding protein sll0385
Putative TRAP transporter large permease protein HI_0050
Probable ABC transporter permease protein RF_0080
Putative peptide transport system permease protein BruAb2_1032
Putative ABC transporter ATP-binding protein MM_1037
Probable ABC transporter permease protein PH1038
Putative peptide transport system permease protein BAB2_1050
Putative ABC transporter ATP-binding protein MG187 homolog
Putative ABC transporter ATP-binding protein BruAb1_1365
UPF0678 fatty acid-binding protein-like protein SAV_1365
Putative ABC transporter ATP-binding protein BAB1_1388
Putative ABC transporter ATP-binding protein MA_1747
Putative ABC transporter ATP-binding protein MK0182
Probable ABC transporter ATP-binding protein SPs0214
UPF0678 fatty acid-binding protein-like protein BCG_2730c
UPF0678 fatty acid-binding protein-like protein MRA_2745
Probable ABC transporter ATP-binding protein SPy_0285/M5005_Spy0242
UPF0678 fatty acid-binding protein-like protein AAur_2983
UPF0678 fatty acid-binding protein-like protein MUL_3360
Putative binding protein BruAb2_1122
UPF0678 fatty acid-binding protein-like protein PPA0347
Putative metal transport protein HQ_3622A
Putative conjugal transfer protein Rv3659c
Putative ABC transporter ATP-binding protein plu3849
Probable metal transport system ATP-binding protein CT_416
UPF0678 fatty acid-binding protein-like protein SCO4179
UPF0678 fatty acid-binding protein-like protein Mkms_4620
Probable ABC transporter permease protein y4oR
Probable ABC transporter permease protein RC0129
Putative ABC transporter ATP-binding protein TTE1589
Putative ABC transporter ATP-binding protein PH1815
Putative ABC transporter ATP-binding protein AF_1841
Probable ABC transporter permease protein MG188
Putative ABC transporter ATP-binding protein tll2439
Probable ABC transporter permease protein BAB2_0490
Putative DUF21 domain-containing protein At3g13070, chloroplastic
UPF0678 fatty acid-binding protein-like protein MAP_0643c
Putative mitochondrial carrier protein TRV_02148.2
Putative ABC transporter ATP-binding protein VNG_2317G
Putative ABC transporter ATP-binding protein BQ02700
Putative ABC transporter ATP-binding protein TDE_0282
UPF0678 fatty acid-binding protein-like protein MAP_2833c
Putative ABC transporter ATP-binding protein MG304
Probable metal transport system ATP-binding protein TC_0339
Probable ABC transporter permease protein BruAb2_1124
Putative conjugal transfer protein MT3759
Probable ABC transporter permease protein BRA0749/BS1330_II0742
UPF0678 fatty acid-binding protein-like protein Noca_4252
Putative ABC transporter ATP-binding protein MG304 homolog
Putative ABC transporter ATP-binding protein MA_4342
Putative ABC transporter ATP-binding protein MG468.1
UPF0678 fatty acid-binding protein-like protein Mvan_5105
Putative ABC transporter ATP-binding protein SAV_5847
UPF0678 fatty acid-binding protein-like protein Mb0836c
UPF0678 fatty acid-binding protein-like protein Lxx18350
UPF0678 fatty acid-binding protein-like protein At1g79260
Probable ABC transporter ATP-binding protein SpyM3_0208
UPF0678 fatty acid-binding protein-like protein ML2200
UPF0678 fatty acid-binding protein-like protein MT2790
UPF0678 fatty acid-binding protein-like protein Rv2717c
Probable ABC transporter permease protein BruAb2_0483
UPF0678 fatty acid-binding protein-like protein MAV_3611
Putative ATP-binding protein BAB2_1147
Putative ABC transporter ATP-binding protein PYRAB03730
UPF0678 fatty acid-binding protein-like protein SAV_4030
UPF0678 fatty acid-binding protein-like protein NFA_41140
Putative binding protein BRA1186/BS1330_II1177
Probable ABC transporter permease protein BRA1188/BS1330_II1179
UPF0678 fatty acid-binding protein-like protein Mmcs_0421
UPF0678 fatty acid-binding protein-like protein Mvan_0449
Probable ABC transporter permease protein y4fN
Probable metal transport system ATP-binding protein CPn_0542/CP_0210/CPj0542/CpB0563
UPF0678 fatty acid-binding protein-like protein Rv0813c
UPF0678 fatty acid-binding protein-like protein MRA_0823
UPF0678 fatty acid-binding protein-like protein RSal33209_0970
Putative peptide transport system permease protein BMEII0209
UPF0678 fatty acid-binding protein-like protein CE2471
UPF0678 fatty acid-binding protein-like protein cgR_2482
Putative ABC transporter ATP-binding protein BA_2641/GBAA_2641/BAS2461
UPF0678 fatty acid-binding protein-like protein Mb2736c
Putative ABC transporter ATP-binding protein MM_3016
UPF0678 fatty acid-binding protein-like protein Mflv_0302
Putative ABC transporter ATP-binding protein MG303
Putative ABC transporter ATP-binding protein MPN_334
Probable ABC transporter permease protein HI_0355
Putative binding protein BAB2_1146
Probable ABC transporter permease protein BAB2_1148
UPF0678 fatty acid-binding protein-like protein jk0374
UPF0678 fatty acid-binding protein-like protein SGR_3970
Putative ABC transporter ATP-binding protein MG303 homolog
Putative ABC transporter ATP-binding protein MG467
UPF0678 fatty acid-binding protein-like protein RHA1_ro04852
UPF0678 fatty acid-binding protein-like protein MMAR_4871
Probable ABC transporter periplasmic-binding protein y4fP
UPF0678 fatty acid-binding protein-like protein MSMEG_6574/MSMEI_6396
Probable metal transport system ATP-binding protein TC_0697
Putative ABC transporter ATP-binding protein CA_C0773
Probable TonB-dependent receptor NMB0964
Inner membrane transport permease YadH
Inner membrane transport permease YbhR
Inner membrane transport permease YbhS
UPF0678 fatty acid-binding protein-like protein CMS2734
Probable ABC transporter ATP-binding protein M6_Spy0273
Putative ABC transporter ATP-binding protein gll0289
Putative ATP-binding protein BMEII0108
UPF0678 fatty acid-binding protein-like protein Strop_0310
Putative ABC transporter ATP-binding protein BCE_3323
Putative ABC transporter ATP-binding protein BA_3364/GBAA_3364/BAS3118
UPF0678 fatty acid-binding protein-like protein Sare_0373
Putative ABC transporter ATP-binding protein MA_4021
Putative ABC transporter permease protein MJ0413
UPF0678 fatty acid-binding protein-like protein SGR_442
UPF0678 fatty acid-binding protein-like protein Francci3_0452
UPF0678 fatty acid-binding protein-like protein Mjls_4916
Putative ABC transporter ATP-binding protein OB0804
UPF0678 fatty acid-binding protein-like protein FRAAL0948
Carnitine O-acetyltransferase YAT2
Inner membrane ABC transporter permease protein YdcV
Probable metal transport system ATP-binding protein CPn_0348/CP_0412/CPj0348/CpB0355
UPF0678 fatty acid-binding protein-like protein Mjls_0408
Putative ATP-binding protein BRA1187/BS1330_II1178
UPF0678 fatty acid-binding protein-like protein Mmcs_4533
Probable ABC transporter permease protein y4oQ
UPF0678 fatty acid-binding protein-like protein RHA1_ro05653
UPF0678 fatty acid-binding protein-like protein KRH_05750
UPF0678 fatty acid-binding protein-like protein MSMEG_5792/MSMEI_5639
Putative ABC transporter ATP-binding protein MG467 homolog
UPF0678 fatty acid-binding protein-like protein SACE_7110
Inner membrane transport protein YajR
Putative transport permease ycf38
Probable ABC transporter permease protein ycf63
Inner membrane ABC transporter permease protein YcjO
UPF0678 fatty acid-binding protein-like protein MUL_0429
Putative ABC transporter ATP-binding protein PF0528
UPF0678 fatty acid-binding protein-like protein NFA_5910
UPF0678 fatty acid-binding protein-like protein Franean1_6164
Putative ABC transporter ATP-binding protein MG468.1 homolog
UPF0678 fatty acid-binding protein-like protein MAB_0732c
UPF0678 fatty acid-binding protein-like protein MAV_0753
UPF0678 fatty acid-binding protein-like protein MT0834
UPF0678 fatty acid-binding protein-like protein BCG_0865c
Putative ABC transporter ATP-binding protein TDE_0906
ABC transporter-like protein ECU11_1340
Inner membrane ABC transporter permease protein YdcU
Putative ABC transporter ATP-binding protein CTC_00753
Putative ABC transporter ATP-binding protein MA_0870
Inner membrane ABC transporter permease protein YejB
Putative transport permease YfiM
Putative ABC transporter substrate-binding lipoprotein YhfQ
Probable ABC transporter permease protein PH1036
UPF0678 fatty acid-binding protein-like protein Krad_0882
Inner membrane protein YbjJ
Inner membrane transport protein YdiM
Probable ABC transporter permease protein YesQ
Putative anionic 4-hydroxy-benzoate permease
Inner membrane ABC transporter permease protein YcjP
Probable cystine transporter YijE
ABC transporter periplasmic-binding protein YphF
Probable metabolite transport protein YBR241C
Probable ABC transporter ATP-binding protein in ycf23-apcF intergenic region
Putative permease-like protein YdzE
Putative transport permease YfiN
Inner membrane transport protein YhaO
Multidrug resistance protein YkkD
Putative HMP/thiamine import ATP-binding protein YkoD
Putative ABC transporter permease protein ORF1
Putative metabolite transport protein YDL199C
Probable metabolite transport protein YDR387C
Probable ABC transporter permease protein YesP
Inner membrane transport permease YhhJ
Multidrug resistance protein YkkC
Y+L amino acid transporter 2
Putative ABC transporter permease protein ORF2
Inner membrane protein YeeA
Putative spore germination protein YfkT
Putative magnesium transporter YhiD
Inner membrane ABC transporter permease protein YnjC
CRAL-TRIO domain-containing protein C34C12.6
Putative amino acid transporter YuiF
ABC transporter permease protein YxdM
Probable peptide export ATP-binding protein YydI
Putative ABC transporter ATP-binding protein YjkB
Putative uncharacterized protein YKR104W
Putative HMP/thiamine permease protein YkoC
Putative HMP/thiamine-binding protein YkoF
Probable ABC transporter permease YtrC
Probable ABC transporter permease protein YurN
Putative transport permease YvfS
ABC transporter ATP-binding protein YxdL
Zinc uptake system ATP-binding protein ZurA
Putative HMP/thiamine permease protein YkoE
Y+L amino acid transporter 1
Probable ABC transporter permease protein YurM
Putative uncharacterized protein YoeA
Probable ABC transporter permease protein YtcP
ABC transporter ATP-binding protein YtrB
Probable ABC transporter permease YtrD
ABC transporter ATP-binding protein YtrE
