Boigatoxin-A
U1-ctenitoxin-Asp1a
Toxin S6C6
Conotoxin CcTx
Delta-conotoxin-like CnVID
Omega-conotoxin-like S6.7
Delta-conotoxin-like CnVIB
Epsilon-conotoxin TxVA
Omega-conotoxin-like Vn2
Omega-conotoxin Cl16a
Beta-bungarotoxin B chain-like
Alpha-latrotoxin-Lm1a
Alpha-latrotoxin-Lt1a
Alpha-latrocrustotoxin-Lt1a
Alpha-latrotoxin-Lh1a
Alpha-latroinsectotoxin-Lh1a
Alpha-latrotoxin-Lhe1a
Alpha-latroinsectotoxin-Lt1a
Delta-latroinsectotoxin-Lh1a
Delta-latroinsectotoxin-Lt1a
Phospholipase A2 homolog P-elapitoxin-Aa1a gamma chain
Orientotoxin-1
Beta-pompilidotoxin
Alpha-pompilidotoxin
Poneratoxin
Tertiapin
Omega-agatoxin-Aa1b
Omega-agatoxin-Aa3b
Omega-agatoxin-1A
Omega-agatoxin-Aa3a
Omega-agatoxin-Aa3c
Omega-agatoxin-Aa2a
U10-agatoxin-Ao1a
U2-lycotoxin-Ls1d
U2-lycotoxin-Ls1a
U2-agatoxin-Aop1a
Delta/omega-plectoxin-Pt1a
U2-lycotoxin-Ls1c
Delta-ctenitoxin-Pn1a
Mu-diguetoxin-Dc1c
Mu-diguetoxin-Dc1a
Omega-plectoxin-Pt1a
Mu-diguetoxin-Dc1b
U2-lycotoxin-Ls1e
U2-lycotoxin-Ls1b
Kunitz-type serine protease inhibitor homolog T1-1 B chain
Kunitz-type serine protease inhibitor homolog T1-2 B chain
Kunitz-type serine protease inhibitor homolog T2 B chain
