Probable cysteine proteinase A494
Actinidain
Ananain
Fruit bromelain
Putative inactive cathepsin L-like protein CTSL3P
Stem bromelain
Putative cathepsin-like enzyme
Viral cathepsin
Calotropin-DI
Cathepsin W
Cathepsin K
Cathepsin L-like
Clostripain
Zingipain-1
Histolysain
Zingipain-2
Cysteine proteinase 1
Cathepsin B-like cysteine proteinase 1
Cysteine proteinase EP-B 2
Cathepsin B-like cysteine proteinase 3
Cysteine proteinase 15A
Digestive cysteine proteinase 1
Digestive cysteine proteinase 2
Cysteine proteinase 3
Trophozoite cysteine proteinase
Cysteine proteinase
D-gamma-glutamyl-meso-diaminopimelic acid endopeptidase CwlS
Cathepsin B-like cysteine proteinase
Cysteine proteinase COT44
Cysteine proteinase 2
Cathepsin B-like cysteine proteinase 2
Digestive cysteine proteinase 3
Cysteine proteinase 4
Low-temperature-induced cysteine proteinase
Cysteine proteinase EP-B 1
Protease ElaD
Germination-specific cysteine protease 1
GPI-anchor transamidase
Hemoglobinase-like protein 2
Hemoglobinase-like protein 1
29 kDa hemocyte proteinase
Karatasin
Legumain
Cysteine proteinase A
Metacaspase-9
Murein DD-endopeptidase MepS/Murein LD-carboxypeptidase
Macrodontain-2
Chymomexicain
Cysteine protease Nivulian-2
Oryzain gamma chain
OTU domain-containing protein 6B
Oryzain beta chain
Probable endopeptidase p60
Calpain-like protease palB/RIM13
Caricain
Papaya proteinase 4
Chymopapain
Philibertain g 1
Thiol protease/hemagglutinin PrtT
Peptidoglycan endopeptidase RipB
Sentrin-specific protease 8
Probable sentrin-specific protease 8
Silicatein
Thaumatopain
Probable Ufm1-specific protease
Putative ubiquitin-like-specific protease 1B
Putative ubiquitin thioesterase 232R
Vacuolar-processing enzyme
OTU domain-containing protein DDB_G0284757
Probable endopeptidase MT2245
Probable endopeptidase Mb2213c
Putative cysteine protease YwpE
Gamma-D-glutamyl-L-lysine endopeptidase
