Isocitrate lyase 1
Isocitrate lyase 2
Isocitrate dehydrogenase kinase/phosphatase
Isocitrate lyase
Aconitate hydratase A
Aconitate hydratase B
Cytoplasmic aconitate hydratase
Aconitate hydratase, mitochondrial
Probable aconitate hydratase, mitochondrial
Aspartate aminotransferase, cytoplasmic
Putative aconitate hydratase, mitochondrial
Aconitate hydratase 3, mitochondrial
Homocitrate dehydratase, mitochondrial
Malate synthase
Isocitrate dehydrogenase kinase/phosphatase 1
Isocitrate dehydrogenase kinase/phosphatase 2
Probable cytoplasmic aconitate hydratase
Aspartate ammonia-lyase
Succinate dehydrogenase cytochrome b560 subunit
Succinate dehydrogenase cytochrome b560 subunit, mitochondrial
Phosphoenolpyruvate carboxylase
Phosphoenolpyruvate carboxylase 1
Phosphoenolpyruvate carboxylase, housekeeping isozyme
Phosphoenolpyruvate carboxylase 2
Phosphoenolpyruvate carboxylase 3
C4 phosphoenolpyruvate carboxylase
Phosphoenolpyruvate carboxylase 4
Putative citrate synthase 2
Citrate synthase 3, mitochondrial
Citrate synthase, mitochondrial
Citrate synthase 1, peroxisomal
Citrate synthase 5, mitochondrial
Probable citrate synthase, mitochondrial
Probable citrate synthase 1, mitochondrial
Citrate synthase 1
Citrate synthase
Citrate synthase, plasmid
Citrate synthase 3, peroxisomal
Citrate synthase, chromosomal
Probable citrate synthase 2, mitochondrial
Citrate synthase 2
Citrate synthase 2, peroxisomal
Citrate synthase, peroxisomal
Citrate synthase, glyoxysomal
Succinate dehydrogenase cytochrome b556 subunit
Succinate dehydrogenase hydrophobic membrane anchor subunit
Succinate dehydrogenase membrane anchor subunit
Probable 2-oxoglutarate dehydrogenase E1 component DHKTD1 homolog, mitochondrial
Dihydrolipoyl dehydrogenase
Probable 2-oxoglutarate dehydrogenase E1 component DHKTD1, mitochondrial
Dihydrolipoyl dehydrogenase, mitochondrial
Succinate dehydrogenase cytochrome b558 subunit
Protein FdrA
Fumarate hydratase class I, aerobic
Fumarate reductase iron-sulfur subunit
Fumarate reductase cytochrome b subunit
Fumarate hydratase class I, anaerobic
Succinate-semialdehyde dehydrogenase
Succinate-semialdehyde dehydrogenase  1
Putative fumarate hydratase class I
Putative succinate-semialdehyde dehydrogenase  2
Bifunctional glyoxylate cycle protein
Histone deacetylase Rpd3
Isocitrate dehydrogenase  subunit 1, mitochondrial
Isocitrate dehydrogenase  peroxisomal
Isocitrate dehydrogenase  subunit alpha, mitochondrial
Isocitrate dehydrogenase  subunit beta, mitochondrial
Isocitrate dehydrogenase  subunit gamma, mitochondrial
Isocitrate dehydrogenase  catalytic subunit 6, mitochondrial
Isocitrate dehydrogenase  cytoplasmic
Isocitrate dehydrogenase  subunit gamma 1, mitochondrial
Isocitrate dehydrogenase , chloroplastic
Isocitrate dehydrogenase , mitochondrial
Peroxisomal isocitrate dehydrogenase
Isocitrate dehydrogenase
Probable isocitrate dehydrogenase , mitochondrial
Isocitrate dehydrogenase  regulatory subunit 2, mitochondrial
Isocitrate dehydrogenase  1
Isocitrate dehydrogenase  2
Isocitrate dehydrogenase  subunit 2, mitochondrial
Probable isocitrate dehydrogenase  subunit alpha, mitochondrial
Isocitrate dehydrogenase  regulatory subunit B, mitochondrial
Isocitrate dehydrogenase , chloroplastic/mitochondrial
Cytosolic isocitrate dehydrogenase
Isocitrate dehydrogenase  regulatory subunit A, mitochondrial
Probable isocitrate dehydrogenase  gamma 2, mitochondrial
Probable isocitrate dehydrogenase  subunit beta, mitochondrial
Isocitrate dehydrogenase  regulatory subunit 3, mitochondrial
Multifunctional 2-oxoglutarate metabolism enzyme
2-oxoglutarate oxidoreductase subunit KorB
2-oxoglutarate oxidoreductase subunit KorA
3-isopropylmalate dehydrogenase, chloroplastic
Malate synthase, glyoxysomal
Malate synthase G
Malate synthase A
Malate synthase 1, glyoxysomal
Putative malate dehydrogenase 1B
Malate dehydrogenase 1
Probable malate dehydrogenase 2, mitochondrial
Malate dehydrogenase, cytoplasmic
Malate dehydrogenase 2, glyoxysomal
Malate synthase 2, glyoxysomal
Malate dehydrogenase 2
Probable malate dehydrogenase 3
Malate dehydrogenase, glyoxysomal
Malate dehydrogenase, mitochondrial
Malate synthase G 1
Malate dehydrogenase 1, glyoxysomal
Malate dehydrogenase, peroxisomal
NAD-dependent malic enzyme
Malate dehydrogenase 1, mitochondrial
Probable malate dehydrogenase
Malate dehydrogenase
Malate/(S)-sulfolactate dehydrogenase
Probable malate dehydrogenase, mitochondrial
Malate synthase G 2
Probable malate dehydrogenase 1
Malate dehydrogenase, cytoplasmic 2
Probable malate dehydrogenase, glyoxysomal
Malate dehydrogenase 2, mitochondrial
2-methylcitrate synthase
Probable malate:quinone oxidoreductase 1
Probable malate:quinone oxidoreductase 2
Probable malate:quinone oxidoreductase 3
Malate:quinone oxidoreductase
Probable malate:quinone oxidoreductase
Probable malate:quinone oxidoreductase 4
Malate--CoA ligase subunit beta
Probable malate--CoA ligase subunit beta
NAD(P) transhydrogenase, mitochondrial
2-oxoglutarate dehydrogenase E1 component
Dihydrolipoyllysine-residue succinyltransferase component of 2-oxoglutarate dehydrogenase complex
Dihydrolipoyllysine-residue succinyltransferase component of 2-oxoglutarate dehydrogenase complex, mitochondrial
Pyruvate dehydrogenase E1 component subunit alpha, testis-specific form, mitochondrial
Pyruvate dehydrogenase E1 component subunit alpha, somatic form, mitochondrial
Pyruvate dehydrogenase E1 component subunit beta, mitochondrial
Dihydrolipoamide-residue succinyltransferase component of 2-oxoglutarate dehydrogenase complex
2-oxoglutarate dehydrogenase, mitochondrial
2-oxoglutarate dehydrogenase-like, mitochondrial
Probable dihydrolipoyllysine-residue succinyltransferase component of 2-oxoglutarate dehydrogenase complex, mitochondrial
Pyruvate dehydrogenase E1 component subunit alpha, mitochondrial
Pyruvate dehydrogenase E1 component subunit alpha type II, mitochondrial
Oxoglutarate dehydrogenase
Dihydrolipoyllysine-residue acetyltransferase component of pyruvate dehydrogenase complex
Dihydrolipoyllysine-residue acetyltransferase component of pyruvate dehydrogenase complex, mitochondrial
Pyruvate dehydrogenase E1 component subunit alpha, somatic form
2-oxoglutarate dehydrogenase E1/E2 component
Pyruvate dehydrogenase E1 component subunit alpha type I, mitochondrial
Fumarate reductase
2-methylcitrate dehydratase
2-methylcitrate synthase, mitochondrial
2-methylcitrate dehydratase 2
2-methylcitrate synthase 2
2-methylcitrate synthase 1
37S ribosomal protein YMR-31, mitochondrial
Succinate dehydrogenase subunit 3-2, mitochondrial
Succinate dehydrogenase subunit 4, mitochondrial
Succinate dehydrogenase  cytochrome b subunit, mitochondrial
Succinate dehydrogenase  flavoprotein subunit 1, mitochondrial
Succinate dehydrogenase  flavoprotein subunit, mitochondrial
Succinate dehydrogenase flavoprotein subunit
Succinate dehydrogenase iron-sulfur subunit
Succinate dehydrogenase  iron-sulfur subunit
Succinate dehydrogenase  iron-sulfur subunit, mitochondrial
Succinate dehydrogenase  flavoprotein subunit 2, mitochondrial
Succinate dehydrogenase subunit 8, mitochondrial
Succinate dehydrogenase subunit 7A, mitochondrial
Succinate dehydrogenase assembly factor 2, mitochondrial
Succinate dehydrogenase subunit 3-1, mitochondrial
Succinate dehydrogenase subunit 7, mitochondrial
Succinate dehydrogenase  flavoprotein subunit B, mitochondrial
Succinate dehydrogenase subunit 8B, mitochondrial
Succinate dehydrogenase subunit 7B, mitochondrial
Succinate dehydrogenase  iron-sulfur subunit 1, mitochondrial
Succinate dehydrogenase  iron-sulfur subunit 2, mitochondrial
Succinate dehydrogenase subunit 8A, mitochondrial
Succinate dehydrogenase 2 membrane subunit SdhC
Succinate dehydrogenase cytochrome B subunit, mitochondrial
Mitochondrial inner membrane protein SHH3
Succinate dehydrogenase subunit 5, mitochondrial
Succinate dehydrogenase  flavoprotein subunit A, mitochondrial
Probable succinate dehydrogenase  flavoprotein subunit, mitochondrial
Succinate dehydrogenase  iron-sulfur subunit 3, mitochondrial
Mitochondrial inner membrane protein SHH4
Tyrosine-protein kinase Src42A
Succinyl-CoA ligase  subunit alpha, mitochondrial
Succinyl-CoA ligase  subunit beta, mitochondrial
Succinyl-CoA ligase  subunit beta, hydrogenosomal
Succinyl-CoA ligase  subunit alpha
Succinyl-CoA ligase  subunit alpha-1, mitochondrial
Succinyl-CoA ligase  subunit alpha-2, mitochondrial
Succinyl-CoA ligase subunit alpha, mitochondrial
Probable succinyl-CoA ligase  subunit beta, mitochondrial
Probable succinyl-CoA ligase  subunit alpha, mitochondrial
Succinyl-CoA ligase  subunit beta-1
Succinyl-CoA ligase  subunit alpha 1
Succinyl-CoA ligase  subunit beta
Succinyl-CoA ligase  subunit beta-2
Succinyl-CoA ligase  subunit alpha-3, mitochondrial
Succinyl-CoA ligase  subunit alpha 2
Mitochondrial import inner membrane translocase subunit TIM18
