Actin filament-associated protein 1
Cadherin-2
Cadherin-2B
Cadherin-2A
Connector enhancer of kinase suppressor of ras 2
Early E3B 12.7 kDa protein
Early E3B 14.5 kDa protein
Early 3 receptor internalization and degradation beta protein
Early E3B 14.9 kDa protein
Early E3B 14.6 kDa protein
Protein GLC8
Putative protein phosphatase inhibitor 2-like protein 1
Protein phosphatase inhibitor 2
Putative type-1 protein phosphatase inhibitor 4
Type-1 protein phosphatase inhibitor 4
Protein phosphatase inhibitor 2-like protein 3
Delta-stichotoxin-Hcr3a
Delta-actitoxin-Ael1d
Delta-actitoxin-Aspp1a
Delta-actitoxin-Axm1e
Delta-actitoxin-Avd1d
U-actitoxin-Avd1g
Delta-actitoxin-Bcg1b
Delta-stichotoxin-Sgt2a
Delta-stichotoxin-She1a
Neurotoxin Nv1-116.37.1
Delta-stichotoxin-Hcr1c
Delta-actitoxin-Avd1e 1
Delta-actitoxin-Avd1c
Delta-actitoxin-Bgr2a
Delta-actitoxin-Bcg1d
Delta-thalatoxin-Tas1a
Delta-stichotoxin-Rpa1b
Delta-stichotoxin-Hcr1d
Delta-edwarditoxin-Nvc1c
Delta-actitoxin-Aspp1d
Delta-actitoxin-Avd1h
Delta-actitoxin-Cps1b
Delta-actitoxin-Afv1a
Neurotoxin Nv1-116.27.1
Neurotoxin Nv1-116.39.1
Neurotoxin Nv1-116.41.1
Delta-thalatoxin-Hhe1a
Delta-actitoxin-Axm1d
Delta-actitoxin-Bgr2b
Delta-actitoxin-Axm1h
Delta-actitoxin-Ael1a
Delta-thalatoxin-Cad1a
Delta-stichotoxin-Rpa1a
Neurotoxin Nv1-116.40.1
Delta-stichotoxin-Shd3a
Delta-halcutoxin-Hcg1a
Nicalin
Calcium-binding protein NCS-1
Delta-actitoxin-Aeq2a
Delta-actitoxin-Axm1c
Delta-actitoxin-Avd1a
Delta-actitoxin-Aeq2b 3
Delta-actitoxin-Avd1e 3
Delta-actitoxin-Avd1c 1
Delta-actitoxin-Amc3a
Delta-actitoxin-Axm1f
Delta-actitoxin-Aspp1b
Delta-actitoxin-Axm1a
Delta-actitoxin-Axm1b
Delta-stichotoxin-Hcr1b
Delta-actitoxin-Aer1a
Delta-actitoxin-Ael1b
Delta-actitoxin-Cps1a
Delta-actitoxin-Aeq2b 2
Delta-actitoxin-Avd1e 2
Delta-actitoxin-Avd1c 4
Delta-actitoxin-Afv1b
Delta-actitoxin-Ael1c
Delta-actitoxin-Bcs1a
Delta-actitoxin-Axm1g
Delta-actitoxin-Bcg1a
Delta-edwarditoxin-Nvc1b
Delta-stichotoxin-Hcr1a
Neurotoxin Nv1-116.45.1
Putative delta-edwarditoxin-Nvc1a
Delta-stichotoxin-Sgt3a
Delta-actitoxin-Aeq2b 1
Delta-actitoxin-Avd1c 2
Delta-actitoxin-Avd1c 3
Delta-actitoxin-Aeq2c
Delta-actitoxin-Aeq2d
U-actitoxin-Avd1f
Delta-actitoxin-Aspp1c
Delta-actitoxin-Bcg1c
Delta-actitoxin-Cgg1a
Delta-stichotoxin-Hcr1e
Nicalin-1
Tyrosine-protein phosphatase non-receptor type 1
RWD domain-containing protein 3
Sprouty-related, EVH1 domain-containing protein 1
Protein sprouty homolog 3
Protein ste7
Sprouty-related, EVH1 domain-containing protein 2
Sprouty-related, EVH1 domain-containing protein 3
Delta-hormotoxin-Cpt1a
Delta-hormotoxin-Cpt1b
von Willebrand factor C and EGF domain-containing protein
Putative uncharacterized protein YDL057W
