Elongation factor 1-alpha 1
Elongation factor 1-beta
Probable elongation factor 1-delta
Elongation factor 1-delta
Probable elongation factor 1-gamma
Elongation factor 1-gamma
Eukaryotic elongation factor 2 kinase
Elongation factor 2
Elongation factor G
Elongation factor P
Elongation factor Ts
Elongation factor 3B
Elongation factor G 1
Elongation factor Tu 2
Elongation factor 1-alpha 2
Probable elongation factor 1-beta
Elongation factor 1-gamma 2
Elongation factor G 2
Elongation factor Tu-B
Elongation factor Tu, mitochondrial
Elongation factor Ts, mitochondrial
Elongation factor 1-gamma 1
Elongation factor P-like protein
Elongation factor Tu 1
Elongation factor Tu, chloroplastic
Elongation factor 1-alpha
Elongation factor Tu-A
Glutathione S-transferase 1
Elongation factor 4
Eukaryotic translation elongation factor 1 epsilon-1
Nucleoside diphosphate kinase, cytosolic
50S ribosomal protein L12
60S acidic ribosomal protein P1
60S acidic ribosomal protein P1-alpha
60S acidic ribosomal protein P2
60S acidic ribosomal protein P2-1
60S acidic ribosomal protein P1-B
60S acidic ribosomal protein P2-B
60S acidic ribosomal protein P2B
60S acidic ribosomal protein P2-A
60S acidic ribosomal protein P3-1
60S acidic ribosomal protein P1-beta
60S acidic ribosomal protein P1-3
60S acidic ribosomal protein P1-A
60S acidic ribosomal protein P2-5
60S acidic ribosomal protein P3-2
60S acidic ribosomal protein P1-1
60S acidic ribosomal protein P2-2
60S acidic ribosomal protein P2-alpha
60S acidic ribosomal protein P2-beta
60S acidic ribosomal protein P2A
60S acidic ribosomal protein P3
60S acidic ribosomal protein P1-2
60S acidic ribosomal protein P2-3
60S acidic ribosomal protein P2-4
40S ribosomal protein S17
40S ribosomal protein S21
40S ribosomal protein S8
40S ribosomal protein S24
Putative glutathione S-transferase C1183.02
Putative elongation factor 1 gamma homolog
