Aurora kinase A-interacting protein
Anaphase-promoting complex subunit 16
Anaphase-promoting complex subunit 3
Anaphase-promoting complex subunit 5
Anaphase-promoting complex subunit 1
Anaphase-promoting complex subunit 7
Protein AMN1 homolog
Anaphase-promoting complex subunit 9
Anaphase-promoting complex subunit DOC1
Ankyrin repeat and SOCS box protein 12
Ankyrin repeat and SOCS box protein 15
Ankyrin repeat and SOCS box protein 17
Ankyrin repeat and SOCS box protein 18
Ankyrin repeat and SOCS box protein 3
Ankyrin repeat and SOCS box protein 6
Ankyrin repeat and SOCS box protein 7
Ankyrin repeat and SOCS box protein 10
Ankyrin repeat and SOCS box protein 11
Ankyrin repeat and SOCS box protein 5
Ankyrin repeat and SOCS box protein 8
Ankyrin repeat and SOCS box protein 13
Ankyrin repeat and SOCS box protein 14
Ankyrin repeat and SOCS box protein 2
Ankyrin repeat and SOCS box protein 16
Ankyrin repeat and SOCS box protein 9
BTB and MATH domain-containing protein 41
BTB and MATH domain-containing protein 43
BTB/POZ domain-containing adapter for CUL3-mediated RhoA degradation protein 3
BTB and MATH domain-containing protein 40
BTB and MATH domain-containing protein 15
BTB and MATH domain-containing protein 42
BTB/POZ and MATH domain-containing protein 1
BTB/POZ domain-containing protein 1
BTB/POZ domain-containing protein 18
Cullin-associated NEDD8-dissociated protein 1
Cullin-associated NEDD8-dissociated protein 2
Cell division cycle-associated protein 3
Cell division cycle 20.1, cofactor of APC complex
Cell division cycle 20.5, cofactor of APC complex
Cyclin-F
Cell division cycle 20.3, cofactor of APC complex
Cell division cycle protein 27 homolog A
Anaphase-promoting complex subunit cdh1
Anaphase-promoting complex subunit CDC27
Anaphase-promoting complex subunit CDC16
Cell division cycle 20.2, cofactor of APC complex
Cell division cycle 20.4, cofactor of APC complex
Cell division cycle 20.6, cofactor of APC complex
Anaphase-promoting complex subunit cdc20
Protein cereblon
Protein cereblon homolog
F-box protein CPR30
DDB1- and CUL4-associated factor 10
DDB1- and CUL4-associated factor 11
DDB1- and CUL4-associated factor 12
DDB1- and CUL4-associated factor 15
DDB1- and CUL4-associated factor 16
DDB1- and CUL4-associated factor 17
DDB1- and CUL4-associated factor 5
DDB1- and CUL4-associated factor 7
DDB1- and CUL4-associated factor 8
DDB1- and CUL4-associated factor 12-A
DNA damage-binding protein 1
F-box protein DAS1
Protein mahjong
DDB1- and CUL4-associated factor 6
DNA damage-binding protein 2
DDB1- and CUL4-associated factor homolog 1
DDB1- and CUL4-associated factor 4
DDB1- and CUL4-associated factor 12-B
Dynein heavy chain 12, axonemal
DSC E3 ubiquitin ligase complex subunit 4
WD repeat-containing protein DWA2
DSC E3 ubiquitin ligase complex subunit 3
Ectoderm-neural cortex protein 1
Ethylene-overproduction protein 1
ETO1-like protein 2
F-box protein At4g27050
F-box only protein 31-B
F-box protein At1g67340
F-box/SPRY domain-containing protein 1
F-box only protein 25
F-box only protein 31
F-box/LRR-repeat protein 4
F-box/LRR-repeat protein 5
F-box/WD repeat-containing protein 5
Protein fem-1 homolog C
F-box protein At3g62230
F-box only protein 43
F-box/LRR-repeat protein 6
F-box protein At3g59000
F-box protein At4g35733
F-box/kelch-repeat protein At3g04660
F-box/kelch-repeat protein At4g39550
F-box/LRR-repeat protein 7
F-box/kelch-repeat protein OR23
F-box protein At1g56610
F-box/kelch-repeat protein At1g55270
F-box/kelch-repeat protein At3g16740
F-box only protein 15
F-box protein At1g78100
F-box/kelch-repeat protein At4g38940
F-box protein FBX14
F-box only protein 2
BTB/POZ domain-containing protein FBL11
FH protein interacting protein FIP2
F-box protein At4g11590
F-box only protein 31-A
F-box protein At5g49610
F-box protein At1g55000
F-box/kelch-repeat protein At1g67480
F-box only protein 33
F-box/kelch-repeat protein At5g26960
F-box/LRR-repeat protein 15
F-box/LRR-repeat protein 16
F-box/LRR-repeat protein 20
Protein fyv10
Protein FYV10
F-box/LRR-repeat protein 12
F-box/LRR-repeat protein 13
F-box/LRR-repeat protein 18
F-box/LRR-repeat protein 17
F-box and leucine-rich protein 22
Protein FIZZY-RELATED 3
Gastrulation-defective protein 3
F-box protein GID2
SCF E3 ubiquitin ligase complex F-box protein GRR1
F-box protein HRT3
Ubiquitin-like modifier hub1
Actin-binding protein IPP
Kelch repeat and BTB domain-containing protein 13
Kelch repeat and BTB domain-containing protein 12
Kelch repeat and BTB domain-containing protein 11
Kelch repeat and BTB domain-containing protein 3
Kelch repeat and BTB domain-containing protein 6
Kelch domain-containing protein 7A
Kelch-like protein 14
Kelch-like protein 17
Kelch-like protein 23
Kelch-like protein 35
Kelch-like protein 36
Kelch repeat and BTB domain-containing protein 2
Kelch-like protein 13
Kelch-like protein 26
Kelch-like protein 1
Kelch domain-containing protein 7B
Kelch-like protein 15
Kelch-like protein 29
Kelch-like protein 30
Kelch-like protein 34
Kelch-like protein 38
Kelch-like protein 9
Ring canal kelch protein
Kelch-like protein 33
Kelch-like protein 4
Kelch-like protein 5
Kelch-like protein 18
Leucine-rich repeat protein 1
Leucine-rich repeat-containing protein 41
Protein maternal effect lethal 26
BTB/POZ domain-containing protein NPY3
BTB/POZ domain-containing protein NPY2
BTB/POZ domain-containing protein NPY5
BTB/POZ domain-containing protein NPY4
F-box protein PP2-B10
F-box protein PP2-A13
F-box protein PP2-A14
F-box protein PP2-B11
F-box protein PP2-A11
PEST proteolytic signal-containing nuclear protein
E3 ubiquitin-protein ligase pellino homolog 3
E3 ubiquitin-protein ligase pellino homolog 2
F-box protein PP2-B1
Ras-related protein Rab-40C
Ras-related protein Rab-40A-like
Ras-related protein Rab-40B
Ras-related protein Rab-40A
SCF-associated factor 1
BTB/POZ domain-containing protein SETH6
F-box protein SKIP17
F-box protein SKIP24
F-box protein SKIP3
F-box protein SKIP5
S-phase kinase-associated protein 1
SKP1-interacting partner 15
F-box protein SKIP23
F-box/kelch-repeat protein SKIP11
F-box/kelch-repeat protein SKIP6
F-box protein SKIP14
F-box protein SKIP19
F-box protein SKIP28
F-box protein SKIP31
F-box protein SKIP1
F-box protein SKIP8
Spermatocyte protein spe-26
Speckle-type POZ protein-like
SPRY domain-containing SOCS box protein 1
SPRY domain-containing SOCS box protein 2
F-box protein SKIP16
F-box protein SKIP22
F-box protein SKIP27
F-box/kelch-repeat protein SKIP30
Speckle-type POZ protein
SPRY domain-containing SOCS box protein 3
Speckle-type POZ protein-like B
Speckle-type POZ protein A
SPRY domain-containing SOCS box protein 4
Speckle-type POZ protein-like A
Speckle-type POZ protein B
THO complex subunit 6
Transport inhibitor response 1-like protein Os04g0395600
Transport inhibitor response 1-like protein Os05g0150500
Transport inhibitor response 1-like protein Os11g0515500
Ubiquitin-associated domain-containing protein 1
SUMO-conjugating enzyme UBC9-B
Sumo-conjugating enzyme ubc9
E3 ubiquitin-protein ligase E3D
Ubiquitin/ISG15-conjugating enzyme E2 L6
NEDD8-conjugating enzyme UBC12
SUMO-conjugating enzyme UBC9
Polyubiquitin
Ubiquitin-conjugating enzyme suppressor 1
Ubiquitin ligase complex F-box protein UFO1
Tubby-related protein 4
NEDD8-conjugating enzyme ubc12
RING finger containing E3 ubiquitin-protein ligase WSV403
SUMO-conjugating enzyme ubc9
Nonsense-mediated mRNA decay protein 3
Von Hippel-Lindau disease tumor suppressor
WD repeat and SOCS box-containing protein 1
WD repeat and SOCS box-containing protein 2
BTB/POZ domain-containing protein At1g63850
BTB/POZ domain-containing protein At1g04390
BTB/POZ domain-containing protein At2g30600
BTB/POZ domain-containing protein At1g30440
BTB/POZ domain-containing protein At1g03010
BTB/POZ domain-containing protein At2g04740
Putative BTB/POZ domain-containing protein At2g05330
BTB/POZ domain-containing protein At1g01640
BTB/POZ domain-containing protein At1g21780
BTB/POZ domain-containing protein At1g50280
BTB/POZ domain-containing protein At1g67900
BTB/POZ domain-containing protein At3g50840
BTB/POZ domain-containing protein At3g56230
BTB/POZ domain-containing protein At3g49900
BTB/POZ domain-containing protein At1g55760
Kelch domain-containing protein VC_1773
Putative BTB/POZ domain-containing protein At2g40440
BTB/POZ domain-containing protein At2g24240
BTB/POZ domain-containing protein At3g50780
BTB/POZ domain-containing protein At3g03510
BTB/POZ domain-containing protein At3g08570
BTB/POZ domain-containing protein At3g44820
BTB/POZ domain-containing protein At3g26490
BTB/POZ domain-containing protein At3g19850
BTB/POZ domain-containing protein At4g01160
BTB/POZ domain-containing protein At5g03250
BTB/POZ domain-containing protein At3g22104
BTB/POZ domain-containing protein At4g30940
Putative BTB/POZ domain-containing protein At2g40450
BTB/POZ domain-containing protein At2g13690
BTB/POZ domain-containing protein At3g05675
BTB/POZ domain-containing protein At4g08455
Putative BTB/POZ domain-containing protein At5g13600
BTB/POZ domain-containing protein At5g41330
BTB/POZ domain-containing protein At5g17580
BTB/POZ domain-containing protein At5g48510
Putative BTB/POZ domain-containing protein At3g08660
Putative BTB/POZ domain-containing protein At3g29740
Putative BTB/POZ domain-containing protein At3g49970
BTB/POZ domain-containing protein At5g66560
BTB/POZ domain-containing protein At5g48130
BTB/POZ domain-containing protein At5g48800
BTB/POZ domain-containing protein At3g09030
Putative BTB/POZ domain-containing protein At4g04090
BTB/POZ domain-containing protein At5g60050
F-box protein YDR306C
BTB/POZ domain-containing protein At5g67385
BTB/POZ domain-containing protein At5g47800
F-box protein YLR224W
F-box protein YLR352W
Putative RNA-binding protein EEED8.10
