Protein arginine N-methyltransferase 3
ATP-dependent Clp protease adapter protein CLPS1, chloroplastic
Exosome complex exonuclease RRP46 homolog
Heat shock 70 kDa protein 14
37S ribosomal protein MRP10, mitochondrial
Glycylpeptide N-tetradecanoyltransferase 1
Polyadenylate-binding protein, cytoplasmic and nuclear
50S ribosomal protein 5, chloroplastic
50S ribosomal protein 5 alpha, chloroplastic
60S ribosomal protein L18a-like protein
50S ribosomal protein L17, chloroplastic
50S ribosomal protein L10
50S ribosomal protein L32, plastid
60S ribosomal protein L10a
50S ribosomal protein L12, chloroplastic
50S ribosomal protein L18 alpha/beta, chloroplastic
50S ribosomal protein L29, chloroplastic
50S ribosomal protein L10, chloroplastic
50S ribosomal protein L28, chloroplastic
50S ribosomal protein L31, chloroplastic
60S ribosomal protein L24
50S ribosomal protein L24
60S ribosomal protein L28
60S ribosomal protein L13a
50S ribosomal protein L29
50S ribosomal protein L15
60S ribosomal protein L21
50S ribosomal protein L21
50S ribosomal protein L30
50S ribosomal protein L31
50S ribosomal protein L33
50S ribosomal protein L25
60S ribosomal protein L26
60S ribosomal protein L27a
50S ribosomal protein L32
60S ribosomal protein L4
60S ribosomal protein L7 2
60S ribosomal protein L7a
60S ribosomal protein L7
50S ribosomal protein L6
60S ribosomal protein L7 1
60S ribosomal protein L7-A
60S ribosomal protein L5, mitochondrial
39S ribosomal protein L38, mitochondrial
39S ribosomal protein L44, mitochondrial
50S ribosomal protein L41e
60S acidic ribosomal protein P2
60S ribosomal protein L16, mitochondrial
Probable 39S ribosomal protein L45, mitochondrial
54S ribosomal protein L51, mitochondrial
39S ribosomal protein L54, mitochondrial
Ribosomal protein S5, mitochondrial
Putative 60S ribosomal protein L33
60S ribosomal protein L7-3
60S ribosomal protein L18, mitochondrial
39S ribosomal protein L42, mitochondrial
39S ribosomal protein L43, mitochondrial
54S ribosomal protein L44, mitochondrial
60S ribosomal protein L7-like 1
39S ribosomal protein L18, mitochondrial
39S ribosomal protein L30, mitochondrial
39S ribosomal protein L45, mitochondrial
39S ribosomal protein L50, mitochondrial
39S ribosomal protein L21, mitochondrial
Probable 39S ribosomal protein L53, mitochondrial
54S ribosomal protein YmL12, mitochondrial
39S ribosomal protein L46, mitochondrial
39S ribosomal protein L53, mitochondrial
Ribosomal protein S6 kinase-like 1
30S ribosomal protein S10 alpha, chloroplastic
Apicoplast 30S ribosomal protein S4
40S ribosomal protein S10
Plastid 30S ribosomal protein S4
30S ribosomal protein S10
30S ribosomal protein S19
30S ribosomal protein S31, chloroplastic
30S ribosomal protein 2, chloroplastic
Putative 40S ribosomal protein S10-like
40S ribosomal protein S25
Plastid 30S ribosomal protein S2
40S ribosomal protein S25-1
30S ribosomal protein S21
30S ribosomal protein S25e
30S ribosomal protein S5
30S ribosomal protein S7
30S ribosomal protein S6
30S ribosomal protein S20
30S ribosomal protein Thx
Ribosomal protein S4, mitochondrial
30S ribosomal protein S31, mitochondrial
30S ribosomal protein S4
40S ribosomal protein S9
Probable 28S ribosomal protein S10, mitochondrial
28S ribosomal protein S27, mitochondrial
Putative ribosomal protein L7Ae-like
40S ribosomal protein S7
28S ribosomal protein S10, mitochondrial
Ribosomal protein S12, mitochondrial
37S ribosomal protein MRP51, mitochondrial
28S ribosomal protein S33, mitochondrial
Stringent starvation protein B
Probable ribosomal protein in nusA-infB intergenic region
Probable ribosomal protein in infB 5'region
Probable ribosomal protein F34H10.1
54S ribosomal protein L1, mitochondrial
Putative 37S ribosomal protein S4-like
54S ribosomal protein YmL35, mitochondrial
