Achelase-1
Acylamino-acid-releasing enzyme
Achelase-2
Alkaline extracellular protease
Subtilisin-like protease SBT5.3
Alkaline proteinase
Acrosin
Alkaline protease 2
Alkaline serine protease ver112
Serine protease ami
Aorsin
Serine protease AprX
Aminopeptidase S
Aqualysin-1
Protease 1
Apolipoprotein(a)
Microbial serine proteinase
Subtilisin-like serine protease AS-E1
Alkaline serine protease NJP
Blarina toxin
Complement C1r-A subcomponent
Complement C1r subcomponent-like protein
Complement C1s subcomponent
C5a peptidase
Extracellular basic protease
Brain-specific serine protease 4
Endoprotease bli-4
Extracellular subtilisin-like protease
Dipeptidyl peptidase 1
Proproteinase E
Cathepsin G
Serine proteinase-like BMK-CBP
Complement C1r-B subcomponent
Azurocidin
Chymotrypsin-like elastase family member 1
Complement factor B
Calcium-dependent serine proteinase
Chymotrypsin-like elastase family member 2A
Clotting factor B
Chymotrypsin-like elastase family member 3B
Chymotrypsin-like elastase family member 3A
Cercarial protease
Complement factor D
Chymotrypsin-like elastase family member 2B
Chloroplastic ATP-dependent Clp protease proteolytic subunit 1
ATP-dependent Clp protease proteolytic subunit 2
ATP-dependent Clp protease proteolytic subunit 3
ATP-dependent Clp protease proteolytic subunit 4
ATP-dependent Clp protease proteolytic subunit 6, chloroplastic
Putative ATP-dependent Clp protease proteolytic subunit-like
Probable ATP-dependent Clp protease proteolytic subunit 3
ATP-dependent Clp protease proteolytic subunit 5
ATP-dependent Clp protease proteolytic subunit 1
Complement factor I
ATP-dependent Clp protease proteolytic subunit 1, mitochondrial
ATP-dependent Clp protease proteolytic subunit-related protein 1, chloroplastic
Chymase
ATP-dependent Clp protease proteolytic subunit 3, chloroplastic
ATP-dependent Clp protease proteolytic subunit, mitochondrial
ATP-dependent Clp protease adapter protein ClpS
Complement C2
ATP-dependent Clp protease proteolytic subunit-related protein 4, chloroplastic
Collagenase
ATP-dependent Clp protease proteolytic subunit-related protein 3, chloroplastic
Brachyurin
ATP-dependent Clp protease proteolytic subunit-related protein 2, chloroplastic
Atrial natriuretic peptide-converting enzyme
CUB and peptidase domain-containing protein 1
CUB and peptidase domain-containing protein 2
Complement C1s-B subcomponent
Chymotrypsin-2
Chymotrypsin-C
Cuticle-degrading protease
Chymotrypsinogen A
Chymotrypsinogen B
Chymotrypsin-like serine proteinase
Cucumisin
Complement C1s-A subcomponent
Chymotrypsin BI
Chymotrypsin-1
Chymotrypsinogen 2
Chymotrypsin A
Chymotrypsin BII
Chymotrypsin-like protease CTRL-1
Dipeptidyl aminopeptidase B
Protease Do-like 2, chloroplastic
Protease Do-like 7
Probable periplasmic serine endoprotease DegP-like
Duodenase-1
Mite allergen Der p 3
Protease Do-like 10, mitochondrial
Protease Do-like 4, mitochondrial
Putative protease Do-like 14
Glyoxysomal processing protease, glyoxysomal
Probable serine protease do-like
Periplasmic serine endoprotease DegP
Periplasmic pH-dependent serine endoprotease DegQ
Serine endoprotease DegS
Putative protease Do-like 3, mitochondrial
Putative protease Do-like 12, mitochondrial
Protease Do-like 9
Mite allergen Der f 3
Putative protease Do-like 13
Mite allergen Der f 6
Putative protease Do-like 11, mitochondrial
Probable dipeptidyl peptidase 4
Dipeptidyl peptidase 4
Serine protease EatA
Neutrophil elastase 2A
Alkaline elastase YaB
Elastase-1
Alkaline protease
Neutrophil elastase 2B
Thermostable alkaline protease
Epidermin leader peptide-processing serine protease EpiP
Enteropeptidase
Serine protease EspP
Serine protease EspC
Exfoliative toxin A
Coagulation factor VII
Coagulation factor X isoform 2
Coagulation factor XII
Exfoliative toxin B
Coagulation factor X
Arginine esterase
Mite allergen Eur m 3
Venom prothrombin activator notecarin-D1
Venom prothrombin activator notecarin-D2
Venom prothrombin activator nigrarin-D
Venom prothrombin activator hopsarin-D
Coagulation factor XI
Extracellular protease
Coagulation factor X isoform 1
Venom prothrombin activator omicarin-C catalytic subunit
Venom prothrombin activator pseutarin-C catalytic subunit
Venom prothrombin activator trocarin-D
Fibrinolytic enzyme, isozyme C
Fibrinolytic protease
Furin-like protease kpc-1
Venom prothrombin activator oscutarin-C catalytic subunit
Venom prothrombin activator vestarin-D1
Venom prothrombin activator vestarin-D2
Venom prothrombin activator porpharin-D
Fibrinolytic enzyme 2
Furin-like protease 2
Furin-1
Rhomboid protease GlpG
Lectizyme
Gilatoxin
Granzyme A
Granzyme D
Rhomboid protease GluP
Glutamyl endopeptidase 2
Granzyme G
Granzyme K
Rhomboid protease GlpG homolog
Glutamyl endopeptidase
Granzyme-like protein 2
Granzyme B
Granzyme F
Granzyme C
Granzyme E
Granzyme H
Granzyme-like protein 1
Hyaluronan-binding protein 2
Hemoglobin-binding protease hbp autotransporter
Hepatocyte growth factor
Adhesion and penetration protein autotransporter
Heterocyst differentiation control protein
Hepatocyte growth factor activator
Putative serine protease HhoA
Halolysin
Hepatocyte growth factor-like protein
Putative serine protease HhoB
Serine protease HtrA-like
Serine protease Do-like HtrA
Haptoglobin
Serine protease HTRA2, mitochondrial
Serine protease HTRA4
Putative serine protease HtrA
Serine protease HTRA1B
Serine protease HTRA1
Hypodermin-B
Probable periplasmic serine protease do/HhoA-like
Serine protease Do-like HtrB
Serine protease HTRA1A
Immunoglobulin A1 protease autotransporter
Serine protease HTR4
IgA-specific serine endopeptidase autotransporter
Hypodermin-A
Major intracellular serine protease
Venom peptide isomerase heavy chain
Intracellular alkaline protease
Intracellular serine protease
Protease KEX1
Kallikrein-15
Blarinasin-2
Kallikrein-8
Plasma kallikrein
Glandular kallikrein
Glandular kallikrein-10
Kallikrein-11
Kallikrein-1
Prostate-specific antigen
Kallikrein-9
Renal glandular kallikrein
Blarinasin-1
Glandular kallikrein, prostatic
Kexin
Kallikrein-14
Kallikrein-7
Kallikrein-13
Lon protease 1
Lon protease 2
Putative lon protease homolog
Lon protease homolog, mitochondrial 2
Lon protease homolog 2, peroxisomal
Lon protease 4
Archaeal Lon protease
Lon protease homolog 4, chloroplastic/mitochondrial
Lon protease homolog, mitochondrial
Lon protease 3
Limulus clotting factor C
Putative Lon protease homolog
Lon protease homolog 1, mitochondrial
Lon protease homolog, mitochondrial 1
Lon protease homolog 3, mitochondrial
Mannan-binding lectin serine protease 1
Mannan-binding lectin serine protease 2
Membrane-bound transcription factor site-1 protease
Mast cell protease 1
Mast cell protease 2
Mast cell protease 4
Mast cell protease 8
Mast cell protease-like protein
Penicillin-insensitive murein endopeptidase
Mast cell protease 3
Mast cell protease 9
Mast cell protease 1A
Extracellular metalloprotease
Putative macrophage stimulating 1-like protein
PC3-like endoprotease variant B
Neurotrypsin
Pro-apoptotic serine protease NMA111
Pro-apoptotic serine protease nma111
PC3-like endoprotease variant A
Nisin leader peptide-processing serine protease NisP
Halolysin-like extracellular serine protease Nep
Non-structural polyprotein 1A
Alkaline protease 1
Ovochymase-2
PIII-type proteinase
PII-type proteinase
Phosphoinositide-3-kinase-interacting protein 1
Presenilins-associated rhomboid-like protein, mitochondrial
Protease 7
Ovochymase-1
PI-type proteinase
Proprotein convertase subtilisin/kexin type 7
Proprotein convertase subtilisin/kexin type 5
Subtilisin-like serine protease pepC
Proprotein convertase subtilisin/kexin type 6
Proclotting enzyme
Proprotein convertase subtilisin/kexin type 4
Serine protease pet autotransporter
Serine protease pic autotransporter
Protease 2 small chain
Pseudomonalisin
Pyrolysin
U21-ctenitoxin-Pn1a
Physarolisin
Polyserase-2
Calcium-dependent protease
Vitamin K-dependent protein C
Alpha-lytic protease
Vitamin K-dependent protein Z
Serine protease 23
Serine protease 57
Streptogrisin-B
Streptogrisin-C
Putative serine protease 29
Probable inactive serine protease 37
Serine protease 38
Serine protease 45
Serine protease 46
Serine protease 48
Inactive serine protease 54
Serine protease 27
Serine protease 33
Serine protease 40
Serine protease 41
Inactive serine protease 45
Putative inactive serine protease 58
Myeloblastin
Putative serine protease 47
Serine protease 52
Serine protease 55
Serine protease 56
Proteinase K
Proteinase R
Extracellular serine protease
Probable inactive serine protease 58
Serine protease 58
Proteinase T
Subtilase-type proteinase psp3
Alkaline serine exoprotease A
Inactive serine protease 39
Putative serine protease 41
Putative serine protease 46
Serine protease 53
Streptogrisin-A
M-protease
Streptogrisin-D
Serine protease persephone
Rhomboid protein 2
RHOMBOID-like protein 9, chloroplastic
Rhomboid-like protein 20
RHOMBOID-like protein 2
RHOMBOID-like protein 5
RHOMBOID-like protein 8
Rhomboid-like protein 18
DNA repair protein RadA homolog
Rhomboid-like protein 11, chloroplastic
Rhomboid-like protein 16, chloroplastic
RHOMBOID-like protein 1
RHOMBOID-like protein 10, chloroplastic
RHOMBOID-like protein 13
Rhomboid-like protein 15
RHOMBOID-like protein 4
Rhomboid-like protein 19
RHOMBOID-like protein 12, mitochondrial
Rhomboid-like protein 17, chloroplastic
RHOMBOID-like protein 6, mitochondrial
RHOMBOID-like protein 3
RHOMBOID-like protein 7
Rhomboid domain-containing protein 2
Rhomboid-related protein 1
Rhomboid-like protease 1
Rhomboid-like protease 3
Inactive rhomboid protein 1
Rhomboid domain-containing protein 3
Rhomboid-related protein 2
Rhomboid-related protein 3
Inactive rhomboid protein 2
Putative rhomboid protein L523
Rhomboid-like protease 6
Rhomboid-like protease 5
Rhomboid-like protease 2
Rhomboid-like protease 4
Subtilisin-like protease SBT1.1
Subtilisin-like protease SBT1.5
Subtilisin-like protease Glyma18g48580
Subtilisin-like protease SBT2.3
Subtilisin-like protease SBT3.1
Subtilisin-like protease SBT4.7
Subtilisin-like protease SBT4.15
Subtilisin-like protease SBT6.1
Subtilisin-like protease SBT5.6
Subtilisin-like protease SBT2.1
Subtilisin-like protease SBT2.6
Subtilisin-like protease SBT3.6
Subtilisin-like protease SBT3.16
Subtilisin-like protease SBT3.18
Subtilisin-like protease SBT4.2
Subtilisin-like protease SBT4.11
Serine protease sat autotransporter
Subtilisin-like protease SBT1.8
Subtilisin-like protease SBT3.5
Subtilisin-like protease SBT3.8
Subtilisin-like protease SBT3.15
Subtilisin-like protease SBT4.1
Subtilisin-like protease SBT4.6
Subtilisin-like protease SBT4.12
Subtilisin-like protease SBT5.4
Scolexin B
Tripeptidyl-peptidase SED4
Subtilisin-like protease SBT3.4
Subtilisin-like protease SBT3.9
Subtilisin-like protease SBT3.14
Subtilisin-like protease SBT3.17
Subtilisin-like protease SBT4.3
Subtilisin-like protease SBT5.1
Extracellular serine proteinase
Subtilisin-like protease SBT5.5
Tripeptidyl-peptidase SED3
Probable tripeptidyl-peptidase SED3
Probable tripeptidyl-peptidase SED4
Tripeptidyl-peptidase sed5
Subtilisin-like protease SBT1.9
Subtilisin-like protease SBT2.2
Subtilisin-like protease SBT3.2
Subtilisin-like protease SBT3.7
Subtilisin-like protease SBT3.11
Subtilisin-like protease SBT3.13
Subtilisin-like protease SBT4.4
Subtilisin-like protease SBT4.9
Subtilisin-like protease SBT4.13
Tripeptidyl-peptidase sed1
Serine proteases 1/2
Subtilisin-like protease SBT1.3
Subtilisin-like protease SBT1.7
Subtilisin-like protease SBT2.4
Subtilisin-like protease SBT3.3
Subtilisin-like protease SBT3.10
Subtilisin-like protease SBT3.12
Subtilisin-like protease SBT4.5
Subtilisin-like protease SBT4.8
Subtilisin-like protease SBT4.10
Subtilisin-like protease SBT4.14
Capsid scaffolding protein
Probable tripeptidyl-peptidase SED2
Tripeptidyl-peptidase sed3
Serine protease 1
Tripeptidyl-peptidase SED1
Tripeptidyl-peptidase SED2
Tripeptidyl-peptidase sed4
Serine protease 3
Serine protease 2
Serine protease SepA autotransporter
Prolyl endopeptidase FAP
Subtilisin-like proteinase Mp1
Putative protease SohB
Serine protease SplC
Serine protease SplE
Probable protease SohB
Venom serine protease 34
Cuticle-degrading serine protease
Serine protease SplA
Serine protease SplB
Spermosin
Suppressor of tumorigenicity 14 protein homolog
Serine protease SP24D
Venom protease
Subtilisin-like protease 10
Subtilisin-like protease 11
Subtilisin-like protease 2
Subtilisin-like protease 3
Venom serine protease
Putative subtilisin-like proteinase 2
Subtilisin-like protease 5
Subtilisin-like protease 6
Subtilisin-like protease 7
Subtilisin-like protease 8
Subtilisin-like protease CPC735_033790
Bacillopeptidase F
Serotype-specific antigen 1
Subtilisin-like protease 1
Subtilisin-like protease CPC735_003880
Subtilisin-like protease CPC735_024010
Subtilisin-like protease 4
Subtilisin-like protease CPC735_015300
Subtilisin-like protease CPC735_031240
Subtilisin-like protease 9
Minor extracellular protease Epr
SPS-sensor serine protease component SSY5
Subtilisin-like protease 12
Subtilisin-like protease CPC735_050320
Subtilisin-like protease CPC735_005570
Subtilisin-like protease CPC735_047380
Subtilisin-like protease CPC735_023170
Subtilisin-like protease CPC735_013710
Subtilisin-like protease CPC735_066880
Subtilisin-like protease CPC735_013700
Minor extracellular protease vpr
Subtilisin-like protease CPC735_035780
Probable subtilase-type serine protease DR_A0283
Subtilisin-like protease CPC735_012930
Transglutaminase-activating metalloprotease
Thermophilic serine proteinase
Thermitase
Tk-subtilisin
Transmembrane protease serine 11A
Transmembrane protease serine 11G
Transmembrane protease serine 4
Transmembrane protease serine 5
Transmembrane protease serine 6
Transmembrane protease serine 12
Transmembrane protease serine 13
Prothrombin
Transmembrane protease serine 11D
Transmembrane protease serine 11F
Transmembrane protease serine 9
Transmembrane protease serine 2
Subtilisin-like serine protease
Tissue-type plasminogen activator
Transmembrane protease serine 7
Tripeptidyl-peptidase 2
Cationic trypsin
Trypsin-1
Trypsin alpha
Trypsin V-B
Trypsin-like protease
Tryptase
Trypsinogen-like protein 3
Trypsin, alkaline B
Trypsin delta/gamma
Trypsin CFT-1
Trypsin theta
Temperature-sensitive hemagglutinin tsh autotransporter
Trypsin-2
Trypsin-3
Trypsin-4
Trypsin alpha-3
Trypsin V-A
Tryptase beta-2
Trypsin iota
Anionic trypsin
Trypsin I-P38
Anionic trypsin-2
Trypsin 5G1
Trypsin alpha-4
Trypsin beta
Trypsin, alkaline C
Peroxisomal leader peptide-processing protease
Trypsin 3A1
Trypsin-5
Putative trypsin-6
Trypsin epsilon
Trypsin eta
Trypsin I-P1
Anionic trypsin-1
Trypsin II-P29
Cationic trypsin-3
Trypsin-6
Trypsin, alkaline A
Mastin
Trypsin
Tryptase-2
Trypsin zeta
Trypsin-7
Mast cell tryptase
Trypsin-10
Urokinase-type plasminogen activator
Salivary plasminogen activator beta
Salivary plasminogen activator alpha 1
Salivary plasminogen activator alpha 2
Salivary plasminogen activator gamma
Snake venom serine protease KN4 homolog
Snake venom serine protease KN6
Snake venom serine protease KN8
Snake venom serine protease KN11
Snake venom serine protease KN12
Snake venom serine protease HS114
Thrombin-like enzyme gyroxin B1.7
Thrombin-like enzyme TLBan
Thrombin-like enzyme BjussuSP-1
Venom serine proteinase-like protein 2
Thrombin-like enzyme elegaxobin-2
Serine protease VLSP-3
Snake venom serine protease 3
Beta-fibrinogenase mucrofibrase-4
Beta-fibrinogenase mucrofibrase-5
Alpha-fibrinogenase albofibrase
Factor V activator RVV-V alpha
Thrombin-like enzyme bhalternin
Protein C activator
Thrombin-like enzyme chitribrisin
Thrombin-like enzyme ancrod-2
Thrombin-like enzyme batroxobin
Factor V activator RVV-V gamma
Snake venom serine protease PTLE1
Venom plasminogen activator LV-PA
Snake venom serine protease PA
Vitellin-degrading protease
Subtilisin-like protease
Snake venom serine protease KN3
Snake venom serine protease KN7 homolog
Snake venom serine protease KN10
Snake venom serine protease KN13
Snake venom serine protease KN14
Snake venom serine protease 1 homolog
Snake venom serine protease catroxase-1
Snake venom serine protease pallabin
Beta-fibrinogenase mucrofibrase-1
Thrombin-like enzyme gyroxin B2.1
Snake venom serine proteinase 2
Thrombin-like enzyme 2
Snake venom serine protease BPA
Beta-fibrinogenase mucrofibrase-3
Thrombin-like enzyme BpirSP41
Snake venom serine protease 5
Snake venom serine protease serpentokallikrein-2
Snake venom serine proteinase 9
Alpha-fibrinogenase-like
Thrombin-like enzyme cerastotin
Alpha-fibrinogenase
Snake venom serine proteinase 12
Thrombin-like enzyme CPI-enzyme 2
Snake venom serine protease Haly-2
Snake venom serine protease homolog
Thrombin-like enzyme leucurobin
Thrombin-like enzyme cerastocytin
Thrombin-like enzyme stejnobin
Snake venom serine protease ussurin
Venom serine protease Bi-VSP
Snake venom serine protease BITS01A
Snake venom serine protease KN2
Snake venom serine protease KN5
Snake venom serine protease KN9
Platelet-aggregating proteinase PA-BJ
Thrombin-like enzyme kangshuanmei
Serine protease VLSP-1
Alpha- and beta-fibrinogenase OhS1
Venom serine proteinase-like protein
Snake venom serine protease 1
Thrombin-like enzyme bilineobin
Snake venom serine protease catroxase-2
Snake venom serine protease 2
Snake venom serine proteinase 4a
Snake venom serine protease serpentokallikrein-1
Snake venom serine protease 2C
Factor V activator
Thrombin-like enzyme gloshedobin
Snake venom serine protease gussurobin
Thrombin-like enzyme asperase
Snake venom serine proteinase Sp1
Snake venom serine protease salmonase
Thrombin-like enzyme F202
Snake venom serine protease KN1
Thrombin-like enzyme halystase
Thrombin-like enzyme contortrixobin
Alpha- and beta-fibrinogenase stejnefibrase-1
Alpha-fibrinogenase shedaoenase
Thrombin-like enzyme saxthrombin
Snake venom serine protease ussurase
Chymotrypsin-like protease VLCTLP
Serine protease sp-Eoc49
Snake venom serine protease nikobin
Xanthomonalisin
Snake venom serine protease BmSP
Thrombin-like enzyme acutobin
Thrombin-like enzyme flavoxobin
Thrombin-like enzyme 1
Thrombin-like enzyme BpirSP27
Thrombin-like enzyme KN-BJ 2
Snake venom serine protease pallabin-2
Beta-fibrinogenase mucrofibrase-2
Snake venom serine protease Dav-KN
Alpha-fibrinogenase A2
Snake venom serine protease 2A homolog
Snake venom serine proteinase 11
Beta-fibrinogenase brevinase
Thrombin-like enzyme catroxobin-1
Thrombin-like enzyme crotalase
Snake venom serine proteinase 14
Thrombin-like enzyme gyroxin analog
Venom plasminogen activator Haly-PA
Snake venom serine protease pallase
Snake venom serine protease Dav-PA
Beta-fibrinogenase stejnefibrase-2
Snake venom serine protease salmobin
Snake venom serine protease pictobin
Cell wall-associated protease
Snake venom serine proteinase 1
Snake venom serine protease Dav-X
Snake venom serine proteinase 5
Snake venom serine protease CL5
Snake venom serine proteinase 8
Alpha-fibrinogenase A1
Thrombin-like enzyme bothrombin
Thrombin-like enzyme acutin
Beta-fibrinogenase
Beta-fibrinogenase-like
Snake venom serine protease 2B
Inactive snake venom serine proteinase 13
Thrombin-like enzyme ancrod
Venom plasminogen activator
Venom plasminogen activator GPV-PA
Venom plasminogen activator TSV-PA
Snake venom serine protease rhinocerase
Snake venom serine protease BthaTL
Thrombin-like enzyme barnettobin
Snake venom serine protease
Snake venom serine protease HS112
Thrombin-like enzyme gyroxin B1.3
Thrombin-like enzyme gyroxin B1.4
Thrombin-like enzyme TLBm
Thrombin-like enzyme calobin-1
Snake venom serine protease NaSP
Thrombin-like enzyme elegaxobin-1
Serine protease SSP1
Snake venom serine protease CL2
Alpha-fibrinogenase A3
Putative peptidase Cgl1093
Putative rhomboid protease YdcA
PDZ domain-containing protein C23G3.12c
PDZ domain-containing protein C1685.05
Putative hydrolase YtaP
