Bacteriochlorophyll synthase 33 kDa chain
Bacteriochlorophyll synthase 34 kDa chain
Digeranylgeranylglyceryl phosphate synthase
Decaprenyl diphosphate synthase
Trans,polycis-polyprenyl diphosphate synthase
Decaprenyl-phosphate phosphoribosyltransferase
Flaviolin linalyltransferase
Geranylfarnesyl diphosphate synthase
Homogentisate solanesyltransferase, chloroplastic
Isoprenyl transferase 1
Isoprenyl transferase 2
Lycopene elongase
1,4-dihydroxy-2-naphthoate phytyltransferase
Naringenin 8-dimethylallyltransferase 1, chloroplastic
Naringenin 8-dimethylallyltransferase 2, chloroplastic
Nodulation protein NoeC
Flavin prenyltransferase PAD1, mitochondrial
Probable UbiX-like flavin prenyltransferase
Heptaprenylglyceryl phosphate synthase
4-hydroxybenzoate geranyltransferase 2
4-hydroxybenzoate solanesyltransferase
5,10-dihydrophenazine-1-carboxylate 9-dimethylallyltransferase
Flavin prenyltransferase UbiX
UbiA prenyltransferase domain-containing protein 1
Tritrans,polycis-undecaprenyl-diphosphate synthase
(2Z,6E)-farnesyl diphosphate synthase
