Medium-chain specific acyl-CoA dehydrogenase, mitochondrial
Short-chain specific acyl-CoA dehydrogenase, mitochondrial
Adenylate cyclase type 2
Autophagy protein 5
Seipin
Probable GTP diphosphokinase CRSH2, chloroplastic
Probable GTP diphosphokinase CRSH3, chloroplastic
Probable GTP diphosphokinase CRSH, chloroplastic
Probable GTP diphosphokinase CRSH1, chloroplastic
DNA protection during starvation protein
6-phosphofructo-2-kinase/fructose-2,6-bisphosphatase 1
Follistatin-related protein 1
Ghrelin
Glucagon
Glucagon receptor
Guanosine-5'-triphosphate,3'-diphosphate pyrophosphatase
Hydroxymethylglutaryl-CoA lyase, mitochondrial
Heat shock protein 68
GTP:AMP phosphotransferase AK3, mitochondrial
Guanosine-3',5'-bis(diphosphate) 3'-pyrophosphohydrolase MESH1
Mitogen-activated protein kinase 14B
Mitogen-activated protein kinase 14A
Probable G-protein coupled receptor Mth-like 3
Probable G-protein coupled receptor Mth-like 7
Probable G-protein coupled receptor Mth-like 10
Probable G-protein coupled receptor Mth-like 2
Probable G-protein coupled receptor Mth-like 5
Probable G-protein coupled receptor Mth-like 11
Probable G-protein coupled receptor Mth-like 6
Probable G-protein coupled receptor Mth-like 9
Probable G-protein coupled receptor Mth-like 12
Probable G-protein coupled receptor Mth-like 4
Probable G-protein coupled receptor Mth-like 8
Nucleobindin-2
 kinase isozyme 4, mitochondrial
Protein-L-isoaspartate O-methyltransferase
Adenylosuccinate synthetase isozyme 1
Adenylosuccinate lyase
GTP pyrophosphokinase
Probable GTP diphosphokinase RSH3, chloroplastic
Reduced viability upon starvation protein 161
Succinyl-CoA:3-ketoacid coenzyme A transferase 1, mitochondrial
SH3-containing GRB2-like protein 3-interacting protein 1
Somatotropin
Slowpoke-binding protein
Guanosine-3',5'-bis(diphosphate) 3'-pyrophosphohydrolase
Stringent starvation protein A
Acetyl-CoA acetyltransferase, mitochondrial
Tristetraprolin
Serine/threonine-protein kinase ULK1
