Catalase
Catalase-2
Catalase-1
Chaperone protein ClpB3, mitochondrial
Chaperone protein ClpB1
Derlin-1
DNA ligase 1
Probable zinc metallopeptidase EGY3, chloroplastic
Glucose-6-phosphate 1-dehydrogenase
Glutamate--cysteine ligase
Glutathione S-transferase P 10
Hemoglobin subunit beta
Hydroxylamine reductase
17.4 kDa class I heat shock protein
Hsp70-Hsp90 organizing protein 3
18.8 kDa class V heat shock protein
22.3 kDa class VI heat shock protein
23.2 kDa heat shock protein
26.5 kDa heat shock protein, mitochondrial
Heat shock 70 kDa protein 8
18.1 kDa class I heat shock protein
16.0 kDa heat shock protein, peroxisomal
17.4 kDa class III heat shock protein
17.7 kDa class I heat shock protein
25.3 kDa heat shock protein, chloroplastic
Inositol-3-phosphate synthase isozyme 2
Importin subunit alpha-3
Mitogen-activated protein kinase 7
Oxidized low-density lipoprotein receptor 1
Purple acid phosphatase 17
Protein phosphatase 1 regulatory subunit 15B
RNA pseudouridine synthase 1
DEAD-box ATP-dependent RNA helicase 38
Glutathione S-transferase YfcF
Probable cytochrome c peroxidase
