Actin-depolymerizing factor 5
L-asparaginase 1
Probable beta-glucosidase A
Calmodulin-6
Calpain-10
Calmodulin-like protein 8
Mitogen-activated protein kinase CPK1
Cell death-related nuclease 6
DDRGK domain-containing protein 1
Probable ATP-dependent RNA helicase DDX43
NADP-specific glutamate dehydrogenase
Depactin
Endo-1,3(4)-beta-glucanase 2
Protein FAM126B
Protein FAM49A
GTP-binding protein ERG
FSD1-like protein
Glyceraldehyde-3-phosphate dehydrogenase
GPN-loop GTPase 3
Glutathione reductase
1-(5-phosphoribosyl)-5- imidazole-4-carboxamide isomerase
Imidazole glycerol phosphate synthase subunit HisH
Imidazole glycerol phosphate synthase subunit HisH 1
Imidazole glycerol phosphate synthase subunit HisH 2
Hydroxyproline-rich systemin A
Heat shock 70 kDa protein
Hydroxyproline-rich systemin B
Stress-activated protein kinase JNK
Stress-activated protein kinase JNK-1
Galectin-related protein
Liprin-beta-2
Lymphocyte antigen 6A-2/6E-1
Mitogen-activated protein kinase-binding protein 1
Multiple C2 and transmembrane domain-containing protein 1
Mitogen-activated protein kinase kinase 3
Mitogen-activated protein kinase MKC1
Mitogen-activated protein kinase homolog MMK2
Mitogen-activated protein kinase 6
Mitogen-activated protein kinase 19
Mitogen-activated protein kinase 5
Mitogen-activated protein kinase 13
Mitogen-activated protein kinase 16
Mitogen-activated protein kinase mpkC
Mitogen-activated protein kinase 10
Mitogen-activated protein kinase homolog 1
Mitogen-activated protein kinase 11
Mitogen-activated protein kinase 14
Mitogen-activated protein kinase 15
Mitogen-activated protein kinase 2
Mitogen-activated protein kinase 3
Mitogen-activated protein kinase 4
Mitogen-activated protein kinase 7
Mitogen-activated protein kinase 8
Mitogen-activated protein kinase 17
Mitogen-activated protein kinase 20
Mitogen-activated protein kinase 9
Mitogen-activated protein kinase homolog D5
Mitogen-activated protein kinase homolog NTF4
Protein NRDE2 homolog
Mitogen-activated protein kinase homolog NTF3
Mitogen-activated protein kinase homolog NTF6
Calpain-like protease palB/RIM13
Calpain-like protease palB/cpr-8
Poly  polymerase 8
3',5'-cyclic-nucleotide phosphodiesterase 1
Calcipressin-1
ATP-dependent DNA helicase RecQ
RNA polymerase II assembly factor RTP1
Radial spoke head protein 6 homolog A
Schlafen family member 13
Growth hormone variant
Sporulation-specific protein 77
Cell-death-related nuclease 7
TRAF-interacting protein with FHA domain-containing protein A
ATP-dependent DNA helicase UvrD2
WD repeat-containing protein wdr-5.3
TPR-containing protein DDB_G0280363
Putative serine/threonine-protein kinase C05D10.2
