Calcium and calcium/calmodulin-dependent serine/threonine-protein kinase
Calcium and calcium/calmodulin-dependent serine/threonine-protein kinase DMI-3
GDP-L-fucose synthase
Flotillin-like protein 6
Flotillin-like protein 1
GDP-mannose 4,6-dehydratase
Host-inducible protein A
Probable 2-isopropylmalate synthase
Early nodulin-12B
Early nodulin-16
Nodulin-30
Early nodulin-12A
Early nodulin-20
Nodulin-23
Early nodulin-40
Early nodulin-75
Chitooligosaccharide deacetylase
Nodulation protein F
Nodulation protein G
Glutamine--fructose-6-phosphate aminotransferase
Nodulation protein NoeA
Nodulation protein NolJ
Early nodulin-10
Nodulation protein NolS
Nodulation protein NolU
Protein nfe1
Early nodulin-36B
Early nodulin-40 homolog
Early nodulin-5
Nodulation protein N
Nodulation protein NolV
Nodulation protein NolW
Effector protein NopP
N-acetylglucosaminyltransferase
Nodulation protein L
Nodulation protein NolB
Nodulation protein K
Nodulation outer protein L
Nodulin-21
Nodulin-26B
Nodulin-27
Early nodulin-36A
Nodulin-C51
Nodulin-1
2-O-methyltransferase NoeI
Nodulation protein NolP
Nodulation protein NolX
Early nodulin-12
Nodulin-44
Early nodulin-93
Nodulation protein O
Nodulation outer protein X
