Protein ATS1
Probable cytosolic iron-sulfur protein assembly protein 1
Probable cytosolic Fe-S cluster assembly factor SJAG_02895
Cytosolic Fe-S cluster assembly factor CFD1
tRNA
Cytosolic iron-sulfur protein assembly protein 1
Cytoplasmic tRNA 2-thiolation protein 1
Cytoplasmic tRNA 2-thiolation protein 2
Cytoplasmic tRNA 2-thiolation protein 2-B
Cytoplasmic tRNA 2-thiolation protein 2-A
Diphthamide biosynthesis protein 3
Elongator complex protein 6 homolog
Casein kinase I homolog HRR25
Iron sulfur cluster assembly protein 2, mitochondrial
Iron sulfur cluster assembly protein 1, mitochondrial
tRNA 5-methylaminomethyl-2-thiouridine biosynthesis bifunctional protein MnmC
tRNA uridine 5-carboxymethylaminomethyl modification enzyme MnmG 2
tRNA uridine 5-carboxymethylaminomethyl modification enzyme MnmG 1
Protein MTO1 homolog, mitochondrial
Cytosolic Fe-S cluster assembly factor nbp35
Cytosolic Fe-S cluster assembly factor NBP35
Cysteine desulfurase, mitochondrial
Serine/threonine-protein phosphatase PP1-1
SIT4-associating protein SAP190
SIT4-associating protein SAP185
tRNA 2-selenouridine synthase
Ubiquitin-related modifier 1
Ubiquitin-related modifier 1 homolog
Ubiquitin-related modifier 1 homolog 2
Ubiquitin-related modifier 1-1
Ubiquitin-related modifier 1-2
Ubiquitin-related modifier 1 homolog 1
CTU1/ATPBD3 family protein MJ1478
CTU1/ATPBD3 family protein MJ1157
