Afimbrial adhesin AFA-I
Afimbrial adhesin AFA-III
AAF/I fimbrial subunit
Major structural subunit of bundle-forming pilus
CFA/I fimbrial subunit C
CFA/I fimbrial subunit A
CFA/I fimbrial subunit E
Major curlin subunit
Minor curlin subunit
Pilus tip adhesin Cpa
CS1 fimbrial subunit A
CS1 fimbrial subunit B
CS6 fimbrial subunit A
CS6 fimbrial subunit B
F1845 fimbrial protein
Dr hemagglutinin structural subunit
Common pilus major fimbrillin subunit EcpA
Fimbria adhesin EcpD
Fimbrial protein EcpA
Fimbrial protein EcpB
Laminin-binding fimbrial subunit ElfA
Fimbrial protein EcpD
Fimbrial protein EcpC
Fimbrial subunit ElfA
F17a-G fimbrial adhesin
F17c-G fimbrial adhesin
F17f-G fimbrial adhesin
F17g-G fimbrial adhesin
K88 minor fimbrial subunit FaeJ
K88 minor fimbrial subunit FaeH
Fap1 adhesin
K88 minor fimbrial subunit FaeF
K88 fimbrial protein AB
F17b-G fimbrial adhesin
K88 fimbrial protein AC
Fimbrial subunit type 1
Type-1 fimbrial protein, A chain
Protein FimF
Protein FimH
F17d-G fimbrial adhesin
F17e-G fimbrial adhesin
K88 fimbrial protein A
K88 fimbrial protein AD
K88 minor fimbrial subunit FaeI
K99 fimbrial protein
Protein FanF
Protein FanG
Fimbrial protein
CFA/I fimbrial subunit B
F7-1 fimbrial protein
F7-2 fimbrial protein
CS5 fimbrial subunit
Probable minor fimbrial protein
Protein FanH
Fimbrial-like protein FimF
Putative fimbrin-like protein FimI
Protein FhaE
Type-1 fimbrial protein, C chain
Fimbrin-like protein FimI
F41 fimbrial protein
Fimbrial protein FimX
Fimbrin sef21
Type-1 fimbrial protein subunit
Protein FimG
Fimbrial subunit type 2
Fimbrial subunit type 3
Fimbrial protein MS11-D3A
Protein FimA
Fimbriae Y protein
Serotype 3 fimbrial subunit
F17 fimbrial protein
KS71A fimbrillin
Serotype 2 fimbrial subunit
F107 fimbrial protein
Fimbrial protein 1
Fimbrial protein 987P
Fimbria A protein
CS3 fimbrial subunit A
Fimbrial protein MS11-D1
Flexible pilin
Fimbrial protein P9-2
Major fimbrial subunit
Minor fimbrial subunit HifE
Hrp pili protein HrpA
Protein LpfD
Protein LpfE
Probable major fimbrial subunit LpfA
Probable minor fimbrial subunit LpfD
Long polar fimbria protein A
Probable fimbrial subunit LpfE
Protein MrkF
Fimbria adhesin protein
Major MR/P fimbria protein
Fimbrial protein MyfA
Fimbrial adapter PapK
PAP fimbrial minor pilin protein
Pap fimbrial major pilin protein
Fimbrial adhesin PapG
Fimbrial adapter PapF
Fimbrial protein PapE
Pilin
Type IV pilus biogenesis factor PilY1 homolog PD_0023
Putative minor fimbrial subunit PmfE
Type IV pilus biogenesis factor PilY1 homolog PD_0502
Type IV pilus biogenesis factor PilY1
Prepilin peptidase-dependent protein D homolog
Putative minor fimbrial subunit PmfF
Prepilin peptidase-dependent protein D
PRS fimbrial major pilin protein
Fimbrial protein PrsE
Protein PrsK
pH 6 antigen
Minor fimbrial protein PrsF
Fimbrial protein PrsG
PRS fimbrial minor pilin protein
S-fimbrial protein subunit SfaH
S-fimbrial adhesin protein SfaS
S-fimbrial protein subunit SfaG
S-fimbrial protein subunit SfaA
Major fimbrial subunit SMF-1
Toxin coregulated pilin
