14-3-3 protein epsilon
14-3-3 protein zeta/delta
Abl interactor 2
Actin, cytoplasmic 2
ADP/ATP translocase 2
Activin receptor type-1B
AKT-interacting protein
Activating molecule in BECN1-regulated autophagy protein 1
Protein crossbronx-like
Anaphase-promoting complex subunit 2
Beta-arrestin-1
Beta-arrestin-2
Cyclic AMP-dependent transcription factor ATF-6 alpha
Axin-2
Axin-1
BAG family molecular chaperone regulator 5
BAG family molecular chaperone regulator 4
B-cell lymphoma/leukemia 10
Aurora kinase A
Bax inhibitor 1
Apoptosis regulator Bcl-2
Beclin-1
BH3-interacting domain death agonist
CDK2-associated and cullin domain-containing protein 1
Calreticulin
Caspase-8
Cystathionine beta-synthase
Caspase-10
Protein CASC3
Cyclin-dependent kinase inhibitor 1
Coiled-coil domain-containing protein 50
Serine/threonine-protein kinase Chk2
Cell division control protein 53
Putative cullin-like protein 4
Putative cullin-like protein 1
Cullin-like protein 3
Clusterin
Putative cullin-like protein 2
Cysteine-rich receptor-like protein kinase 27
Cullin-3B
Cullin-5
Cullin-3
Cullin-2
Cullin-1
Cullin-4
Cullin-4B
Cullin-3A
Death domain-associated protein 6
Disks large homolog 3
DnaJ homolog subfamily A member 1
Dynamin-1-like protein
E3 SUMO-protein ligase EGR2
Erlin-2
Enhancer of split m6 protein
Epidermal growth factor receptor
Enhancer of split m4 protein
Receptor tyrosine-protein kinase erbB-2
Enhancer of split malpha protein
FAS-associated factor 2
FAS-associated factor 1
Forkhead box protein O1
Bis(5'-adenosyl)-triphosphatase
Receptor-type tyrosine-protein kinase FLT3
Frizzled-6
Frizzled-8
Gamma-aminobutyric acid receptor-associated protein
Gamma-aminobutyric acid receptor-associated protein-like 2
Glucose-6-phosphate isomerase
Gamma-aminobutyric acid receptor-associated protein-like 1
Frizzled-5
Gametogenetin
Golgin-45
Glutamate receptor ionotropic, kainate 2
Glycogen synthase kinase-3 beta
Prosaposin receptor GPR37
Stress-70 protein, mitochondrial
H-2 class II histocompatibility antigen, A beta chain
Cell death protein hid
Hypoxia-inducible factor 1-alpha
Minor histocompatibility antigen H13
Eukaryotic translation initiation factor 4E type 2
Inhibitor of nuclear factor kappa-B kinase subunit epsilon
NF-kappa-B inhibitor alpha
Type II iodothyronine deiodinase
JNK1/MAPK8-associated membrane protein
cAMP-dependent protein kinase type II-beta regulatory subunit
Tyrosine-protein kinase JAK1
cAMP-dependent protein kinase catalytic subunit beta
Creatine kinase B-type
cAMP-dependent protein kinase type I-alpha regulatory subunit
cAMP-dependent protein kinase type II-alpha regulatory subunit
cAMP-dependent protein kinase catalytic subunit alpha
Leucine-rich PPR motif-containing protein, mitochondrial
Tyrosine-protein kinase Lyn
Melanoma-associated antigen C2
Melanocortin receptor 4
Melanoma-associated antigen 2
Mitogen-activated protein kinase kinase kinase 7
Microtubule-associated proteins 1A/1B light chain 3C
Mitofusin-2
Microtubule-associated proteins 1A/1B light chain 3B
Ubiquitin-conjugating enzyme spm2
Modulator of apoptosis 1
Microtubule-associated proteins 1A/1B light chain 3A
Melanocyte-stimulating hormone receptor
Myoblast determination protein 1
Protein male-specific lethal-1
Myc proto-oncogene protein
NADH dehydrogenase  iron-sulfur protein 2, mitochondrial
NEDD8
Protein naked cuticle homolog 2
NF-kappa-B essential modulator
Serine/threonine-protein kinase NLK
Serine/threonine-protein kinase NLK2
Nuclear protein localization protein 4
Lipoamide acyltransferase component of branched-chain alpha-keto acid dehydrogenase complex, mitochondrial
Proliferation-associated protein 2G4
Phosphatidylinositol 3-kinase regulatory subunit alpha
Paired box protein Pax-6
Poly(rC)-binding protein 2
Period circadian protein homolog 1
Period circadian protein homolog 3
Serine/threonine-protein kinase PINK1, mitochondrial
POU domain, class 5, transcription factor 1
Protein peanut
Peroxiredoxin-6
Peroxisome proliferator-activated receptor gamma coactivator 1-alpha
Proline-rich protein 5-like
Probable 26S protease regulatory subunit 4
Tyrosine-protein phosphatase non-receptor type 22
Ras-related protein Ral-B
Ras-related protein Ral-A
Replication protein A 32 kDa subunit
Retinoblastoma-associated protein
Receptor-interacting serine/threonine-protein kinase 1
DNA-directed RNA polymerase II subunit RPB1
Cell death protein rpr
Ras-related GTP-binding protein A
Solute carrier family 22 member 18
Secretory carrier-associated membrane protein 3
G-type lectin S-receptor-like serine/threonine-protein kinase SD1-1
Receptor-like serine/threonine-protein kinase SD1-6
Signal-induced proliferation-associated 1-like protein 1
G-type lectin S-receptor-like serine/threonine-protein kinase SD1-29
Receptor-like serine/threonine-protein kinase SD1-7
G-type lectin S-receptor-like serine/threonine-protein kinase SD1-13
G-type lectin S-receptor-like serine/threonine-protein kinase SD2-5
SMC5-SMC6 complex localization factor protein 2
Structural maintenance of chromosomes protein 6
Protein SNA3
Synphilin-1
Septin-1
SMC5-SMC6 complex localization factor protein 1
Mothers against decapentaplegic homolog 7
Spartin
Speckle-type POZ protein
Stimulator of interferon genes protein
Polycomb protein sop-2
Signal recognition particle receptor subunit beta
Small ubiquitin-related modifier 2
Small ubiquitin-related modifier 1
TRAF family member-associated NF-kappa-B activator
Tubulin alpha-1B chain
Tubulin beta-5 chain
TRIO and F-actin-binding protein
Tubulin beta chain
TGF-beta receptor type-1
Transcription factor p65
Toll-interacting protein
Triosephosphate isomerase
Transmembrane protein 189
Tumor necrosis factor receptor superfamily member 16
Tumor necrosis factor receptor superfamily member 3
Tumor necrosis factor receptor superfamily member 5
Thioredoxin-interacting protein
Ubiquitin-conjugating enzyme E2 J2-like
Ubiquitin-conjugating enzyme E2 13
Probable ubiquitin-conjugating enzyme E2 C
Ubiquitin-conjugating enzyme E2 J1
Ubiquitin-conjugating enzyme E2 variant 2
Ubiquitin-conjugating enzyme E2 U
UBX domain-containing protein 1
Ubiquitin-conjugating enzyme E2 variant 1
Probable ubiquitin-conjugating enzyme E2 17
Ubiquitin-conjugating enzyme E2 1
Probable ubiquitin-conjugating enzyme E2 23
Ubiquitin-conjugating enzyme E2 2
Ubiquitin-conjugating enzyme E2 pex4
Probable ubiquitin-conjugating enzyme E2 N
Probable ubiquitin-conjugating enzyme E2 W
Ubiquitin-conjugating enzyme E2 Z
UBX domain-containing protein 7
Ubiquitin-conjugating enzyme E2 J2
Probable ubiquitin-conjugating enzyme E2 37
Probable ubiquitin-conjugating enzyme E2 variant
NEDD8-activating enzyme E1 regulatory subunit
Probable ubiquitin-conjugating enzyme E2 24
Probable ubiquitin-conjugating enzyme E2 33
Ubiquitin-conjugating enzyme E2 16
Probable ubiquitin-conjugating enzyme E2 21
Probable ubiquitin-conjugating enzyme E2 25
Probable ubiquitin-conjugating enzyme E2 16
Probable ubiquitin-conjugating enzyme E2 18
Ubiquitin-conjugating enzyme E2 6
Ubiquitin-conjugating enzyme E2 variant 1C
Ubiquitin-conjugating enzyme E2-20 kDa
Ubiquitin-conjugating enzyme E2 14
Ubiquitin-conjugating enzyme E2-18 kDa
Ubiquitin-conjugating enzyme E2 variant 1A
Ubiquitin-conjugating enzyme E2 variant 1B
WAS protein family homolog 1
X-ray repair cross-complementing protein 5
G-type lectin S-receptor-like serine/threonine-protein kinase At1g61490
G-type lectin S-receptor-like serine/threonine-protein kinase At1g61360
G-type lectin S-receptor-like serine/threonine-protein kinase At1g61500
G-type lectin S-receptor-like serine/threonine-protein kinase At1g61430
G-type lectin S-receptor-like serine/threonine-protein kinase At1g61440
G-type lectin S-receptor-like serine/threonine-protein kinase At1g61420
G-type lectin S-receptor-like serine/threonine-protein kinase At1g61550
G-type lectin S-receptor-like serine/threonine-protein kinase At1g61390
G-type lectin S-receptor-like serine/threonine-protein kinase At1g61480
G-type lectin S-receptor-like serine/threonine-protein kinase At1g61370
Zinc finger protein 746
