Probable xyloglucan endotransglucosylase/hydrolase protein 12
Xyloglucan endotransglucosylase/hydrolase protein 15
Xyloglucan endotransglucosylase/hydrolase 1
Probable xyloglucan endotransglucosylase/hydrolase protein 25
Probable xyloglucan endotransglucosylase/hydrolase protein 28
Probable xyloglucan endotransglucosylase/hydrolase protein 33
Probable xyloglucan endotransglucosylase/hydrolase protein 6
Probable xyloglucan endotransglucosylase/hydrolase 1
Probable xyloglucan endotransglucosylase/hydrolase protein 29
Xyloglucan endotransglucosylase/hydrolase protein 14
Probable xyloglucan endotransglucosylase/hydrolase protein 19
Xyloglucan endotransglucosylase/hydrolase protein 22
Xyloglucan endotransglucosylase/hydrolase protein 24
Probable xyloglucan endotransglucosylase/hydrolase protein 32
Probable xyloglucan endotransglucosylase/hydrolase protein 5
Xyloglucan endotransglycosylase/hydrolase protein 8
Probable xyloglucan endotransglucosylase/hydrolase
Probable xyloglucan endotransglucosylase/hydrolase protein 10
Putative xyloglucan endotransglucosylase/hydrolase protein 13
Probable xyloglucan endotransglucosylase/hydrolase protein 16
Putative xyloglucan endotransglucosylase/hydrolase protein 1
Probable xyloglucan endotransglucosylase/hydrolase protein 21
Probable xyloglucan endotransglucosylase/hydrolase protein 23
Probable xyloglucan endotransglucosylase/hydrolase protein 26
Xyloglucan endotransglucosylase/hydrolase protein 2
Probable xyloglucan endotransglucosylase/hydrolase protein 18
Xyloglucan endotransglucosylase/hydrolase protein 20
Probable xyloglucan endotransglucosylase/hydrolase protein 27
Xyloglucan endotransglucosylase/hydrolase protein 31
Xyloglucan endotransglucosylase/hydrolase protein 9
Probable xyloglucan endotransglucosylase/hydrolase protein 30
Xyloglucan endotransglucosylase/hydrolase protein 3
Probable xyloglucan endotransglucosylase/hydrolase protein 7
Probable xyloglucan endotransglucosylase/hydrolase protein B
Probable xyloglucan endotransglucosylase/hydrolase protein 11
Probable xyloglucan endotransglucosylase/hydrolase protein 17
Xyloglucan endotransglucosylase/hydrolase 2
Xyloglucan endotransglucosylase/hydrolase protein 4
Probable xyloglucan endotransglucosylase/hydrolase protein 8
Xyloglucan endotransglucosylase/hydrolase protein A
