[Ff]lags?
[Jj]1
[Nn]ames?
[pP]\s*[\<\>]\s*0?\.\d+.*
[Pp]ermits?
[Rr]amp
[Rr]apes?
[Rr]ays?
[sS]mall white
[sS]pots?
\d{1,2}\.?\d*\s*%.*
\d+
\d+.+\d
\d+\-\d+\s+\w+
0
1
2
3
3A
4
5
6
7
8
9
a
aboard
about
above
across
after
again
against
ago
all
almost
along
also
although
always
am
amid
among
an
and
another
any
are
around
as
Ass
at
be
because
been
before
behind
being
below
beneath
beside
besides
between
beyond
bias
both
but
by
can
case
Cat[^s]
CD\d+
CDS
clock
codon
concerning
considering
could
despite
did
do
does
done
down
due
during
each
either
enough
especially
etc
except
excepting
excluding
Fishers?
following
for
found
from
further
gap
had
has
have
having
here
how
however
i
if
ii
iii
impact
in
inside
into
is
it
its
itself
iv
ix
just
kg
km
lack
like
made
mainly
make
mates?
may
mg
might
minus
mm
most
mostly
must
near
nearly
neither
no
none
nor
obtained
of
off
often
OH
on
onto
opposite
or
our
outside
over
overall
p\d+
past
per
perhaps
pH\s*\d{1,2}\.?\d{0,2}.*
plus
protein
quite
rather
really
regarding
round
save
seem
seen
several
should
show
showed
shown
shows
significantly
since
so
some
spe[Nn]ematodes?
species
sub
such
T7
Tbr
term
than
that
the
the 
their
theirs
them
then
there
therefore
these
they
this
those
through
thus
to
toward
towards
under
underneath
unlike
until
up
upon
use
used
using
various
versus
very
vi
via
vii
viii
was
we
were
what
when
whence
where
whereby
wherein
whereupon
which
while
who
why
with
within
without
would
Yu
populations
nodal
li
path
none
de
root
phylogenetic tree